Component: ARM Compiler 5.06 update 7 (build 960) Tool: armlink [4d3601]

==============================================================================

Section Cross References

    main.o(i.SysTick_Config) refers to main.o(i.__NVIC_SetPriority) for __NVIC_SetPriority
    main.o(i.SysTick_Handler) refers to main.o(.data) for second
    main.o(i.UART0_IRQHandler) refers to main.o(.data) for tempo
    main.o(i.UART0_IRQHandler) refers to main.o(.bss) for rx_buf
    main.o(i.main) refers to _printf_percent.o(.ARM.Collect$$_printf_percent$$00000000) for _printf_percent
    main.o(i.main) refers to _printf_c.o(.ARM.Collect$$_printf_percent$$00000013) for _printf_c
    main.o(i.main) refers to _printf_str.o(.text) for _printf_str
    main.o(i.main) refers to _printf_pad.o(.text) for _printf_pre_padding
    main.o(i.main) refers to _printf_d.o(.ARM.Collect$$_printf_percent$$00000009) for _printf_d
    main.o(i.main) refers to _printf_dec.o(.text) for _printf_int_dec
    main.o(i.main) refers to uart0.o(i.UART0_Init) for UART0_Init
    main.o(i.main) refers to klaw.o(i.Klaw_Init) for Klaw_Init
    main.o(i.main) refers to rtcclock.o(i.RTC_Init) for RTC_Init
    main.o(i.main) refers to lcd1602.o(i.LCD1602_Init) for LCD1602_Init
    main.o(i.main) refers to tpm.o(i.PWM_Init) for PWM_Init
    main.o(i.main) refers to lcd1602.o(i.LCD1602_Backlight) for LCD1602_Backlight
    main.o(i.main) refers to rtcclock.o(i.time_write) for time_write
    main.o(i.main) refers to rtcclock.o(i.RTC_Read) for RTC_Read
    main.o(i.main) refers to rtcclock.o(i.time_read) for time_read
    main.o(i.main) refers to adc.o(i.ADC_Init) for ADC_Init
    main.o(i.main) refers to lcd1602.o(i.LCD1602_SetCursor) for LCD1602_SetCursor
    main.o(i.main) refers to lcd1602.o(i.LCD1602_Print) for LCD1602_Print
    main.o(i.main) refers to noretval__2sprintf.o(.text) for __2sprintf
    main.o(i.main) refers to klaw.o(i.contact_vibration) for contact_vibration
    main.o(i.main) refers to lcd1602.o(i.LCD1602_ClearAll) for LCD1602_ClearAll
    main.o(i.main) refers to aeabi_sdiv.o(.text) for __aeabi_uidivmod
    main.o(i.main) refers to main.o(i.SysTick_Config) for SysTick_Config
    main.o(i.main) refers to klaw.o(i.read_keypad) for read_keypad
    main.o(i.main) refers to alarm.o(i.enter_passwd) for enter_passwd
    main.o(i.main) refers to alarm.o(i.alarm) for alarm
    main.o(i.main) refers to alarm.o(i.admin_setup) for admin_setup
    main.o(i.main) refers to alarm.o(i.enter_user_passwd) for enter_user_passwd
    main.o(i.main) refers to alarm.o(i.user_setup) for user_setup
    main.o(i.main) refers to main.o(.data) for display
    main.o(i.main) refers to system_mkl05z4.o(.data) for SystemCoreClock
    main.o(i.main) refers to rtcclock.o(i.set_hour) for set_hour
    main.o(i.main) refers to rtcclock.o(i.set_minute) for set_minute
    main.o(i.main) refers to rtcclock.o(i.set_second) for set_second
    main.o(i.main) refers to rtcclock.o(i.set_monthday) for set_monthday
    main.o(i.main) refers to rtcclock.o(i.set_month) for set_month
    main.o(i.main) refers to rtcclock.o(i.set_year) for set_year
    main.o(i.main) refers to rtcclock.o(i.set_weekday) for set_weekday
    main.o(i.main) refers to strcmp.o(.text) for strcmp
    main.o(i.main) refers to alarm.o(i.armed) for armed
    main.o(i.main) refers to rtcclock.o(.bss) for data
    main.o(i.main) refers to main.o(.bss) for rx_buf
    klaw.o(i.contact_vibration) refers to klaw.o(i.read_keypad) for read_keypad
    i2c.o(i.I2C_Ping) refers to i2c.o(i.i2c_enable) for i2c_enable
    i2c.o(i.I2C_Ping) refers to i2c.o(i.i2c_tran) for i2c_tran
    i2c.o(i.I2C_Ping) refers to i2c.o(i.i2c_m_start) for i2c_m_start
    i2c.o(i.I2C_Ping) refers to i2c.o(i.i2c_send) for i2c_send
    i2c.o(i.I2C_Ping) refers to i2c.o(i.i2c_wait) for i2c_wait
    i2c.o(i.I2C_Ping) refers to i2c.o(i.i2c_m_stop) for i2c_m_stop
    i2c.o(i.I2C_Ping) refers to i2c.o(i.i2c_disable) for i2c_disable
    i2c.o(i.I2C_Ping) refers to i2c.o(.data) for error
    i2c.o(i.I2C_Read) refers to i2c.o(i.i2c_enable) for i2c_enable
    i2c.o(i.I2C_Read) refers to i2c.o(i.i2c_tran) for i2c_tran
    i2c.o(i.I2C_Read) refers to i2c.o(i.i2c_m_start) for i2c_m_start
    i2c.o(i.I2C_Read) refers to i2c.o(i.i2c_send) for i2c_send
    i2c.o(i.I2C_Read) refers to i2c.o(i.i2c_wait) for i2c_wait
    i2c.o(i.I2C_Read) refers to i2c.o(i.i2c_rec) for i2c_rec
    i2c.o(i.I2C_Read) refers to i2c.o(i.i2c_nack) for i2c_nack
    i2c.o(i.I2C_Read) refers to i2c.o(i.i2c_recv) for i2c_recv
    i2c.o(i.I2C_Read) refers to i2c.o(i.i2c_m_stop) for i2c_m_stop
    i2c.o(i.I2C_Read) refers to i2c.o(i.i2c_disable) for i2c_disable
    i2c.o(i.I2C_Read) refers to i2c.o(.data) for error
    i2c.o(i.I2C_ReadReg) refers to i2c.o(i.i2c_enable) for i2c_enable
    i2c.o(i.I2C_ReadReg) refers to i2c.o(i.i2c_clr_IICIF) for i2c_clr_IICIF
    i2c.o(i.I2C_ReadReg) refers to i2c.o(i.i2c_tran) for i2c_tran
    i2c.o(i.I2C_ReadReg) refers to i2c.o(i.i2c_m_start) for i2c_m_start
[...]
    libinit.o(.ARM.Collect$$libinit$$00000000) refers (Special) to libinit2.o(.ARM.Collect$$libinit$$00000023) for __rt_lib_init_getenv_1
    libinit.o(.ARM.Collect$$libinit$$00000000) refers (Special) to libinit2.o(.ARM.Collect$$libinit$$0000000A) for __rt_lib_init_heap_1
    libinit.o(.ARM.Collect$$libinit$$00000000) refers (Special) to libinit2.o(.ARM.Collect$$libinit$$00000011) for __rt_lib_init_lc_collate_1
    libinit.o(.ARM.Collect$$libinit$$00000000) refers (Special) to libinit2.o(.ARM.Collect$$libinit$$00000013) for __rt_lib_init_lc_ctype_1
    libinit.o(.ARM.Collect$$libinit$$00000000) refers (Special) to libinit2.o(.ARM.Collect$$libinit$$00000015) for __rt_lib_init_lc_monetary_1
    libinit.o(.ARM.Collect$$libinit$$00000000) refers (Special) to libinit2.o(.ARM.Collect$$libinit$$00000017) for __rt_lib_init_lc_numeric_1
    libinit.o(.ARM.Collect$$libinit$$00000000) refers (Special) to libinit2.o(.ARM.Collect$$libinit$$00000019) for __rt_lib_init_lc_time_1
    libinit.o(.ARM.Collect$$libinit$$00000000) refers (Special) to libinit2.o(.ARM.Collect$$libinit$$00000004) for __rt_lib_init_preinit_1
    libinit.o(.ARM.Collect$$libinit$$00000000) refers (Special) to libinit2.o(.ARM.Collect$$libinit$$0000000E) for __rt_lib_init_rand_1
    libinit.o(.ARM.Collect$$libinit$$00000000) refers (Special) to libinit2.o(.ARM.Collect$$libinit$$00000033) for __rt_lib_init_return
    libinit.o(.ARM.Collect$$libinit$$00000000) refers (Special) to libinit2.o(.ARM.Collect$$libinit$$0000001D) for __rt_lib_init_signal_1
    libinit.o(.ARM.Collect$$libinit$$00000000) refers (Special) to libinit2.o(.ARM.Collect$$libinit$$00000025) for __rt_lib_init_stdio_1
    libinit.o(.ARM.Collect$$libinit$$00000000) refers (Special) to libinit2.o(.ARM.Collect$$libinit$$0000000C) for __rt_lib_init_user_alloc_1
    retnan.o(.text) refers (Special) to usenofp.o(x$fpl$usenofp) for __I$use$fp
    retnan.o(.text) refers to cmpret.o(.text) for __fpl_cmpreturn
    libspace.o(.text) refers to libspace.o(.bss) for __libspace_start
    rtexit.o(.ARM.Collect$$rtexit$$00000000) refers (Special) to rtexit2.o(.ARM.Collect$$rtexit$$00000004) for __rt_exit_exit
    rtexit.o(.ARM.Collect$$rtexit$$00000000) refers (Special) to rtexit2.o(.ARM.Collect$$rtexit$$00000003) for __rt_exit_ls
    rtexit.o(.ARM.Collect$$rtexit$$00000000) refers (Special) to rtexit2.o(.ARM.Collect$$rtexit$$00000002) for __rt_exit_prels_1
    rtexit.o(.ARM.exidx) refers (Special) to rtexit2.o(.ARM.Collect$$rtexit$$00000004) for __rt_exit_exit
    rtexit.o(.ARM.exidx) refers (Special) to rtexit2.o(.ARM.Collect$$rtexit$$00000003) for __rt_exit_ls
    rtexit.o(.ARM.exidx) refers (Special) to rtexit2.o(.ARM.Collect$$rtexit$$00000002) for __rt_exit_prels_1
    rtexit.o(.ARM.exidx) refers to rtexit.o(.ARM.Collect$$rtexit$$00000000) for .ARM.Collect$$rtexit$$00000000
    rt_raise.o(.text) refers to __raise.o(.text) for __raise
    rt_raise.o(.text) refers to sys_exit.o(.text) for _sys_exit
    defsig_exit.o(.text) refers to sys_exit.o(.text) for _sys_exit
    defsig_fpe_inner.o(.text) refers to defsig_general.o(.text) for __default_signal_display
    libinit2.o(.ARM.Collect$$libinit$$00000010) refers to libinit2.o(.ARM.Collect$$libinit$$0000000F) for .ARM.Collect$$libinit$$0000000F
    libinit2.o(.ARM.Collect$$libinit$$00000012) refers to libinit2.o(.ARM.Collect$$libinit$$0000000F) for .ARM.Collect$$libinit$$0000000F
    libinit2.o(.ARM.Collect$$libinit$$00000014) refers to libinit2.o(.ARM.Collect$$libinit$$0000000F) for .ARM.Collect$$libinit$$0000000F
    libinit2.o(.ARM.Collect$$libinit$$00000016) refers to libinit2.o(.ARM.Collect$$libinit$$0000000F) for .ARM.Collect$$libinit$$0000000F
    libinit2.o(.ARM.Collect$$libinit$$00000018) refers to libinit2.o(.ARM.Collect$$libinit$$0000000F) for .ARM.Collect$$libinit$$0000000F
    libinit2.o(.ARM.Collect$$libinit$$00000026) refers to argv_veneer.o(.text) for __ARM_argv_veneer
    libinit2.o(.ARM.Collect$$libinit$$00000027) refers to argv_veneer.o(.text) for __ARM_argv_veneer
    sys_exit.o(.text) refers (Special) to use_no_semi.o(.text) for __I$use$semihosting
    sys_exit.o(.text) refers (Special) to indicate_semi.o(.text) for __semihosting_library_function
    rtexit2.o(.ARM.Collect$$rtexit$$00000003) refers to libshutdown.o(.ARM.Collect$$libshutdown$$00000000) for __rt_lib_shutdown
    rtexit2.o(.ARM.Collect$$rtexit$$00000004) refers to sys_exit.o(.text) for _sys_exit
    rtexit2.o(.ARM.exidx) refers to rtexit2.o(.ARM.Collect$$rtexit$$00000001) for .ARM.Collect$$rtexit$$00000001
    rtexit2.o(.ARM.exidx) refers to rtexit2.o(.ARM.Collect$$rtexit$$00000003) for .ARM.Collect$$rtexit$$00000003
    rtexit2.o(.ARM.exidx) refers to rtexit2.o(.ARM.Collect$$rtexit$$00000004) for .ARM.Collect$$rtexit$$00000004
    __raise.o(.text) refers to defsig.o(CL$$defsig) for __default_signal_handler
    defsig_general.o(.text) refers to sys_wrch.o(.text) for _ttywrch
    sys_wrch.o(.text) refers (Special) to use_no_semi.o(.text) for __I$use$semihosting
    sys_wrch.o(.text) refers (Special) to indicate_semi.o(.text) for __semihosting_library_function
    defsig.o(CL$$defsig) refers to defsig_fpe_inner.o(.text) for __rt_SIGFPE_inner
    defsig.o(CL$$defsig) refers to defsig_rtmem_inner.o(.text) for __rt_SIGRTMEM_inner
    _get_argv_nomalloc.o(.text) refers (Special) to hrguard.o(.text) for __heap_region$guard
    _get_argv_nomalloc.o(.text) refers to defsig_rtmem_outer.o(.text) for __rt_SIGRTMEM
    _get_argv_nomalloc.o(.text) refers to sys_command.o(.text) for _sys_command_string
    libshutdown.o(.ARM.Collect$$libshutdown$$00000000) refers (Special) to libshutdown2.o(.ARM.Collect$$libshutdown$$00000004) for __rt_lib_shutdown_cpp_1
    libshutdown.o(.ARM.Collect$$libshutdown$$00000000) refers (Special) to libshutdown2.o(.ARM.Collect$$libshutdown$$00000002) for __rt_lib_shutdown_fini_1
    libshutdown.o(.ARM.Collect$$libshutdown$$00000000) refers (Special) to libshutdown2.o(.ARM.Collect$$libshutdown$$00000009) for __rt_lib_shutdown_fp_trap_1
    libshutdown.o(.ARM.Collect$$libshutdown$$00000000) refers (Special) to libshutdown2.o(.ARM.Collect$$libshutdown$$00000011) for __rt_lib_shutdown_heap_1
    libshutdown.o(.ARM.Collect$$libshutdown$$00000000) refers (Special) to libshutdown2.o(.ARM.Collect$$libshutdown$$00000012) for __rt_lib_shutdown_return
    libshutdown.o(.ARM.Collect$$libshutdown$$00000000) refers (Special) to libshutdown2.o(.ARM.Collect$$libshutdown$$0000000C) for __rt_lib_shutdown_signal_1
    libshutdown.o(.ARM.Collect$$libshutdown$$00000000) refers (Special) to libshutdown2.o(.ARM.Collect$$libshutdown$$00000006) for __rt_lib_shutdown_stdio_1
    libshutdown.o(.ARM.Collect$$libshutdown$$00000000) refers (Special) to libshutdown2.o(.ARM.Collect$$libshutdown$$0000000E) for __rt_lib_shutdown_user_alloc_1
    sys_command.o(.text) refers (Special) to use_no_semi.o(.text) for __I$use$semihosting
    sys_command.o(.text) refers (Special) to indicate_semi.o(.text) for __semihosting_library_function
    defsig_abrt_inner.o(.text) refers to defsig_general.o(.text) for __default_signal_display
    defsig_rtred_inner.o(.text) refers to defsig_general.o(.text) for __default_signal_display
    defsig_rtmem_inner.o(.text) refers to defsig_general.o(.text) for __default_signal_display
    defsig_rtmem_outer.o(.text) refers to defsig_rtmem_inner.o(.text) for __rt_SIGRTMEM_inner
    defsig_rtmem_outer.o(.text) refers to defsig_exit.o(.text) for __sig_exit
    defsig_rtmem_formal.o(.text) refers to rt_raise.o(.text) for __rt_raise
    defsig_stak_inner.o(.text) refers to defsig_general.o(.text) for __default_signal_display
    defsig_pvfn_inner.o(.text) refers to defsig_general.o(.text) for __default_signal_display
    defsig_cppl_inner.o(.text) refers to defsig_general.o(.text) for __default_signal_display
    defsig_segv_inner.o(.text) refers to defsig_general.o(.text) for __default_signal_display
    defsig_other.o(.text) refers to defsig_general.o(.text) for __default_signal_display


==============================================================================

Removing Unused input sections from the image.

    Removing main.o(.rev16_text), (4 bytes).
    Removing main.o(.revsh_text), (4 bytes).
    Removing uart0.o(.rev16_text), (4 bytes).
    Removing uart0.o(.revsh_text), (4 bytes).
    Removing klaw.o(.rev16_text), (4 bytes).
    Removing klaw.o(.revsh_text), (4 bytes).
    Removing i2c.o(.rev16_text), (4 bytes).
    Removing i2c.o(.revsh_text), (4 bytes).
    Removing i2c.o(i.I2C_Ping), (52 bytes).
    Removing i2c.o(i.I2C_Read), (88 bytes).
    Removing lcd1602.o(.rev16_text), (4 bytes).
    Removing lcd1602.o(.revsh_text), (4 bytes).
    Removing lcd1602.o(i.LCD1602_BF_AC), (160 bytes).
    Removing lcd1602.o(i.LCD1602_Blink_Off), (12 bytes).
    Removing lcd1602.o(i.LCD1602_Blink_Off_Cursor_On), (12 bytes).
    Removing lcd1602.o(i.LCD1602_Blink_On), (12 bytes).
    Removing lcd1602.o(i.LCD1602_PL_CH), (324 bytes).
    Removing lcd1602.o(i.LCD1602_PrintNum), (40 bytes).
    Removing lcd1602.o(i.LCD1602_PrintPL), (142 bytes).
    Removing lcd1602.o(i.itoa), (108 bytes).
    Removing rtcclock.o(.rev16_text), (4 bytes).
    Removing rtcclock.o(.revsh_text), (4 bytes).
    Removing alarm.o(.rev16_text), (4 bytes).
    Removing alarm.o(.revsh_text), (4 bytes).
    Removing adc.o(.rev16_text), (4 bytes).
    Removing adc.o(.revsh_text), (4 bytes).
    Removing tpm.o(.rev16_text), (4 bytes).
    Removing tpm.o(.revsh_text), (4 bytes).
    Removing system_mkl05z4.o(.rev16_text), (4 bytes).
    Removing system_mkl05z4.o(.revsh_text), (4 bytes).
    Removing system_mkl05z4.o(i.SystemCoreClockUpdate), (280 bytes).
    Removing system_mkl05z4.o(i.__ARM_common_switch8), (28 bytes).

32 unused section(s) (total 1338 bytes) removed from the image.

==============================================================================

Image Symbol Table

    Local Symbols

    Symbol Name                              Value     Ov Type        Size  Object(Section)

    RESET                                    0x00000000   Section      192  startup_mkl05z4.o(RESET)
    ../clib/angel/boardlib.s                 0x00000000   Number         0  boardinit3.o ABSOLUTE
    ../clib/angel/boardlib.s                 0x00000000   Number         0  boardinit1.o ABSOLUTE
    ../clib/angel/boardlib.s                 0x00000000   Number         0  boardinit2.o ABSOLUTE
    ../clib/angel/boardlib.s                 0x00000000   Number         0  boardshut.o ABSOLUTE
    ../clib/angel/handlers.s                 0x00000000   Number         0  __scatter_zi.o ABSOLUTE
    ../clib/angel/handlers.s                 0x00000000   Number         0  __scatter_copy.o ABSOLUTE
    ../clib/angel/kernel.s                   0x00000000   Number         0  rtexit2.o ABSOLUTE
    ../clib/angel/kernel.s                   0x00000000   Number         0  __rtentry2.o ABSOLUTE
    ../clib/angel/kernel.s                   0x00000000   Number         0  __rtentry4.o ABSOLUTE
    ../clib/angel/kernel.s                   0x00000000   Number         0  __rtentry.o ABSOLUTE
    ../clib/angel/kernel.s                   0x00000000   Number         0  rtexit.o ABSOLUTE
    ../clib/angel/rt.s                       0x00000000   Number         0  rt_raise.o ABSOLUTE
    ../clib/angel/rt.s                       0x00000000   Number         0  rt_div0.o ABSOLUTE
    ../clib/angel/rt.s                       0x00000000   Number         0  aeabi_idiv0_sigfpe.o ABSOLUTE
    ../clib/angel/rt.s                       0x00000000   Number         0  aeabi_idiv0.o ABSOLUTE
    ../clib/angel/scatterp.s                 0x00000000   Number         0  __scatter.o ABSOLUTE
    ../clib/angel/startup.s                  0x00000000   Number         0  __main.o ABSOLUTE
    ../clib/angel/sys.s                      0x00000000   Number         0  use_no_semi.o ABSOLUTE
    ../clib/angel/sys.s                      0x00000000   Number         0  indicate_semi.o ABSOLUTE
    ../clib/angel/sys.s                      0x00000000   Number         0  sys_stackheap_outer.o ABSOLUTE
    ../clib/angel/sys.s                      0x00000000   Number         0  tempstk.o ABSOLUTE
    ../clib/angel/sys.s                      0x00000000   Number         0  libspace.o ABSOLUTE
    ../clib/angel/sysapp.c                   0x00000000   Number         0  sys_exit.o ABSOLUTE
    ../clib/angel/sysapp.c                   0x00000000   Number         0  sys_command.o ABSOLUTE
    ../clib/angel/sysapp.c                   0x00000000   Number         0  sys_wrch.o ABSOLUTE
    ../clib/armsys.c                         0x00000000   Number         0  _get_argv_nomalloc.o ABSOLUTE
    ../clib/armsys.c                         0x00000000   Number         0  argv_veneer.o ABSOLUTE
    ../clib/armsys.c                         0x00000000   Number         0  no_argv.o ABSOLUTE
    ../clib/division.c                       0x00000000   Number         0  rtudiv10.o ABSOLUTE
    ../clib/division.s                       0x00000000   Number         0  aeabi_sdiv_div0.o ABSOLUTE
    ../clib/division.s                       0x00000000   Number         0  aeabi_sdiv.o ABSOLUTE
    ../clib/heapalloc.c                      0x00000000   Number         0  hrguard.o ABSOLUTE
    ../clib/heapaux.c                        0x00000000   Number         0  heapauxi.o ABSOLUTE
    ../clib/libinit.s                        0x00000000   Number         0  libinit2.o ABSOLUTE
    ../clib/libinit.s                        0x00000000   Number         0  libinit.o ABSOLUTE
    ../clib/libinit.s                        0x00000000   Number         0  libshutdown2.o ABSOLUTE
    ../clib/libinit.s                        0x00000000   Number         0  libshutdown.o ABSOLUTE
    ../clib/misc.s                           0x00000000   Number         0  printf_stubs.o ABSOLUTE
    ../clib/printf.c                         0x00000000   Number         0  __printf_flags.o ABSOLUTE
    ../clib/printf.c                         0x00000000   Number         0  __printf_ss.o ABSOLUTE
    ../clib/printf.c                         0x00000000   Number         0  __printf_flags_ss.o ABSOLUTE
    ../clib/printf.c                         0x00000000   Number         0  __printf_wp.o ABSOLUTE
    ../clib/printf.c                         0x00000000   Number         0  __printf_flags_wp.o ABSOLUTE
    ../clib/printf.c                         0x00000000   Number         0  __printf_flags_ss_wp.o ABSOLUTE
    ../clib/printf.c                         0x00000000   Number         0  __printf_ss_wp.o ABSOLUTE
    ../clib/printf.c                         0x00000000   Number         0  _printf_intcommon.o ABSOLUTE
    ../clib/printf.c                         0x00000000   Number         0  _printf_char_common.o ABSOLUTE
    ../clib/printf.c                         0x00000000   Number         0  __printf_nopercent.o ABSOLUTE
    ../clib/printf.c                         0x00000000   Number         0  _sputc.o ABSOLUTE
    ../clib/printf.c                         0x00000000   Number         0  _printf_dec.o ABSOLUTE
    ../clib/printf.c                         0x00000000   Number         0  __2sprintf.o ABSOLUTE
    ../clib/printf.c                         0x00000000   Number         0  noretval__2sprintf.o ABSOLUTE
    ../clib/printf.c                         0x00000000   Number         0  __printf.o ABSOLUTE
    ../clib/printf.c                         0x00000000   Number         0  _printf_pad.o ABSOLUTE
    ../clib/printf.c                         0x00000000   Number         0  _printf_char.o ABSOLUTE
    ../clib/printf.c                         0x00000000   Number         0  _printf_str.o ABSOLUTE
    ../clib/printf_percent.s                 0x00000000   Number         0  _printf_percent.o ABSOLUTE
    ../clib/printf_percent.s                 0x00000000   Number         0  _printf_c.o ABSOLUTE
    ../clib/printf_percent.s                 0x00000000   Number         0  _printf_d.o ABSOLUTE
    ../clib/printf_percent.s                 0x00000000   Number         0  _printf_percent_end.o ABSOLUTE
    ../clib/signal.c                         0x00000000   Number         0  defsig_pvfn_inner.o ABSOLUTE
    ../clib/signal.c                         0x00000000   Number         0  defsig_stak_inner.o ABSOLUTE
    ../clib/signal.c                         0x00000000   Number         0  defsig_fpe_formal.o ABSOLUTE
    ../clib/signal.c                         0x00000000   Number         0  defsig_fpe_outer.o ABSOLUTE
    ../clib/signal.c                         0x00000000   Number         0  defsig_rtmem_formal.o ABSOLUTE
    ../clib/signal.c                         0x00000000   Number         0  defsig_rtmem_outer.o ABSOLUTE
    ../clib/signal.c                         0x00000000   Number         0  defsig_rtmem_inner.o ABSOLUTE
    ../clib/signal.c                         0x00000000   Number         0  defsig_rtred_inner.o ABSOLUTE
    ../clib/signal.c                         0x00000000   Number         0  defsig_abrt_inner.o ABSOLUTE
    ../clib/signal.c                         0x00000000   Number         0  defsig_general.o ABSOLUTE
    ../clib/signal.c                         0x00000000   Number         0  __raise.o ABSOLUTE
    ../clib/signal.c                         0x00000000   Number         0  defsig_fpe_inner.o ABSOLUTE
    ../clib/signal.c                         0x00000000   Number         0  defsig_exit.o ABSOLUTE
    ../clib/signal.c                         0x00000000   Number         0  defsig_other.o ABSOLUTE
    ../clib/signal.c                         0x00000000   Number         0  defsig_segv_inner.o ABSOLUTE
    ../clib/signal.c                         0x00000000   Number         0  defsig_cppl_inner.o ABSOLUTE
    ../clib/signal.s                         0x00000000   Number         0  defsig.o ABSOLUTE
    ../clib/stdlib.c                         0x00000000   Number         0  exit.o ABSOLUTE
    ../clib/stdlib.c                         0x00000000   Number         0  div.o ABSOLUTE
    ../clib/string.c                         0x00000000   Number         0  strcmp.o ABSOLUTE
    ../fplib/cfplib/cmpret.c                 0x00000000   Number         0  cmpret.o ABSOLUTE
    ../fplib/cfplib/dcmpin.c                 0x00000000   Number         0  dcmpin.o ABSOLUTE
    ../fplib/cfplib/ddiv.c                   0x00000000   Number         0  ddiv.o ABSOLUTE
    ../fplib/cfplib/dmul.c                   0x00000000   Number         0  dmul.o ABSOLUTE
    ../fplib/cfplib/fcmpin.c                 0x00000000   Number         0  fcmpin.o ABSOLUTE
    ../fplib/cfplib/ffix.c                   0x00000000   Number         0  dfixui.o ABSOLUTE
    ../fplib/cfplib/fflt.c                   0x00000000   Number         0  fflti.o ABSOLUTE
    ../fplib/cfplib/fflt.c                   0x00000000   Number         0  dflti.o ABSOLUTE
    ../fplib/cfplib/fpinit.c                 0x00000000   Number         0  fpinit.o ABSOLUTE
    ../fplib/cfplib/nan2.c                   0x00000000   Number         0  fnan2.o ABSOLUTE
    ../fplib/cfplib/nan2.c                   0x00000000   Number         0  dnan2.o ABSOLUTE
    ../fplib/cfplib/retnan.c                 0x00000000   Number         0  retnan.o ABSOLUTE
    ../fplib/drleqf6m.s                      0x00000000   Number         0  drlef.o ABSOLUTE
    ../fplib/fmul6m.s                        0x00000000   Number         0  fmul.o ABSOLUTE
    ../fplib/frleqf6m.s                      0x00000000   Number         0  frlef.o ABSOLUTE
    ../fplib/usenofp.s                       0x00000000   Number         0  usenofp.o ABSOLUTE
    ADC.c                                    0x00000000   Number         0  adc.o ABSOLUTE
    ADC.c                                    0x00000000   Number         0  adc.o ABSOLUTE
    RTCclock.c                               0x00000000   Number         0  rtcclock.o ABSOLUTE
    RTCclock.c                               0x00000000   Number         0  rtcclock.o ABSOLUTE
    RTE\Device\MKL05Z32xxx4\startup_MKL05Z4.s 0x00000000   Number         0  startup_mkl05z4.o ABSOLUTE
    RTE\Device\MKL05Z32xxx4\system_MKL05Z4.c 0x00000000   Number         0  system_mkl05z4.o ABSOLUTE
    RTE\\Device\\MKL05Z32xxx4\\system_MKL05Z4.c 0x00000000   Number         0  system_mkl05z4.o ABSOLUTE
    TPM.c                                    0x00000000   Number         0  tpm.o ABSOLUTE
    TPM.c                                    0x00000000   Number         0  tpm.o ABSOLUTE
    alarm.c                                  0x00000000   Number         0  alarm.o ABSOLUTE
    alarm.c                                  0x00000000   Number         0  alarm.o ABSOLUTE
    dc.s                                     0x00000000   Number         0  dc.o ABSOLUTE
    i2c.c                                    0x00000000   Number         0  i2c.o ABSOLUTE
    i2c.c                                    0x00000000   Number         0  i2c.o ABSOLUTE
    klaw.c                                   0x00000000   Number         0  klaw.o ABSOLUTE
    klaw.c                                   0x00000000   Number         0  klaw.o ABSOLUTE
    lcd1602.c                                0x00000000   Number         0  lcd1602.o ABSOLUTE
    lcd1602.c                                0x00000000   Number         0  lcd1602.o ABSOLUTE
    main.c                                   0x00000000   Number         0  main.o ABSOLUTE
    main.c                                   0x00000000   Number         0  main.o ABSOLUTE
    uart0.c                                  0x00000000   Number         0  uart0.o ABSOLUTE
    uart0.c                                  0x00000000   Number         0  uart0.o ABSOLUTE
    !!!main                                  0x000000c0   Section        8  __main.o(!!!main)
    !!!scatter                               0x000000c8   Section       60  __scatter.o(!!!scatter)
    !!handler_copy                           0x00000104   Section       26  __scatter_copy.o(!!handler_copy)
    !!handler_zi                             0x00000120   Section       28  __scatter_zi.o(!!handler_zi)
    .ARM.Collect$$_printf_percent$$00000000  0x0000013c   Section        2  _printf_percent.o(.ARM.Collect$$_printf_percent$$00000000)
    .ARM.Collect$$_printf_percent$$00000009  0x0000013e   Section       10  _printf_d.o(.ARM.Collect$$_printf_percent$$00000009)
    .ARM.Collect$$_printf_percent$$00000013  0x00000148   Section       10  _printf_c.o(.ARM.Collect$$_printf_percent$$00000013)
    .ARM.Collect$$_printf_percent$$00000017  0x00000152   Section        4  _printf_percent_end.o(.ARM.Collect$$_printf_percent$$00000017)
    .ARM.Collect$$libinit$$00000000          0x00000156   Section        2  libinit.o(.ARM.Collect$$libinit$$00000000)
    .ARM.Collect$$libinit$$00000002          0x00000158   Section        0  libinit2.o(.ARM.Collect$$libinit$$00000002)
    .ARM.Collect$$libinit$$00000004          0x00000158   Section        0  libinit2.o(.ARM.Collect$$libinit$$00000004)
    .ARM.Collect$$libinit$$0000000A          0x00000158   Section        0  libinit2.o(.ARM.Collect$$libinit$$0000000A)
    .ARM.Collect$$libinit$$0000000C          0x00000158   Section        0  libinit2.o(.ARM.Collect$$libinit$$0000000C)
    .ARM.Collect$$libinit$$0000000E          0x00000158   Section        0  libinit2.o(.ARM.Collect$$libinit$$0000000E)
    .ARM.Collect$$libinit$$00000011          0x00000158   Section        0  libinit2.o(.ARM.Collect$$libinit$$00000011)
    .ARM.Collect$$libinit$$00000013          0x00000158   Section        0  libinit2.o(.ARM.Collect$$libinit$$00000013)
    .ARM.Collect$$libinit$$00000015          0x00000158   Section        0  libinit2.o(.ARM.Collect$$libinit$$00000015)
    .ARM.Collect$$libinit$$00000017          0x00000158   Section        0  libinit2.o(.ARM.Collect$$libinit$$00000017)
    .ARM.Collect$$libinit$$00000019          0x00000158   Section        0  libinit2.o(.ARM.Collect$$libinit$$00000019)
    .ARM.Collect$$libinit$$0000001B          0x00000158   Section        0  libinit2.o(.ARM.Collect$$libinit$$0000001B)
    .ARM.Collect$$libinit$$0000001D          0x00000158   Section        0  libinit2.o(.ARM.Collect$$libinit$$0000001D)
    .ARM.Collect$$libinit$$0000001F          0x00000158   Section        0  libinit2.o(.ARM.Collect$$libinit$$0000001F)
    .ARM.Collect$$libinit$$00000021          0x00000158   Section        0  libinit2.o(.ARM.Collect$$libinit$$00000021)
    .ARM.Collect$$libinit$$00000023          0x00000158   Section        0  libinit2.o(.ARM.Collect$$libinit$$00000023)
    .ARM.Collect$$libinit$$00000025          0x00000158   Section        0  libinit2.o(.ARM.Collect$$libinit$$00000025)
    .ARM.Collect$$libinit$$0000002C          0x00000158   Section        0  libinit2.o(.ARM.Collect$$libinit$$0000002C)
    .ARM.Collect$$libinit$$0000002E          0x00000158   Section        0  libinit2.o(.ARM.Collect$$libinit$$0000002E)
    .ARM.Collect$$libinit$$00000030          0x00000158   Section        0  libinit2.o(.ARM.Collect$$libinit$$00000030)
    .ARM.Collect$$libinit$$00000032          0x00000158   Section        0  libinit2.o(.ARM.Collect$$libinit$$00000032)
    .ARM.Collect$$libinit$$00000033          0x00000158   Section        2  libinit2.o(.ARM.Collect$$libinit$$00000033)
    .ARM.Collect$$libshutdown$$00000000      0x0000015a   Section        2  libshutdown.o(.ARM.Collect$$libshutdown$$00000000)
    .ARM.Collect$$libshutdown$$00000002      0x0000015c   Section        0  libshutdown2.o(.ARM.Collect$$libshutdown$$00000002)
    .ARM.Collect$$libshutdown$$00000004      0x0000015c   Section        0  libshutdown2.o(.ARM.Collect$$libshutdown$$00000004)
    .ARM.Collect$$libshutdown$$00000006      0x0000015c   Section        0  libshutdown2.o(.ARM.Collect$$libshutdown$$00000006)
    .ARM.Collect$$libshutdown$$00000009      0x0000015c   Section        0  libshutdown2.o(.ARM.Collect$$libshutdown$$00000009)
    .ARM.Collect$$libshutdown$$0000000C      0x0000015c   Section        0  libshutdown2.o(.ARM.Collect$$libshutdown$$0000000C)
    .ARM.Collect$$libshutdown$$0000000E      0x0000015c   Section        0  libshutdown2.o(.ARM.Collect$$libshutdown$$0000000E)
    .ARM.Collect$$libshutdown$$00000011      0x0000015c   Section        0  libshutdown2.o(.ARM.Collect$$libshutdown$$00000011)
    .ARM.Collect$$libshutdown$$00000012      0x0000015c   Section        2  libshutdown2.o(.ARM.Collect$$libshutdown$$00000012)
    .ARM.Collect$$rtentry$$00000000          0x0000015e   Section        0  __rtentry.o(.ARM.Collect$$rtentry$$00000000)
    .ARM.Collect$$rtentry$$00000002          0x0000015e   Section        0  __rtentry2.o(.ARM.Collect$$rtentry$$00000002)
    .ARM.Collect$$rtentry$$00000004          0x0000015e   Section        6  __rtentry4.o(.ARM.Collect$$rtentry$$00000004)
    .ARM.Collect$$rtentry$$00000009          0x00000164   Section        0  __rtentry2.o(.ARM.Collect$$rtentry$$00000009)
    .ARM.Collect$$rtentry$$0000000A          0x00000164   Section        4  __rtentry2.o(.ARM.Collect$$rtentry$$0000000A)
    .ARM.Collect$$rtentry$$0000000C          0x00000168   Section        0  __rtentry2.o(.ARM.Collect$$rtentry$$0000000C)
    .ARM.Collect$$rtentry$$0000000D          0x00000168   Section        8  __rtentry2.o(.ARM.Collect$$rtentry$$0000000D)
    .ARM.Collect$$rtexit$$00000000           0x00000170   Section        2  rtexit.o(.ARM.Collect$$rtexit$$00000000)
    .ARM.Collect$$rtexit$$00000002           0x00000172   Section        0  rtexit2.o(.ARM.Collect$$rtexit$$00000002)
    .ARM.Collect$$rtexit$$00000003           0x00000172   Section        4  rtexit2.o(.ARM.Collect$$rtexit$$00000003)
    .ARM.Collect$$rtexit$$00000004           0x00000176   Section        6  rtexit2.o(.ARM.Collect$$rtexit$$00000004)
    .text                                    0x0000017c   Section       52  startup_mkl05z4.o(.text)
    .text                                    0x000001b0   Section        0  noretval__2sprintf.o(.text)
    .text                                    0x000001d8   Section        0  _printf_pad.o(.text)
    .text                                    0x00000226   Section        0  _printf_str.o(.text)
    .text                                    0x00000278   Section        0  _printf_dec.o(.text)
    .text                                    0x000002e4   Section        0  div.o(.text)
    .text                                    0x000002f8   Section        0  strcmp.o(.text)
    .text                                    0x00000380   Section        0  heapauxi.o(.text)
    .text                                    0x00000388   Section        0  dfixui.o(.text)
    .text                                    0x000003d0   Section        0  _printf_char_common.o(.text)
    _printf_input_char                       0x000003d1   Thumb Code    10  _printf_char_common.o(.text)
    .ARM.__at_0x400                          0x00000400   Section       16  startup_mkl05z4.o(.ARM.__at_0x400)
    .text                                    0x00000410   Section        0  __printf_flags_wp.o(.text)
    .text                                    0x00000548   Section      346  aeabi_sdiv.o(.text)
    .text                                    0x000006a4   Section        0  ddiv.o(.text)
    .text                                    0x00000aec   Section        0  dflti.o(.text)
    .text                                    0x00000b44   Section        0  dmul.o(.text)
    .text                                    0x00000d8c   Section        0  fflti.o(.text)
    .text                                    0x00000dea   Section        0  _printf_intcommon.o(.text)
    .text                                    0x00000e9a   Section        0  _sputc.o(.text)
    .text                                    0x00000ea4   Section        0  _printf_char.o(.text)
    .text                                    0x00000ed2   Section        0  rtudiv10.o(.text)
    .text                                    0x00000efc   Section        0  dcmpin.o(.text)
    .text                                    0x00000f8c   Section        0  fcmpin.o(.text)
    .text                                    0x00000ff0   Section        0  cmpret.o(.text)
    .text                                    0x00001020   Section        0  dnan2.o(.text)
    .text                                    0x00001034   Section        0  fnan2.o(.text)
    .text                                    0x00001044   Section       62  sys_stackheap_outer.o(.text)
    .text                                    0x00001082   Section        0  exit.o(.text)
    .text                                    0x00001092   Section        0  retnan.o(.text)
    .text                                    0x000010f0   Section        8  libspace.o(.text)
    .text                                    0x000010f8   Section        0  sys_exit.o(.text)
    .text                                    0x00001104   Section        2  use_no_semi.o(.text)
    .text                                    0x00001106   Section        0  indicate_semi.o(.text)
    i.ADC0_IRQHandler                        0x00001108   Section        0  alarm.o(i.ADC0_IRQHandler)
    i.ADC_Init                               0x00001140   Section        0  adc.o(i.ADC_Init)
    i.I2C_Init                               0x00001268   Section        0  i2c.o(i.I2C_Init)
    i.I2C_ReadReg                            0x000012cc   Section        0  i2c.o(i.I2C_ReadReg)
    i.I2C_ReadRegBlock                       0x00001344   Section        0  i2c.o(i.I2C_ReadRegBlock)
    i.I2C_Write                              0x000013e8   Section        0  i2c.o(i.I2C_Write)
    i.I2C_WriteReg                           0x00001428   Section        0  i2c.o(i.I2C_WriteReg)
    i.Klaw_Init                              0x00001474   Section        0  klaw.o(i.Klaw_Init)
    i.LCD1602_Backlight                      0x0000155c   Section        0  lcd1602.o(i.LCD1602_Backlight)
    i.LCD1602_CheckAddress                   0x00001570   Section        0  lcd1602.o(i.LCD1602_CheckAddress)
    i.LCD1602_ClearAll                       0x000015a4   Section        0  lcd1602.o(i.LCD1602_ClearAll)
    i.LCD1602_Init                           0x000015b0   Section        0  lcd1602.o(i.LCD1602_Init)
    i.LCD1602_Print                          0x00001600   Section        0  lcd1602.o(i.LCD1602_Print)
    i.LCD1602_SetCursor                      0x0000161c   Section        0  lcd1602.o(i.LCD1602_SetCursor)
    i.LCD1602_Write4                         0x00001640   Section        0  lcd1602.o(i.LCD1602_Write4)
    i.LCD1602_Write8                         0x00001690   Section        0  lcd1602.o(i.LCD1602_Write8)
    i.PCF8574_Write                          0x000016ac   Section        0  lcd1602.o(i.PCF8574_Write)
    i.PWM_Init                               0x000016d4   Section        0  tpm.o(i.PWM_Init)
    i.RTC_Init                               0x0000174c   Section        0  rtcclock.o(i.RTC_Init)
    i.RTC_Read                               0x000017d4   Section        0  rtcclock.o(i.RTC_Read)
    i.RTC_Write                              0x000017e0   Section        0  rtcclock.o(i.RTC_Write)
    i.SysTick_Config                         0x00001800   Section        0  main.o(i.SysTick_Config)
    SysTick_Config                           0x00001801   Thumb Code    44  main.o(i.SysTick_Config)
    i.SysTick_Handler                        0x00001834   Section        0  main.o(i.SysTick_Handler)
    i.SystemInit                             0x0000185c   Section        0  system_mkl05z4.o(i.SystemInit)
    i.UART0_IRQHandler                       0x000018b8   Section        0  main.o(i.UART0_IRQHandler)
    i.UART0_Init                             0x0000195c   Section        0  uart0.o(i.UART0_Init)
    i.__NVIC_SetPriority                     0x00001a20   Section        0  main.o(i.__NVIC_SetPriority)
    __NVIC_SetPriority                       0x00001a21   Thumb Code   110  main.o(i.__NVIC_SetPriority)
    i._is_digit                              0x00001a98   Section        0  __printf_wp.o(i._is_digit)
    i.admin_setup                            0x00001aa8   Section        0  alarm.o(i.admin_setup)
    i.alarm                                  0x00001b2c   Section        0  alarm.o(i.alarm)
    i.armed                                  0x00001cf8   Section        0  alarm.o(i.armed)
    i.change_passwd                          0x000021cc   Section        0  alarm.o(i.change_passwd)
    i.contact_vibration                      0x00002308   Section        0  klaw.o(i.contact_vibration)
    i.enter_passwd                           0x00002328   Section        0  alarm.o(i.enter_passwd)
    i.enter_user_passwd                      0x000023b4   Section        0  alarm.o(i.enter_user_passwd)
    i.i2c_ack                                0x0000243c   Section        0  i2c.o(i.i2c_ack)
    i.i2c_clr_IICIF                          0x00002450   Section        0  i2c.o(i.i2c_clr_IICIF)
    i.i2c_disable                            0x00002464   Section        0  i2c.o(i.i2c_disable)
    i.i2c_enable                             0x00002478   Section        0  i2c.o(i.i2c_enable)
    i.i2c_m_rstart                           0x0000248c   Section        0  i2c.o(i.i2c_m_rstart)
    i.i2c_m_start                            0x000024ac   Section        0  i2c.o(i.i2c_m_start)
    i.i2c_m_stop                             0x000024c0   Section        0  i2c.o(i.i2c_m_stop)
    i.i2c_nack                               0x000024d4   Section        0  i2c.o(i.i2c_nack)
    i.i2c_rec                                0x000024e8   Section        0  i2c.o(i.i2c_rec)
    i.i2c_recv                               0x000024fc   Section        0  i2c.o(i.i2c_recv)
    i.i2c_send                               0x00002508   Section        0  i2c.o(i.i2c_send)
    i.i2c_tran                               0x00002514   Section        0  i2c.o(i.i2c_tran)
    i.i2c_wait                               0x00002528   Section        0  i2c.o(i.i2c_wait)
    i.main                                   0x000025a4   Section        0  main.o(i.main)
    i.read_keypad                            0x00002fc0   Section        0  klaw.o(i.read_keypad)
    i.set_hour                               0x0000303c   Section        0  rtcclock.o(i.set_hour)
    i.set_minute                             0x000030d8   Section        0  rtcclock.o(i.set_minute)
    i.set_month                              0x00003174   Section        0  rtcclock.o(i.set_month)
    i.set_monthday                           0x00003210   Section        0  rtcclock.o(i.set_monthday)
    i.set_second                             0x000032ac   Section        0  rtcclock.o(i.set_second)
    i.set_weekday                            0x00003348   Section        0  rtcclock.o(i.set_weekday)
    i.set_year                               0x000033e0   Section        0  rtcclock.o(i.set_year)
    i.time_read                              0x00003480   Section        0  rtcclock.o(i.time_read)
    i.time_write                             0x000035cc   Section        0  rtcclock.o(i.time_write)
    i.typing_passwd                          0x00003604   Section        0  alarm.o(i.typing_passwd)
    i.user_setup                             0x0000364c   Section        0  alarm.o(i.user_setup)
    x$fpl$drleqf                             0x00003698   Section      104  drlef.o(x$fpl$drleqf)
    x$fpl$fmul                               0x00003700   Section      176  fmul.o(x$fpl$fmul)
    x$fpl$frleqf                             0x000037b0   Section       88  frlef.o(x$fpl$frleqf)
    .constdata                               0x00003808   Section       17  __printf_flags_wp.o(.constdata)
    x$fpl$usenofp                            0x00003808   Section        0  usenofp.o(x$fpl$usenofp)
    maptable                                 0x00003808   Data          17  __printf_flags_wp.o(.constdata)
    .constdata                               0x00003819   Section      128  ddiv.o(.constdata)
    ddiv_reciptbl                            0x00003819   Data         128  ddiv.o(.constdata)
    .data                                    0x1ffffc00   Section       82  main.o(.data)
    .data                                    0x1ffffc52   Section        5  i2c.o(.data)
    error                                    0x1ffffc52   Data           1  i2c.o(.data)
    timeout                                  0x1ffffc54   Data           2  i2c.o(.data)
    .data                                    0x1ffffc57   Section       74  lcd1602.o(.data)
    lcd_backlight                            0x1ffffc57   Data           1  lcd1602.o(.data)
    pcf_address                              0x1ffffc58   Data           1  lcd1602.o(.data)
    .data                                    0x1ffffca8   Section       48  alarm.o(.data)
    arrayXYZ                                 0x1ffffcb4   Data           6  alarm.o(.data)
    sens                                     0x1ffffcba   Data           1  alarm.o(.data)
    status                                   0x1ffffcbb   Data           1  alarm.o(.data)
    .data                                    0x1ffffcd8   Section        4  system_mkl05z4.o(.data)
    .bss                                     0x1ffffcdc   Section       16  main.o(.bss)
    .bss                                     0x1ffffcec   Section       44  rtcclock.o(.bss)
    .bss                                     0x1ffffd18   Section       96  libspace.o(.bss)
    HEAP                                     0x1ffffd78   Section        0  startup_mkl05z4.o(HEAP)
    STACK                                    0x1ffffd78   Section      768  startup_mkl05z4.o(STACK)
    Heap_Mem                                 0x1ffffd78   Data           0  startup_mkl05z4.o(HEAP)
    Stack_Mem                                0x1ffffd78   Data         768  startup_mkl05z4.o(STACK)
    __initial_sp                             0x20000078   Data           0  startup_mkl05z4.o(STACK)

    Global Symbols

    Symbol Name                              Value     Ov Type        Size  Object(Section)

    BuildAttributes$$THM_ISAv3M$S$PE$A:L22$X:L11$S22$IEEE1$IW$USESV6$~STKCKD$USESV7$~SHL$OSPACE$ROPI$EBA8$UX$STANDARDLIB$REQ8$PRES8$EABIv2 0x00000000   Number         0  anon$$obj.o ABSOLUTE
    __ARM_use_no_argv                        0x00000000   Number         0  main.o ABSOLUTE
    __Vectors                                0x00000000   Data           4  startup_mkl05z4.o(RESET)
    _printf_flags                            0x00000000   Number         0  printf_stubs.o ABSOLUTE
    _printf_return_value                     0x00000000   Number         0  printf_stubs.o ABSOLUTE
    _printf_sizespec                         0x00000000   Number         0  printf_stubs.o ABSOLUTE
    _printf_widthprec                        0x00000000   Number         0  printf_stubs.o ABSOLUTE
    __ARM_exceptions_init                     - Undefined Weak Reference
    __alloca_initialize                       - Undefined Weak Reference
    __arm_fini_                               - Undefined Weak Reference
    __arm_preinit_                            - Undefined Weak Reference
    __cpp_initialize__aeabi_                  - Undefined Weak Reference
    __cxa_finalize                            - Undefined Weak Reference
    __rt_locale                               - Undefined Weak Reference
    __sigvec_lookup                           - Undefined Weak Reference
    _atexit_init                              - Undefined Weak Reference
    _call_atexit_fns                          - Undefined Weak Reference
    _clock_init                               - Undefined Weak Reference
    _fp_trap_init                             - Undefined Weak Reference
    _fp_trap_shutdown                         - Undefined Weak Reference
    _get_lc_collate                           - Undefined Weak Reference
    _get_lc_ctype                             - Undefined Weak Reference
    _get_lc_monetary                          - Undefined Weak Reference
    _get_lc_numeric                           - Undefined Weak Reference
    _get_lc_time                              - Undefined Weak Reference
    _getenv_init                              - Undefined Weak Reference
    _handle_redirection                       - Undefined Weak Reference
    _init_alloc                               - Undefined Weak Reference
    _init_user_alloc                          - Undefined Weak Reference
    _initio                                   - Undefined Weak Reference
    _printf_mbtowc                            - Undefined Weak Reference
    _printf_truncate_signed                   - Undefined Weak Reference
    _printf_truncate_unsigned                 - Undefined Weak Reference
    _rand_init                                - Undefined Weak Reference
    _signal_finish                            - Undefined Weak Reference
    _signal_init                              - Undefined Weak Reference
    _terminate_alloc                          - Undefined Weak Reference
    _terminate_user_alloc                     - Undefined Weak Reference
    _terminateio                              - Undefined Weak Reference
    __Vectors_End                            0x000000c0   Data           0  startup_mkl05z4.o(RESET)
    __Vectors_Size                           0x000000c0   Number         0  startup_mkl05z4.o ABSOLUTE
    __main                                   0x000000c1   Thumb Code     8  __main.o(!!!main)
    __scatterload                            0x000000c9   Thumb Code     0  __scatter.o(!!!scatter)
    __scatterload_rt2                        0x000000c9   Thumb Code    52  __scatter.o(!!!scatter)
    __scatterload_rt2_thumb_only             0x000000c9   Thumb Code     0  __scatter.o(!!!scatter)
    __scatterload_null                       0x000000d9   Thumb Code     0  __scatter.o(!!!scatter)
    __scatterload_copy                       0x00000105   Thumb Code    26  __scatter_copy.o(!!handler_copy)
    __scatterload_zeroinit                   0x00000121   Thumb Code    28  __scatter_zi.o(!!handler_zi)
    _printf_percent                          0x0000013d   Thumb Code     0  _printf_percent.o(.ARM.Collect$$_printf_percent$$00000000)
    _printf_d                                0x0000013f   Thumb Code     0  _printf_d.o(.ARM.Collect$$_printf_percent$$00000009)
    _printf_c                                0x00000149   Thumb Code     0  _printf_c.o(.ARM.Collect$$_printf_percent$$00000013)
    _printf_percent_end                      0x00000153   Thumb Code     0  _printf_percent_end.o(.ARM.Collect$$_printf_percent$$00000017)
    __rt_lib_init                            0x00000157   Thumb Code     0  libinit.o(.ARM.Collect$$libinit$$00000000)
    __rt_lib_init_alloca_1                   0x00000159   Thumb Code     0  libinit2.o(.ARM.Collect$$libinit$$0000002E)
    __rt_lib_init_argv_1                     0x00000159   Thumb Code     0  libinit2.o(.ARM.Collect$$libinit$$0000002C)
    __rt_lib_init_atexit_1                   0x00000159   Thumb Code     0  libinit2.o(.ARM.Collect$$libinit$$0000001B)
    __rt_lib_init_clock_1                    0x00000159   Thumb Code     0  libinit2.o(.ARM.Collect$$libinit$$00000021)
    __rt_lib_init_cpp_1                      0x00000159   Thumb Code     0  libinit2.o(.ARM.Collect$$libinit$$00000032)
    __rt_lib_init_exceptions_1               0x00000159   Thumb Code     0  libinit2.o(.ARM.Collect$$libinit$$00000030)
    __rt_lib_init_fp_1                       0x00000159   Thumb Code     0  libinit2.o(.ARM.Collect$$libinit$$00000002)
    __rt_lib_init_fp_trap_1                  0x00000159   Thumb Code     0  libinit2.o(.ARM.Collect$$libinit$$0000001F)
    __rt_lib_init_getenv_1                   0x00000159   Thumb Code     0  libinit2.o(.ARM.Collect$$libinit$$00000023)
    __rt_lib_init_heap_1                     0x00000159   Thumb Code     0  libinit2.o(.ARM.Collect$$libinit$$0000000A)
    __rt_lib_init_lc_collate_1               0x00000159   Thumb Code     0  libinit2.o(.ARM.Collect$$libinit$$00000011)
    __rt_lib_init_lc_ctype_1                 0x00000159   Thumb Code     0  libinit2.o(.ARM.Collect$$libinit$$00000013)
    __rt_lib_init_lc_monetary_1              0x00000159   Thumb Code     0  libinit2.o(.ARM.Collect$$libinit$$00000015)
    __rt_lib_init_lc_numeric_1               0x00000159   Thumb Code     0  libinit2.o(.ARM.Collect$$libinit$$00000017)
    __rt_lib_init_lc_time_1                  0x00000159   Thumb Code     0  libinit2.o(.ARM.Collect$$libinit$$00000019)
    __rt_lib_init_preinit_1                  0x00000159   Thumb Code     0  libinit2.o(.ARM.Collect$$libinit$$00000004)
    __rt_lib_init_rand_1                     0x00000159   Thumb Code     0  libinit2.o(.ARM.Collect$$libinit$$0000000E)
    __rt_lib_init_return                     0x00000159   Thumb Code     0  libinit2.o(.ARM.Collect$$libinit$$00000033)
    __rt_lib_init_signal_1                   0x00000159   Thumb Code     0  libinit2.o(.ARM.Collect$$libinit$$0000001D)
    __rt_lib_init_stdio_1                    0x00000159   Thumb Code     0  libinit2.o(.ARM.Collect$$libinit$$00000025)
    __rt_lib_init_user_alloc_1               0x00000159   Thumb Code     0  libinit2.o(.ARM.Collect$$libinit$$0000000C)
    __rt_lib_shutdown                        0x0000015b   Thumb Code     0  libshutdown.o(.ARM.Collect$$libshutdown$$00000000)
    __rt_lib_shutdown_cpp_1                  0x0000015d   Thumb Code     0  libshutdown2.o(.ARM.Collect$$libshutdown$$00000004)
    __rt_lib_shutdown_fini_1                 0x0000015d   Thumb Code     0  libshutdown2.o(.ARM.Collect$$libshutdown$$00000002)
    __rt_lib_shutdown_fp_trap_1              0x0000015d   Thumb Code     0  libshutdown2.o(.ARM.Collect$$libshutdown$$00000009)
    __rt_lib_shutdown_heap_1                 0x0000015d   Thumb Code     0  libshutdown2.o(.ARM.Collect$$libshutdown$$00000011)
    __rt_lib_shutdown_return                 0x0000015d   Thumb Code     0  libshutdown2.o(.ARM.Collect$$libshutdown$$00000012)
    __rt_lib_shutdown_signal_1               0x0000015d   Thumb Code     0  libshutdown2.o(.ARM.Collect$$libshutdown$$0000000C)
    __rt_lib_shutdown_stdio_1                0x0000015d   Thumb Code     0  libshutdown2.o(.ARM.Collect$$libshutdown$$00000006)
    __rt_lib_shutdown_user_alloc_1           0x0000015d   Thumb Code     0  libshutdown2.o(.ARM.Collect$$libshutdown$$0000000E)
    __rt_entry                               0x0000015f   Thumb Code     0  __rtentry.o(.ARM.Collect$$rtentry$$00000000)
    __rt_entry_presh_1                       0x0000015f   Thumb Code     0  __rtentry2.o(.ARM.Collect$$rtentry$$00000002)
    __rt_entry_sh                            0x0000015f   Thumb Code     0  __rtentry4.o(.ARM.Collect$$rtentry$$00000004)
    __rt_entry_li                            0x00000165   Thumb Code     0  __rtentry2.o(.ARM.Collect$$rtentry$$0000000A)
    __rt_entry_postsh_1                      0x00000165   Thumb Code     0  __rtentry2.o(.ARM.Collect$$rtentry$$00000009)
    __rt_entry_main                          0x00000169   Thumb Code     0  __rtentry2.o(.ARM.Collect$$rtentry$$0000000D)
    __rt_entry_postli_1                      0x00000169   Thumb Code     0  __rtentry2.o(.ARM.Collect$$rtentry$$0000000C)
    __rt_exit                                0x00000171   Thumb Code     0  rtexit.o(.ARM.Collect$$rtexit$$00000000)
    __rt_exit_ls                             0x00000173   Thumb Code     0  rtexit2.o(.ARM.Collect$$rtexit$$00000003)
    __rt_exit_prels_1                        0x00000173   Thumb Code     0  rtexit2.o(.ARM.Collect$$rtexit$$00000002)
    __rt_exit_exit                           0x00000177   Thumb Code     0  rtexit2.o(.ARM.Collect$$rtexit$$00000004)
    Reset_Handler                            0x0000017d   Thumb Code     8  startup_mkl05z4.o(.text)
    NMI_Handler                              0x00000185   Thumb Code     2  startup_mkl05z4.o(.text)
    HardFault_Handler                        0x00000187   Thumb Code     2  startup_mkl05z4.o(.text)
    SVC_Handler                              0x00000189   Thumb Code     2  startup_mkl05z4.o(.text)
    PendSV_Handler                           0x0000018b   Thumb Code     2  startup_mkl05z4.o(.text)
    CMP0_IRQHandler                          0x0000018f   Thumb Code     0  startup_mkl05z4.o(.text)
    DAC0_IRQHandler                          0x0000018f   Thumb Code     0  startup_mkl05z4.o(.text)
    DMA0_IRQHandler                          0x0000018f   Thumb Code     0  startup_mkl05z4.o(.text)
    DMA1_IRQHandler                          0x0000018f   Thumb Code     0  startup_mkl05z4.o(.text)
    DMA2_IRQHandler                          0x0000018f   Thumb Code     0  startup_mkl05z4.o(.text)
    DMA3_IRQHandler                          0x0000018f   Thumb Code     0  startup_mkl05z4.o(.text)
    DefaultISR                               0x0000018f   Thumb Code     0  startup_mkl05z4.o(.text)
    FTFA_IRQHandler                          0x0000018f   Thumb Code     0  startup_mkl05z4.o(.text)
    I2C0_IRQHandler                          0x0000018f   Thumb Code     0  startup_mkl05z4.o(.text)
    LLW_IRQHandler                           0x0000018f   Thumb Code     0  startup_mkl05z4.o(.text)
    LPTimer_IRQHandler                       0x0000018f   Thumb Code     0  startup_mkl05z4.o(.text)
    LVD_LVW_IRQHandler                       0x0000018f   Thumb Code     0  startup_mkl05z4.o(.text)
    MCG_IRQHandler                           0x0000018f   Thumb Code     0  startup_mkl05z4.o(.text)
    PIT_IRQHandler                           0x0000018f   Thumb Code     0  startup_mkl05z4.o(.text)
    PORTA_IRQHandler                         0x0000018f   Thumb Code     0  startup_mkl05z4.o(.text)
    PORTB_IRQHandler                         0x0000018f   Thumb Code     0  startup_mkl05z4.o(.text)
    RTC_IRQHandler                           0x0000018f   Thumb Code     0  startup_mkl05z4.o(.text)
    RTC_Seconds_IRQHandler                   0x0000018f   Thumb Code     0  startup_mkl05z4.o(.text)
    Reserved20_IRQHandler                    0x0000018f   Thumb Code     0  startup_mkl05z4.o(.text)
    Reserved25_IRQHandler                    0x0000018f   Thumb Code     0  startup_mkl05z4.o(.text)
    Reserved27_IRQHandler                    0x0000018f   Thumb Code     0  startup_mkl05z4.o(.text)
    Reserved29_IRQHandler                    0x0000018f   Thumb Code     0  startup_mkl05z4.o(.text)
    Reserved30_IRQHandler                    0x0000018f   Thumb Code     0  startup_mkl05z4.o(.text)
    Reserved35_IRQHandler                    0x0000018f   Thumb Code     0  startup_mkl05z4.o(.text)
    Reserved39_IRQHandler                    0x0000018f   Thumb Code     0  startup_mkl05z4.o(.text)
    Reserved40_IRQHandler                    0x0000018f   Thumb Code     0  startup_mkl05z4.o(.text)
    Reserved45_IRQHandler                    0x0000018f   Thumb Code     0  startup_mkl05z4.o(.text)
    SPI0_IRQHandler                          0x0000018f   Thumb Code     0  startup_mkl05z4.o(.text)
    TPM0_IRQHandler                          0x0000018f   Thumb Code     0  startup_mkl05z4.o(.text)
    TPM1_IRQHandler                          0x0000018f   Thumb Code     0  startup_mkl05z4.o(.text)
    TSI0_IRQHandler                          0x0000018f   Thumb Code     0  startup_mkl05z4.o(.text)
    __user_initial_stackheap                 0x00000191   Thumb Code     0  startup_mkl05z4.o(.text)
    __2sprintf                               0x000001b1   Thumb Code    36  noretval__2sprintf.o(.text)
    _printf_pre_padding                      0x000001d9   Thumb Code    44  _printf_pad.o(.text)
    _printf_post_padding                     0x00000205   Thumb Code    34  _printf_pad.o(.text)
    _printf_str                              0x00000227   Thumb Code    82  _printf_str.o(.text)
    _printf_int_dec                          0x00000279   Thumb Code    90  _printf_dec.o(.text)
    div                                      0x000002e5   Thumb Code    18  div.o(.text)
    strcmp                                   0x000002f9   Thumb Code   132  strcmp.o(.text)
    __use_two_region_memory                  0x00000381   Thumb Code     2  heapauxi.o(.text)
    __rt_heap_escrow$2region                 0x00000383   Thumb Code     2  heapauxi.o(.text)
    __rt_heap_expand$2region                 0x00000385   Thumb Code     2  heapauxi.o(.text)
    __aeabi_d2uiz                            0x00000389   Thumb Code     0  dfixui.o(.text)
    _dfixu                                   0x00000389   Thumb Code    68  dfixui.o(.text)
    _printf_char_common                      0x000003db   Thumb Code    32  _printf_char_common.o(.text)
    __printf                                 0x00000411   Thumb Code   306  __printf_flags_wp.o(.text)
    __aeabi_uidiv                            0x00000549   Thumb Code     0  aeabi_sdiv.o(.text)
    __aeabi_uidivmod                         0x00000549   Thumb Code    20  aeabi_sdiv.o(.text)
    __aeabi_idiv                             0x0000055d   Thumb Code     0  aeabi_sdiv.o(.text)
    __aeabi_idivmod                          0x0000055d   Thumb Code   326  aeabi_sdiv.o(.text)
    __aeabi_ddiv                             0x000006a5   Thumb Code     0  ddiv.o(.text)
    _ddiv                                    0x000006a5   Thumb Code  1072  ddiv.o(.text)
    _drdiv                                   0x00000ad5   Thumb Code    20  ddiv.o(.text)
    __aeabi_i2d_normalise                    0x00000aed   Thumb Code    66  dflti.o(.text)
    __aeabi_i2d                              0x00000b2f   Thumb Code    16  dflti.o(.text)
    _dflt                                    0x00000b2f   Thumb Code     0  dflti.o(.text)
    __aeabi_ui2d                             0x00000b3f   Thumb Code     6  dflti.o(.text)
    _dfltu                                   0x00000b3f   Thumb Code     0  dflti.o(.text)
    __aeabi_dmul                             0x00000b45   Thumb Code     0  dmul.o(.text)
    _dmul                                    0x00000b45   Thumb Code   558  dmul.o(.text)
    __aeabi_i2f_normalise                    0x00000d8d   Thumb Code    72  fflti.o(.text)
    __aeabi_i2f                              0x00000dd5   Thumb Code    16  fflti.o(.text)
    _fflt                                    0x00000dd5   Thumb Code     0  fflti.o(.text)
    __aeabi_ui2f                             0x00000de5   Thumb Code     6  fflti.o(.text)
    _ffltu                                   0x00000de5   Thumb Code     0  fflti.o(.text)
    _printf_int_common                       0x00000deb   Thumb Code   176  _printf_intcommon.o(.text)
    _sputc                                   0x00000e9b   Thumb Code    10  _sputc.o(.text)
    _printf_cs_common                        0x00000ea5   Thumb Code    22  _printf_char.o(.text)
    _printf_char                             0x00000ebb   Thumb Code    16  _printf_char.o(.text)
    _printf_string                           0x00000ecb   Thumb Code     8  _printf_char.o(.text)
    __rt_udiv10                              0x00000ed3   Thumb Code    40  rtudiv10.o(.text)
    __fpl_dcmp_InfNaN                        0x00000efd   Thumb Code   140  dcmpin.o(.text)
    __fpl_fcmp_InfNaN                        0x00000f8d   Thumb Code    96  fcmpin.o(.text)
    __fpl_cmpreturn                          0x00000ff1   Thumb Code    46  cmpret.o(.text)
    __fpl_dcheck_NaN2                        0x00001021   Thumb Code    14  dnan2.o(.text)
    __fpl_fcheck_NaN2                        0x00001035   Thumb Code    10  fnan2.o(.text)
    __user_setup_stackheap                   0x00001045   Thumb Code    62  sys_stackheap_outer.o(.text)
    exit                                     0x00001083   Thumb Code    16  exit.o(.text)
    __fpl_return_NaN                         0x00001093   Thumb Code    94  retnan.o(.text)
    __user_libspace                          0x000010f1   Thumb Code     8  libspace.o(.text)
    __user_perproc_libspace                  0x000010f1   Thumb Code     0  libspace.o(.text)
    __user_perthread_libspace                0x000010f1   Thumb Code     0  libspace.o(.text)
    _sys_exit                                0x000010f9   Thumb Code     8  sys_exit.o(.text)
    __I$use$semihosting                      0x00001105   Thumb Code     0  use_no_semi.o(.text)
    __use_no_semihosting_swi                 0x00001105   Thumb Code     2  use_no_semi.o(.text)
    __semihosting_library_function           0x00001107   Thumb Code     0  indicate_semi.o(.text)
    ADC0_IRQHandler                          0x00001109   Thumb Code    38  alarm.o(i.ADC0_IRQHandler)
    ADC_Init                                 0x00001141   Thumb Code   274  adc.o(i.ADC_Init)
    I2C_Init                                 0x00001269   Thumb Code    86  i2c.o(i.I2C_Init)
    I2C_ReadReg                              0x000012cd   Thumb Code   110  i2c.o(i.I2C_ReadReg)
    I2C_ReadRegBlock                         0x00001345   Thumb Code   156  i2c.o(i.I2C_ReadRegBlock)
    I2C_Write                                0x000013e9   Thumb Code    60  i2c.o(i.I2C_Write)
    I2C_WriteReg                             0x00001429   Thumb Code    70  i2c.o(i.I2C_WriteReg)
    Klaw_Init                                0x00001475   Thumb Code   214  klaw.o(i.Klaw_Init)
    LCD1602_Backlight                        0x0000155d   Thumb Code    16  lcd1602.o(i.LCD1602_Backlight)
    LCD1602_CheckAddress                     0x00001571   Thumb Code    48  lcd1602.o(i.LCD1602_CheckAddress)
    LCD1602_ClearAll                         0x000015a5   Thumb Code    12  lcd1602.o(i.LCD1602_ClearAll)
    LCD1602_Init                             0x000015b1   Thumb Code    74  lcd1602.o(i.LCD1602_Init)
    LCD1602_Print                            0x00001601   Thumb Code    28  lcd1602.o(i.LCD1602_Print)
    LCD1602_SetCursor                        0x0000161d   Thumb Code    36  lcd1602.o(i.LCD1602_SetCursor)
    LCD1602_Write4                           0x00001641   Thumb Code    74  lcd1602.o(i.LCD1602_Write4)
    LCD1602_Write8                           0x00001691   Thumb Code    28  lcd1602.o(i.LCD1602_Write8)
    PCF8574_Write                            0x000016ad   Thumb Code    32  lcd1602.o(i.PCF8574_Write)
    PWM_Init                                 0x000016d5   Thumb Code   104  tpm.o(i.PWM_Init)
    RTC_Init                                 0x0000174d   Thumb Code   118  rtcclock.o(i.RTC_Init)
    RTC_Read                                 0x000017d5   Thumb Code     6  rtcclock.o(i.RTC_Read)
    RTC_Write                                0x000017e1   Thumb Code    28  rtcclock.o(i.RTC_Write)
    SysTick_Handler                          0x00001835   Thumb Code    30  main.o(i.SysTick_Handler)
    SystemInit                               0x0000185d   Thumb Code    78  system_mkl05z4.o(i.SystemInit)
    UART0_IRQHandler                         0x000018b9   Thumb Code   136  main.o(i.UART0_IRQHandler)
    UART0_Init                               0x0000195d   Thumb Code   176  uart0.o(i.UART0_Init)
    _is_digit                                0x00001a99   Thumb Code    14  __printf_wp.o(i._is_digit)
    admin_setup                              0x00001aa9   Thumb Code    86  alarm.o(i.admin_setup)
    alarm                                    0x00001b2d   Thumb Code   394  alarm.o(i.alarm)
    armed                                    0x00001cf9   Thumb Code  1236  alarm.o(i.armed)
    change_passwd                            0x000021cd   Thumb Code   214  alarm.o(i.change_passwd)
    contact_vibration                        0x00002309   Thumb Code    28  klaw.o(i.contact_vibration)
    enter_passwd                             0x00002329   Thumb Code   114  alarm.o(i.enter_passwd)
    enter_user_passwd                        0x000023b5   Thumb Code   110  alarm.o(i.enter_user_passwd)
    i2c_ack                                  0x0000243d   Thumb Code    14  i2c.o(i.i2c_ack)
    i2c_clr_IICIF                            0x00002451   Thumb Code    14  i2c.o(i.i2c_clr_IICIF)
    i2c_disable                              0x00002465   Thumb Code    14  i2c.o(i.i2c_disable)
    i2c_enable                               0x00002479   Thumb Code    14  i2c.o(i.i2c_enable)
    i2c_m_rstart                             0x0000248d   Thumb Code    28  i2c.o(i.i2c_m_rstart)
    i2c_m_start                              0x000024ad   Thumb Code    14  i2c.o(i.i2c_m_start)
    i2c_m_stop                               0x000024c1   Thumb Code    14  i2c.o(i.i2c_m_stop)
    i2c_nack                                 0x000024d5   Thumb Code    14  i2c.o(i.i2c_nack)
    i2c_rec                                  0x000024e9   Thumb Code    14  i2c.o(i.i2c_rec)
    i2c_recv                                 0x000024fd   Thumb Code     6  i2c.o(i.i2c_recv)
    i2c_send                                 0x00002509   Thumb Code     6  i2c.o(i.i2c_send)
    i2c_tran                                 0x00002515   Thumb Code    14  i2c.o(i.i2c_tran)
    i2c_wait                                 0x00002529   Thumb Code   106  i2c.o(i.i2c_wait)
    main                                     0x000025a5   Thumb Code  2588  main.o(i.main)
    read_keypad                              0x00002fc1   Thumb Code   100  klaw.o(i.read_keypad)
    set_hour                                 0x0000303d   Thumb Code   140  rtcclock.o(i.set_hour)
    set_minute                               0x000030d9   Thumb Code   140  rtcclock.o(i.set_minute)
    set_month                                0x00003175   Thumb Code   140  rtcclock.o(i.set_month)
    set_monthday                             0x00003211   Thumb Code   140  rtcclock.o(i.set_monthday)
    set_second                               0x000032ad   Thumb Code   140  rtcclock.o(i.set_second)
    set_weekday                              0x00003349   Thumb Code   140  rtcclock.o(i.set_weekday)
    set_year                                 0x000033e1   Thumb Code   140  rtcclock.o(i.set_year)
    time_read                                0x00003481   Thumb Code   328  rtcclock.o(i.time_read)
    time_write                               0x000035cd   Thumb Code    46  rtcclock.o(i.time_write)
    typing_passwd                            0x00003605   Thumb Code    58  alarm.o(i.typing_passwd)
    user_setup                               0x0000364d   Thumb Code    56  alarm.o(i.user_setup)
    __aeabi_cdrcmple                         0x00003699   Thumb Code     0  drlef.o(x$fpl$drleqf)
    _drcmple                                 0x00003699   Thumb Code   100  drlef.o(x$fpl$drleqf)
    __aeabi_fmul                             0x00003701   Thumb Code     0  fmul.o(x$fpl$fmul)
    _fmul                                    0x00003701   Thumb Code   172  fmul.o(x$fpl$fmul)
    __aeabi_cfrcmple                         0x000037b1   Thumb Code     0  frlef.o(x$fpl$frleqf)
    _frcmple                                 0x000037b1   Thumb Code    84  frlef.o(x$fpl$frleqf)
    __I$use$fp                               0x00003808   Number         0  usenofp.o(x$fpl$usenofp)
    Region$$Table$$Base                      0x0000389c   Number         0  anon$$obj.o(Region$$Table)
    Region$$Table$$Limit                     0x000038bc   Number         0  anon$$obj.o(Region$$Table)
    display                                  0x1ffffc00   Data          17  main.o(.data)
    keyread                                  0x1ffffc11   Data           1  main.o(.data)
    password                                 0x1ffffc12   Data           4  main.o(.data)
    user_password                            0x1ffffc16   Data           4  main.o(.data)
    Too_Long                                 0x1ffffc1a   Data          14  main.o(.data)
    Error                                    0x1ffffc28   Data          11  main.o(.data)
    ALARM_ON                                 0x1ffffc33   Data           8  main.o(.data)
    ALARM_OFF                                0x1ffffc3b   Data           9  main.o(.data)
    rx_buf_pos                               0x1ffffc44   Data           1  main.o(.data)
    tempo                                    0x1ffffc45   Data           1  main.o(.data)
    buf                                      0x1ffffc46   Data           1  main.o(.data)
    rx_FULL                                  0x1ffffc47   Data           1  main.o(.data)
    too_long                                 0x1ffffc48   Data           1  main.o(.data)
    bluetooth_on                             0x1ffffc49   Data           1  main.o(.data)
    time_count                               0x1ffffc4c   Data           4  main.o(.data)
    second                                   0x1ffffc50   Data           1  main.o(.data)
    second_OK                                0x1ffffc51   Data           1  main.o(.data)
    dummy                                    0x1ffffc56   Data           1  i2c.o(.data)
    PL_CH_a_                                 0x1ffffc59   Data           8  lcd1602.o(.data)
    PL_CH_c_                                 0x1ffffc61   Data           8  lcd1602.o(.data)
    PL_CH_e_                                 0x1ffffc69   Data           8  lcd1602.o(.data)
    PL_CH_l_                                 0x1ffffc71   Data           8  lcd1602.o(.data)
    PL_CH_n_                                 0x1ffffc79   Data           8  lcd1602.o(.data)
    PL_CH_o_                                 0x1ffffc81   Data           8  lcd1602.o(.data)
    PL_CH_s_                                 0x1ffffc89   Data           8  lcd1602.o(.data)
    PL_CH_z_                                 0x1ffffc91   Data           8  lcd1602.o(.data)
    PL_CH_z__                                0x1ffffc99   Data           8  lcd1602.o(.data)
    adc_volt_coeff                           0x1ffffca8   Data           4  alarm.o(.data)
    result_ok                                0x1ffffcac   Data           1  alarm.o(.data)
    temp                                     0x1ffffcae   Data           2  alarm.o(.data)
    result                                   0x1ffffcb0   Data           4  alarm.o(.data)
    X                                        0x1ffffcc0   Data           8  alarm.o(.data)
    Y                                        0x1ffffcc8   Data           8  alarm.o(.data)
    Z                                        0x1ffffcd0   Data           8  alarm.o(.data)
    SystemCoreClock                          0x1ffffcd8   Data           4  system_mkl05z4.o(.data)
    rx_buf                                   0x1ffffcdc   Data          16  main.o(.bss)
    data                                     0x1ffffcec   Data          44  rtcclock.o(.bss)
    __libspace_start                         0x1ffffd18   Data          96  libspace.o(.bss)
    __temporary_stack_top$libspace           0x1ffffd78   Data           0  libspace.o(.bss)



==============================================================================

Memory Map of the image

  Image Entry point : 0x0000017d

  Load Region LR_1 (Base: 0x00000000, Size: 0x00003998, Max: 0xffffffff, ABSOLUTE)

    Execution Region ER_RO (Exec base: 0x00000000, Load base: 0x00000000, Size: 0x000038bc, Max: 0xffffffff, ABSOLUTE)

    Exec Addr    Load Addr    Size         Type   Attr      Idx    E Section Name        Object

    0x00000000   0x00000000   0x000000c0   Data   RO          652    RESET               startup_mkl05z4.o
    0x000000c0   0x000000c0   0x00000008   Code   RO          741  * !!!main             c_p.l(__main.o)
    0x000000c8   0x000000c8   0x0000003c   Code   RO          955    !!!scatter          c_p.l(__scatter.o)
    0x00000104   0x00000104   0x0000001a   Code   RO          957    !!handler_copy      c_p.l(__scatter_copy.o)
    0x0000011e   0x0000011e   0x00000002   PAD
    0x00000120   0x00000120   0x0000001c   Code   RO          959    !!handler_zi        c_p.l(__scatter_zi.o)
    0x0000013c   0x0000013c   0x00000002   Code   RO          730    .ARM.Collect$$_printf_percent$$00000000  c_p.l(_printf_percent.o)
    0x0000013e   0x0000013e   0x0000000a   Code   RO          729    .ARM.Collect$$_printf_percent$$00000009  c_p.l(_printf_d.o)
    0x00000148   0x00000148   0x0000000a   Code   RO          728    .ARM.Collect$$_printf_percent$$00000013  c_p.l(_printf_c.o)
    0x00000152   0x00000152   0x00000004   Code   RO          773    .ARM.Collect$$_printf_percent$$00000017  c_p.l(_printf_percent_end.o)
    0x00000156   0x00000156   0x00000002   Code   RO          820    .ARM.Collect$$libinit$$00000000  c_p.l(libinit.o)
    0x00000158   0x00000158   0x00000000   Code   RO          836    .ARM.Collect$$libinit$$00000002  c_p.l(libinit2.o)
    0x00000158   0x00000158   0x00000000   Code   RO          838    .ARM.Collect$$libinit$$00000004  c_p.l(libinit2.o)
    0x00000158   0x00000158   0x00000000   Code   RO          841    .ARM.Collect$$libinit$$0000000A  c_p.l(libinit2.o)
    0x00000158   0x00000158   0x00000000   Code   RO          843    .ARM.Collect$$libinit$$0000000C  c_p.l(libinit2.o)
    0x00000158   0x00000158   0x00000000   Code   RO          845    .ARM.Collect$$libinit$$0000000E  c_p.l(libinit2.o)
    0x00000158   0x00000158   0x00000000   Code   RO          848    .ARM.Collect$$libinit$$00000011  c_p.l(libinit2.o)
    0x00000158   0x00000158   0x00000000   Code   RO          850    .ARM.Collect$$libinit$$00000013  c_p.l(libinit2.o)
    0x00000158   0x00000158   0x00000000   Code   RO          852    .ARM.Collect$$libinit$$00000015  c_p.l(libinit2.o)
    0x00000158   0x00000158   0x00000000   Code   RO          854    .ARM.Collect$$libinit$$00000017  c_p.l(libinit2.o)
    0x00000158   0x00000158   0x00000000   Code   RO          856    .ARM.Collect$$libinit$$00000019  c_p.l(libinit2.o)
    0x00000158   0x00000158   0x00000000   Code   RO          858    .ARM.Collect$$libinit$$0000001B  c_p.l(libinit2.o)
    0x00000158   0x00000158   0x00000000   Code   RO          860    .ARM.Collect$$libinit$$0000001D  c_p.l(libinit2.o)
    0x00000158   0x00000158   0x00000000   Code   RO          862    .ARM.Collect$$libinit$$0000001F  c_p.l(libinit2.o)
    0x00000158   0x00000158   0x00000000   Code   RO          864    .ARM.Collect$$libinit$$00000021  c_p.l(libinit2.o)
    0x00000158   0x00000158   0x00000000   Code   RO          866    .ARM.Collect$$libinit$$00000023  c_p.l(libinit2.o)
    0x00000158   0x00000158   0x00000000   Code   RO          868    .ARM.Collect$$libinit$$00000025  c_p.l(libinit2.o)
    0x00000158   0x00000158   0x00000000   Code   RO          872    .ARM.Collect$$libinit$$0000002C  c_p.l(libinit2.o)
    0x00000158   0x00000158   0x00000000   Code   RO          874    .ARM.Collect$$libinit$$0000002E  c_p.l(libinit2.o)
    0x00000158   0x00000158   0x00000000   Code   RO          876    .ARM.Collect$$libinit$$00000030  c_p.l(libinit2.o)
    0x00000158   0x00000158   0x00000000   Code   RO          878    .ARM.Collect$$libinit$$00000032  c_p.l(libinit2.o)
    0x00000158   0x00000158   0x00000002   Code   RO          879    .ARM.Collect$$libinit$$00000033  c_p.l(libinit2.o)
    0x0000015a   0x0000015a   0x00000002   Code   RO          910    .ARM.Collect$$libshutdown$$00000000  c_p.l(libshutdown.o)
    0x0000015c   0x0000015c   0x00000000   Code   RO          936    .ARM.Collect$$libshutdown$$00000002  c_p.l(libshutdown2.o)
    0x0000015c   0x0000015c   0x00000000   Code   RO          938    .ARM.Collect$$libshutdown$$00000004  c_p.l(libshutdown2.o)
    0x0000015c   0x0000015c   0x00000000   Code   RO          940    .ARM.Collect$$libshutdown$$00000006  c_p.l(libshutdown2.o)
    0x0000015c   0x0000015c   0x00000000   Code   RO          943    .ARM.Collect$$libshutdown$$00000009  c_p.l(libshutdown2.o)
    0x0000015c   0x0000015c   0x00000000   Code   RO          946    .ARM.Collect$$libshutdown$$0000000C  c_p.l(libshutdown2.o)
    0x0000015c   0x0000015c   0x00000000   Code   RO          948    .ARM.Collect$$libshutdown$$0000000E  c_p.l(libshutdown2.o)
    0x0000015c   0x0000015c   0x00000000   Code   RO          951    .ARM.Collect$$libshutdown$$00000011  c_p.l(libshutdown2.o)
    0x0000015c   0x0000015c   0x00000002   Code   RO          952    .ARM.Collect$$libshutdown$$00000012  c_p.l(libshutdown2.o)
    0x0000015e   0x0000015e   0x00000000   Code   RO          760    .ARM.Collect$$rtentry$$00000000  c_p.l(__rtentry.o)
    0x0000015e   0x0000015e   0x00000000   Code   RO          782    .ARM.Collect$$rtentry$$00000002  c_p.l(__rtentry2.o)
    0x0000015e   0x0000015e   0x00000006   Code   RO          794    .ARM.Collect$$rtentry$$00000004  c_p.l(__rtentry4.o)
    0x00000164   0x00000164   0x00000000   Code   RO          784    .ARM.Collect$$rtentry$$00000009  c_p.l(__rtentry2.o)
    0x00000164   0x00000164   0x00000004   Code   RO          785    .ARM.Collect$$rtentry$$0000000A  c_p.l(__rtentry2.o)
    0x00000168   0x00000168   0x00000000   Code   RO          787    .ARM.Collect$$rtentry$$0000000C  c_p.l(__rtentry2.o)
    0x00000168   0x00000168   0x00000008   Code   RO          788    .ARM.Collect$$rtentry$$0000000D  c_p.l(__rtentry2.o)
    0x00000170   0x00000170   0x00000002   Code   RO          827    .ARM.Collect$$rtexit$$00000000  c_p.l(rtexit.o)
    0x00000172   0x00000172   0x00000000   Code   RO          883    .ARM.Collect$$rtexit$$00000002  c_p.l(rtexit2.o)
    0x00000172   0x00000172   0x00000004   Code   RO          884    .ARM.Collect$$rtexit$$00000003  c_p.l(rtexit2.o)
    0x00000176   0x00000176   0x00000006   Code   RO          885    .ARM.Collect$$rtexit$$00000004  c_p.l(rtexit2.o)
    0x0000017c   0x0000017c   0x00000034   Code   RO          654  * .text               startup_mkl05z4.o
    0x000001b0   0x000001b0   0x00000028   Code   RO          698    .text               c_p.l(noretval__2sprintf.o)
    0x000001d8   0x000001d8   0x0000004e   Code   RO          702    .text               c_p.l(_printf_pad.o)
    0x00000226   0x00000226   0x00000052   Code   RO          704    .text               c_p.l(_printf_str.o)
    0x00000278   0x00000278   0x0000006c   Code   RO          706    .text               c_p.l(_printf_dec.o)
    0x000002e4   0x000002e4   0x00000012   Code   RO          731    .text               c_p.l(div.o)
    0x000002f6   0x000002f6   0x00000002   PAD
    0x000002f8   0x000002f8   0x00000088   Code   RO          733    .text               c_p.l(strcmp.o)
    0x00000380   0x00000380   0x00000006   Code   RO          739    .text               c_p.l(heapauxi.o)
    0x00000386   0x00000386   0x00000002   PAD
    0x00000388   0x00000388   0x00000048   Code   RO          746    .text               fz_ps.l(dfixui.o)
    0x000003d0   0x000003d0   0x00000030   Code   RO          767    .text               c_p.l(_printf_char_common.o)
    0x00000400   0x00000400   0x00000010   Code   RO          653    .ARM.__at_0x400     startup_mkl05z4.o
    0x00000410   0x00000410   0x00000138   Code   RO          720    .text               c_p.l(__printf_flags_wp.o)
    0x00000548   0x00000548   0x0000015a   Code   RO          735    .text               c_p.l(aeabi_sdiv.o)
    0x000006a2   0x000006a2   0x00000002   PAD
    0x000006a4   0x000006a4   0x00000448   Code   RO          743    .text               fz_ps.l(ddiv.o)
    0x00000aec   0x00000aec   0x00000058   Code   RO          748    .text               fz_ps.l(dflti.o)
    0x00000b44   0x00000b44   0x00000248   Code   RO          750    .text               fz_ps.l(dmul.o)
    0x00000d8c   0x00000d8c   0x0000005e   Code   RO          754    .text               fz_ps.l(fflti.o)
    0x00000dea   0x00000dea   0x000000b0   Code   RO          765    .text               c_p.l(_printf_intcommon.o)
    0x00000e9a   0x00000e9a   0x0000000a   Code   RO          769    .text               c_p.l(_sputc.o)
    0x00000ea4   0x00000ea4   0x0000002e   Code   RO          771    .text               c_p.l(_printf_char.o)
    0x00000ed2   0x00000ed2   0x00000028   Code   RO          774    .text               c_p.l(rtudiv10.o)
    0x00000efa   0x00000efa   0x00000002   PAD
    0x00000efc   0x00000efc   0x00000090   Code   RO          776    .text               fz_ps.l(dcmpin.o)
    0x00000f8c   0x00000f8c   0x00000064   Code   RO          778    .text               fz_ps.l(fcmpin.o)
    0x00000ff0   0x00000ff0   0x0000002e   Code   RO          800    .text               fz_ps.l(cmpret.o)
    0x0000101e   0x0000101e   0x00000002   PAD
    0x00001020   0x00001020   0x00000014   Code   RO          802    .text               fz_ps.l(dnan2.o)
    0x00001034   0x00001034   0x00000010   Code   RO          804    .text               fz_ps.l(fnan2.o)
    0x00001044   0x00001044   0x0000003e   Code   RO          806    .text               c_p.l(sys_stackheap_outer.o)
    0x00001082   0x00001082   0x00000010   Code   RO          809    .text               c_p.l(exit.o)
    0x00001092   0x00001092   0x0000005e   Code   RO          821    .text               fz_ps.l(retnan.o)
    0x000010f0   0x000010f0   0x00000008   Code   RO          823    .text               c_p.l(libspace.o)
    0x000010f8   0x000010f8   0x0000000c   Code   RO          880    .text               c_p.l(sys_exit.o)
    0x00001104   0x00001104   0x00000002   Code   RO          899    .text               c_p.l(use_no_semi.o)
    0x00001106   0x00001106   0x00000000   Code   RO          901    .text               c_p.l(indicate_semi.o)
    0x00001106   0x00001106   0x00000002   PAD
    0x00001108   0x00001108   0x00000038   Code   RO          522    i.ADC0_IRQHandler   alarm.o
    0x00001140   0x00001140   0x00000128   Code   RO          612    i.ADC_Init          adc.o
    0x00001268   0x00001268   0x00000064   Code   RO          173    i.I2C_Init          i2c.o
    0x000012cc   0x000012cc   0x00000078   Code   RO          176    i.I2C_ReadReg       i2c.o
    0x00001344   0x00001344   0x000000a4   Code   RO          177    i.I2C_ReadRegBlock  i2c.o
    0x000013e8   0x000013e8   0x00000040   Code   RO          178    i.I2C_Write         i2c.o
    0x00001428   0x00001428   0x0000004c   Code   RO          179    i.I2C_WriteReg      i2c.o
    0x00001474   0x00001474   0x000000e8   Code   RO          138    i.Klaw_Init         klaw.o
    0x0000155c   0x0000155c   0x00000014   Code   RO          311    i.LCD1602_Backlight  lcd1602.o
    0x00001570   0x00001570   0x00000034   Code   RO          315    i.LCD1602_CheckAddress  lcd1602.o
    0x000015a4   0x000015a4   0x0000000c   Code   RO          316    i.LCD1602_ClearAll  lcd1602.o
    0x000015b0   0x000015b0   0x00000050   Code   RO          317    i.LCD1602_Init      lcd1602.o
    0x00001600   0x00001600   0x0000001c   Code   RO          319    i.LCD1602_Print     lcd1602.o
    0x0000161c   0x0000161c   0x00000024   Code   RO          322    i.LCD1602_SetCursor  lcd1602.o
    0x00001640   0x00001640   0x00000050   Code   RO          323    i.LCD1602_Write4    lcd1602.o
    0x00001690   0x00001690   0x0000001c   Code   RO          324    i.LCD1602_Write8    lcd1602.o
    0x000016ac   0x000016ac   0x00000028   Code   RO          325    i.PCF8574_Write     lcd1602.o
    0x000016d4   0x000016d4   0x00000078   Code   RO          632    i.PWM_Init          tpm.o
    0x0000174c   0x0000174c   0x00000088   Code   RO          429    i.RTC_Init          rtcclock.o
    0x000017d4   0x000017d4   0x0000000c   Code   RO          430    i.RTC_Read          rtcclock.o
    0x000017e0   0x000017e0   0x00000020   Code   RO          431    i.RTC_Write         rtcclock.o
    0x00001800   0x00001800   0x00000034   Code   RO            3    i.SysTick_Config    main.o
    0x00001834   0x00001834   0x00000028   Code   RO            4    i.SysTick_Handler   main.o
    0x0000185c   0x0000185c   0x0000005c   Code   RO          663    i.SystemInit        system_mkl05z4.o
    0x000018b8   0x000018b8   0x000000a4   Code   RO            5    i.UART0_IRQHandler  main.o
    0x0000195c   0x0000195c   0x000000c4   Code   RO          115    i.UART0_Init        uart0.o
    0x00001a20   0x00001a20   0x00000078   Code   RO            6    i.__NVIC_SetPriority  main.o
    0x00001a98   0x00001a98   0x0000000e   Code   RO          718    i._is_digit         c_p.l(__printf_wp.o)
    0x00001aa6   0x00001aa6   0x00000002   PAD
    0x00001aa8   0x00001aa8   0x00000084   Code   RO          523    i.admin_setup       alarm.o
    0x00001b2c   0x00001b2c   0x000001cc   Code   RO          524    i.alarm             alarm.o
    0x00001cf8   0x00001cf8   0x000004d4   Code   RO          525    i.armed             alarm.o
    0x000021cc   0x000021cc   0x0000013c   Code   RO          526    i.change_passwd     alarm.o
    0x00002308   0x00002308   0x00000020   Code   RO          139    i.contact_vibration  klaw.o
    0x00002328   0x00002328   0x0000008c   Code   RO          527    i.enter_passwd      alarm.o
    0x000023b4   0x000023b4   0x00000088   Code   RO          528    i.enter_user_passwd  alarm.o
    0x0000243c   0x0000243c   0x00000014   Code   RO          180    i.i2c_ack           i2c.o
    0x00002450   0x00002450   0x00000014   Code   RO          181    i.i2c_clr_IICIF     i2c.o
    0x00002464   0x00002464   0x00000014   Code   RO          182    i.i2c_disable       i2c.o
    0x00002478   0x00002478   0x00000014   Code   RO          183    i.i2c_enable        i2c.o
    0x0000248c   0x0000248c   0x00000020   Code   RO          184    i.i2c_m_rstart      i2c.o
    0x000024ac   0x000024ac   0x00000014   Code   RO          185    i.i2c_m_start       i2c.o
    0x000024c0   0x000024c0   0x00000014   Code   RO          186    i.i2c_m_stop        i2c.o
    0x000024d4   0x000024d4   0x00000014   Code   RO          187    i.i2c_nack          i2c.o
    0x000024e8   0x000024e8   0x00000014   Code   RO          188    i.i2c_rec           i2c.o
    0x000024fc   0x000024fc   0x0000000c   Code   RO          189    i.i2c_recv          i2c.o
    0x00002508   0x00002508   0x0000000c   Code   RO          190    i.i2c_send          i2c.o
    0x00002514   0x00002514   0x00000014   Code   RO          191    i.i2c_tran          i2c.o
    0x00002528   0x00002528   0x0000007c   Code   RO          192    i.i2c_wait          i2c.o
    0x000025a4   0x000025a4   0x00000a1c   Code   RO            7    i.main              main.o
    0x00002fc0   0x00002fc0   0x0000007c   Code   RO          140    i.read_keypad       klaw.o
    0x0000303c   0x0000303c   0x0000009c   Code   RO          432    i.set_hour          rtcclock.o
    0x000030d8   0x000030d8   0x0000009c   Code   RO          433    i.set_minute        rtcclock.o
    0x00003174   0x00003174   0x0000009c   Code   RO          434    i.set_month         rtcclock.o
    0x00003210   0x00003210   0x0000009c   Code   RO          435    i.set_monthday      rtcclock.o
    0x000032ac   0x000032ac   0x0000009c   Code   RO          436    i.set_second        rtcclock.o
    0x00003348   0x00003348   0x00000098   Code   RO          437    i.set_weekday       rtcclock.o
    0x000033e0   0x000033e0   0x000000a0   Code   RO          438    i.set_year          rtcclock.o
    0x00003480   0x00003480   0x0000014c   Code   RO          439    i.time_read         rtcclock.o
    0x000035cc   0x000035cc   0x00000038   Code   RO          440    i.time_write        rtcclock.o
    0x00003604   0x00003604   0x00000048   Code   RO          529    i.typing_passwd     alarm.o
    0x0000364c   0x0000364c   0x0000004c   Code   RO          530    i.user_setup        alarm.o
    0x00003698   0x00003698   0x00000068   Code   RO          752    x$fpl$drleqf        fz_ps.l(drlef.o)
    0x00003700   0x00003700   0x000000b0   Code   RO          756    x$fpl$fmul          fz_ps.l(fmul.o)
    0x000037b0   0x000037b0   0x00000058   Code   RO          758    x$fpl$frleqf        fz_ps.l(frlef.o)
    0x00003808   0x00003808   0x00000000   Code   RO          780    x$fpl$usenofp       fz_ps.l(usenofp.o)
    0x00003808   0x00003808   0x00000011   Data   RO          721    .constdata          c_p.l(__printf_flags_wp.o)
    0x00003819   0x00003819   0x00000080   Data   RO          744    .constdata          fz_ps.l(ddiv.o)
    0x00003899   0x00003899   0x00000003   PAD
    0x0000389c   0x0000389c   0x00000020   Data   RO          953    Region$$Table       anon$$obj.o


    Execution Region ER_RW (Exec base: 0x1ffffc00, Load base: 0x000038bc, Size: 0x000000dc, Max: 0xffffffff, ABSOLUTE)

    Exec Addr    Load Addr    Size         Type   Attr      Idx    E Section Name        Object

    0x1ffffc00   0x000038bc   0x00000052   Data   RW            9    .data               main.o
    0x1ffffc52   0x0000390e   0x00000005   Data   RW          193    .data               i2c.o
    0x1ffffc57   0x00003913   0x0000004a   Data   RW          327    .data               lcd1602.o
    0x1ffffca1   0x0000395d   0x00000007   PAD
    0x1ffffca8   0x00003964   0x00000030   Data   RW          531    .data               alarm.o
    0x1ffffcd8   0x00003994   0x00000004   Data   RW          664    .data               system_mkl05z4.o


    Execution Region ER_ZI (Exec base: 0x1ffffcdc, Load base: 0x00003998, Size: 0x0000039c, Max: 0xffffffff, ABSOLUTE)

    Exec Addr    Load Addr    Size         Type   Attr      Idx    E Section Name        Object

    0x1ffffcdc        -       0x00000010   Zero   RW            8    .bss                main.o
    0x1ffffcec        -       0x0000002c   Zero   RW          441    .bss                rtcclock.o
    0x1ffffd18        -       0x00000060   Zero   RW          824    .bss                c_p.l(libspace.o)
    0x1ffffd78        -       0x00000000   Zero   RW          651    HEAP                startup_mkl05z4.o
    0x1ffffd78        -       0x00000300   Zero   RW          650    STACK               startup_mkl05z4.o


==============================================================================

Image component sizes


      Code (inc. data)   RO Data    RW Data    ZI Data      Debug   Object Name

       296         22          0          0          0        835   adc.o
      2624        534          0         48          0       8198   alarm.o
       884        130          0          5          0       8883   i2c.o
       388         46          0          0          0       1610   klaw.o
       376         28          0         74          0       5743   lcd1602.o
      2964        622          0         82         16      97521   main.o
      1660        154          0          0         44       6891   rtcclock.o
        68         38        192          0        768        916   startup_mkl05z4.o
        92         14          0          4          0        783   system_mkl05z4.o
       120         16          0          0          0        423   tpm.o
       196         20          0          0          0       8677   uart0.o

    ----------------------------------------------------------------------
      9668       1624        224        220        828     140480   Object Totals
         0          0         32          0          0          0   (incl. Generated)
         0          0          0          7          0          0   (incl. Padding)

    ----------------------------------------------------------------------

      Code (inc. data)   RO Data    RW Data    ZI Data      Debug   Library Member Name

         8          0          0          0          0         68   __main.o
       312          6         17          0          0         76   __printf_flags_wp.o
        14          0          0          0          0         60   __printf_wp.o
         0          0          0          0          0          0   __rtentry.o
        12          0          0          0          0          0   __rtentry2.o
         6          0          0          0          0          0   __rtentry4.o
        60          8          0          0          0          0   __scatter.o
        26          0          0          0          0          0   __scatter_copy.o
        28          0          0          0          0          0   __scatter_zi.o
        10          0          0          0          0          0   _printf_c.o
        46          0          0          0          0        100   _printf_char.o
        48          6          0          0          0         88   _printf_char_common.o
        10          0          0          0          0          0   _printf_d.o
       108         18          0          0          0         76   _printf_dec.o
       176          0          0          0          0         84   _printf_intcommon.o
        78          0          0          0          0        100   _printf_pad.o
         2          0          0          0          0          0   _printf_percent.o
         4          0          0          0          0          0   _printf_percent_end.o
        82          0          0          0          0         72   _printf_str.o
        10          0          0          0          0         60   _sputc.o
       346          0          0          0          0         92   aeabi_sdiv.o
        18          0          0          0          0         68   div.o
        16          0          0          0          0         68   exit.o
         6          0          0          0          0        136   heapauxi.o
         0          0          0          0          0          0   indicate_semi.o
         2          0          0          0          0          0   libinit.o
         2          0          0          0          0          0   libinit2.o
         2          0          0          0          0          0   libshutdown.o
         2          0          0          0          0          0   libshutdown2.o
         8          4          0          0         96         68   libspace.o
        40          4          0          0          0         84   noretval__2sprintf.o
         2          0          0          0          0          0   rtexit.o
        10          0          0          0          0          0   rtexit2.o
        40          0          0          0          0         60   rtudiv10.o
       136          4          0          0          0         72   strcmp.o
        12          4          0          0          0         60   sys_exit.o
        62          0          0          0          0         80   sys_stackheap_outer.o
         2          0          0          0          0         68   use_no_semi.o
        46          0          0          0          0         60   cmpret.o
       144          4          0          0          0         76   dcmpin.o
      1096         26        128          0          0        112   ddiv.o
        72          4          0          0          0         68   dfixui.o
        88          0          0          0          0         92   dflti.o
       584         26          0          0          0         84   dmul.o
        20          6          0          0          0         68   dnan2.o
       104          4          0          0          0        104   drlef.o
       100          4          0          0          0         68   fcmpin.o
        94          0          0          0          0         92   fflti.o
       176          4          0          0          0         80   fmul.o
        16          6          0          0          0         68   fnan2.o
        88          4          0          0          0         76   frlef.o
        94          0          0          0          0         68   retnan.o
         0          0          0          0          0          0   usenofp.o

    ----------------------------------------------------------------------
      4484        142        148          0         96       2756   Library Totals
        16          0          3          0          0          0   (incl. Padding)

    ----------------------------------------------------------------------

      Code (inc. data)   RO Data    RW Data    ZI Data      Debug   Library Name

      1746         54         17          0         96       1640   c_p.l
      2722         88        128          0          0       1116   fz_ps.l

    ----------------------------------------------------------------------
      4484        142        148          0         96       2756   Library Totals

    ----------------------------------------------------------------------

==============================================================================


      Code (inc. data)   RO Data    RW Data    ZI Data      Debug   

     14152       1766        372        220        924     139372   Grand Totals
     14152       1766        372        220        924     139372   ELF Image Totals
     14152       1766        372        220          0          0   ROM Totals

==============================================================================

    Total RO  Size (Code + RO Data)                14524 (  14.18kB)
    Total RW  Size (RW Data + ZI Data)              1144 (   1.12kB)
    Total ROM Size (Code + RO Data + RW Data)      14744 (  14.40kB)

==============================================================================

