<!doctype html public "-//w3c//dtd html 4.0 transitional//en">
<html><head>
<title>Static Call Graph - [.\Objects\Alarm.axf]</title></head>
<body><HR>
<H1>Static Call Graph for image .\Objects\Alarm.axf</H1><HR>
<BR><P>#&#060CALLGRAPH&#062# ARM Linker, 5060960: Last Updated: Thu Jan 20 17:07:02 2022
<BR><P>
<H3>Maximum Stack Usage =        200 bytes + Unknown(Functions without stacksize, Cycles, Untraceable Function Pointers)</H3><H3>
Call chain for Maximum Stack Depth:</H3>
__rt_entry_main &rArr; main &rArr; user_setup &rArr; armed_user &rArr; __2sprintf &rArr; _printf_char_common &rArr; __printf
<P>
<H3>
Functions with no stack information
</H3><UL>
 <LI><a href="#[31]">__user_initial_stackheap</a>
</UL>
</UL>
<P>
<H3>
Mutually Recursive functions
</H3> <LI><a href="#[6]">NMI_Handler</a>&nbsp;&nbsp;&nbsp;&rArr;&nbsp;&nbsp;&nbsp;<a href="#[6]">NMI_Handler</a><BR>
 <LI><a href="#[7]">HardFault_Handler</a>&nbsp;&nbsp;&nbsp;&rArr;&nbsp;&nbsp;&nbsp;<a href="#[7]">HardFault_Handler</a><BR>
 <LI><a href="#[8]">SVC_Handler</a>&nbsp;&nbsp;&nbsp;&rArr;&nbsp;&nbsp;&nbsp;<a href="#[8]">SVC_Handler</a><BR>
 <LI><a href="#[9]">PendSV_Handler</a>&nbsp;&nbsp;&nbsp;&rArr;&nbsp;&nbsp;&nbsp;<a href="#[9]">PendSV_Handler</a><BR>
 <LI><a href="#[1b]">CMP0_IRQHandler</a>&nbsp;&nbsp;&nbsp;&rArr;&nbsp;&nbsp;&nbsp;<a href="#[1b]">CMP0_IRQHandler</a><BR>
</UL>
<P>
<H3>
Function Pointers
</H3><UL>
 <LI><a href="#[1a]">ADC0_IRQHandler</a> from alarm.o(i.ADC0_IRQHandler) referenced from startup_mkl05z4.o(RESET)
 <LI><a href="#[1b]">CMP0_IRQHandler</a> from startup_mkl05z4.o(.text) referenced from startup_mkl05z4.o(RESET)
 <LI><a href="#[24]">DAC0_IRQHandler</a> from startup_mkl05z4.o(.text) referenced from startup_mkl05z4.o(RESET)
 <LI><a href="#[b]">DMA0_IRQHandler</a> from startup_mkl05z4.o(.text) referenced from startup_mkl05z4.o(RESET)
 <LI><a href="#[c]">DMA1_IRQHandler</a> from startup_mkl05z4.o(.text) referenced from startup_mkl05z4.o(RESET)
 <LI><a href="#[d]">DMA2_IRQHandler</a> from startup_mkl05z4.o(.text) referenced from startup_mkl05z4.o(RESET)
 <LI><a href="#[e]">DMA3_IRQHandler</a> from startup_mkl05z4.o(.text) referenced from startup_mkl05z4.o(RESET)
 <LI><a href="#[10]">FTFA_IRQHandler</a> from startup_mkl05z4.o(.text) referenced from startup_mkl05z4.o(RESET)
 <LI><a href="#[7]">HardFault_Handler</a> from startup_mkl05z4.o(.text) referenced from startup_mkl05z4.o(RESET)
 <LI><a href="#[13]">I2C0_IRQHandler</a> from startup_mkl05z4.o(.text) referenced from startup_mkl05z4.o(RESET)
 <LI><a href="#[12]">LLW_IRQHandler</a> from startup_mkl05z4.o(.text) referenced from startup_mkl05z4.o(RESET)
 <LI><a href="#[27]">LPTimer_IRQHandler</a> from startup_mkl05z4.o(.text) referenced from startup_mkl05z4.o(RESET)
 <LI><a href="#[11]">LVD_LVW_IRQHandler</a> from startup_mkl05z4.o(.text) referenced from startup_mkl05z4.o(RESET)
 <LI><a href="#[26]">MCG_IRQHandler</a> from startup_mkl05z4.o(.text) referenced from startup_mkl05z4.o(RESET)
 <LI><a href="#[6]">NMI_Handler</a> from startup_mkl05z4.o(.text) referenced from startup_mkl05z4.o(RESET)
 <LI><a href="#[21]">PIT_IRQHandler</a> from startup_mkl05z4.o(.text) referenced from startup_mkl05z4.o(RESET)
 <LI><a href="#[29]">PORTA_IRQHandler</a> from startup_mkl05z4.o(.text) referenced from startup_mkl05z4.o(RESET)
 <LI><a href="#[2a]">PORTB_IRQHandler</a> from startup_mkl05z4.o(.text) referenced from startup_mkl05z4.o(RESET)
 <LI><a href="#[9]">PendSV_Handler</a> from startup_mkl05z4.o(.text) referenced from startup_mkl05z4.o(RESET)
 <LI><a href="#[1f]">RTC_IRQHandler</a> from startup_mkl05z4.o(.text) referenced from startup_mkl05z4.o(RESET)
 <LI><a href="#[20]">RTC_Seconds_IRQHandler</a> from startup_mkl05z4.o(.text) referenced from startup_mkl05z4.o(RESET)
 <LI><a href="#[f]">Reserved20_IRQHandler</a> from startup_mkl05z4.o(.text) referenced from startup_mkl05z4.o(RESET)
 <LI><a href="#[14]">Reserved25_IRQHandler</a> from startup_mkl05z4.o(.text) referenced from startup_mkl05z4.o(RESET)
 <LI><a href="#[16]">Reserved27_IRQHandler</a> from startup_mkl05z4.o(.text) referenced from startup_mkl05z4.o(RESET)
 <LI><a href="#[18]">Reserved29_IRQHandler</a> from startup_mkl05z4.o(.text) referenced from startup_mkl05z4.o(RESET)
 <LI><a href="#[19]">Reserved30_IRQHandler</a> from startup_mkl05z4.o(.text) referenced from startup_mkl05z4.o(RESET)
 <LI><a href="#[1e]">Reserved35_IRQHandler</a> from startup_mkl05z4.o(.text) referenced from startup_mkl05z4.o(RESET)
 <LI><a href="#[22]">Reserved39_IRQHandler</a> from startup_mkl05z4.o(.text) referenced from startup_mkl05z4.o(RESET)
 <LI><a href="#[23]">Reserved40_IRQHandler</a> from startup_mkl05z4.o(.text) referenced from startup_mkl05z4.o(RESET)
 <LI><a href="#[28]">Reserved45_IRQHandler</a> from startup_mkl05z4.o(.text) referenced from startup_mkl05z4.o(RESET)
 <LI><a href="#[2f]">Reset_Handler</a> from startup_mkl05z4.o(.text) referenced from startup_mkl05z4.o(RESET)
 <LI><a href="#[15]">SPI0_IRQHandler</a> from startup_mkl05z4.o(.text) referenced from startup_mkl05z4.o(RESET)
 <LI><a href="#[8]">SVC_Handler</a> from startup_mkl05z4.o(.text) referenced from startup_mkl05z4.o(RESET)
 <LI><a href="#[a]">SysTick_Handler</a> from main.o(i.SysTick_Handler) referenced from startup_mkl05z4.o(RESET)
 <LI><a href="#[2b]">SystemInit</a> from system_mkl05z4.o(i.SystemInit) referenced from startup_mkl05z4.o(.text)
 <LI><a href="#[1c]">TPM0_IRQHandler</a> from startup_mkl05z4.o(.text) referenced from startup_mkl05z4.o(RESET)
 <LI><a href="#[1d]">TPM1_IRQHandler</a> from startup_mkl05z4.o(.text) referenced from startup_mkl05z4.o(RESET)
 <LI><a href="#[25]">TSI0_IRQHandler</a> from startup_mkl05z4.o(.text) referenced from startup_mkl05z4.o(RESET)
 <LI><a href="#[17]">UART0_IRQHandler</a> from main.o(i.UART0_IRQHandler) referenced from startup_mkl05z4.o(RESET)
 <LI><a href="#[30]">__main</a> from __main.o(!!!main) referenced from startup_mkl05z4.o(.text)
 <LI><a href="#[2e]">_printf_input_char</a> from _printf_char_common.o(.text) referenced from _printf_char_common.o(.text)
 <LI><a href="#[2d]">_sputc</a> from _sputc.o(.text) referenced from noretval__2sprintf.o(.text)
</UL>
<P>
<H3>
Global Symbols
</H3>
<P><STRONG><a name="[30]"></a>__main</STRONG> (Thumb, 8 bytes, Stack size 0 bytes, __main.o(!!!main))
<BR><BR>[Calls]<UL><LI><a href="#[33]">&gt;&gt;</a>&nbsp;&nbsp;&nbsp;__scatterload
<LI><a href="#[34]">&gt;&gt;</a>&nbsp;&nbsp;&nbsp;__rt_entry
</UL>

<P><STRONG><a name="[33]"></a>__scatterload</STRONG> (Thumb, 0 bytes, Stack size unknown bytes, __scatter.o(!!!scatter))
<BR><BR>[Called By]<UL><LI><a href="#[30]">&gt;&gt;</a>&nbsp;&nbsp;&nbsp;__main
</UL>

<P><STRONG><a name="[35]"></a>__scatterload_rt2</STRONG> (Thumb, 52 bytes, Stack size unknown bytes, __scatter.o(!!!scatter), UNUSED)
<BR><BR>[Calls]<UL><LI><a href="#[34]">&gt;&gt;</a>&nbsp;&nbsp;&nbsp;__rt_entry
</UL>

<P><STRONG><a name="[ab]"></a>__scatterload_rt2_thumb_only</STRONG> (Thumb, 0 bytes, Stack size unknown bytes, __scatter.o(!!!scatter), UNUSED)

<P><STRONG><a name="[ac]"></a>__scatterload_null</STRONG> (Thumb, 0 bytes, Stack size unknown bytes, __scatter.o(!!!scatter), UNUSED)

<P><STRONG><a name="[36]"></a>__scatterload_copy</STRONG> (Thumb, 26 bytes, Stack size unknown bytes, __scatter_copy.o(!!handler_copy), UNUSED)
<BR><BR>[Calls]<UL><LI><a href="#[36]">&gt;&gt;</a>&nbsp;&nbsp;&nbsp;__scatterload_copy
</UL>
<BR>[Called By]<UL><LI><a href="#[36]">&gt;&gt;</a>&nbsp;&nbsp;&nbsp;__scatterload_copy
</UL>

<P><STRONG><a name="[ad]"></a>__scatterload_zeroinit</STRONG> (Thumb, 28 bytes, Stack size unknown bytes, __scatter_zi.o(!!handler_zi), UNUSED)

<P><STRONG><a name="[54]"></a>_printf_percent</STRONG> (Thumb, 0 bytes, Stack size unknown bytes, _printf_percent.o(.ARM.Collect$$_printf_percent$$00000000))
<BR><BR>[Called By]<UL><LI><a href="#[52]">&gt;&gt;</a>&nbsp;&nbsp;&nbsp;__printf
</UL>

<P><STRONG><a name="[37]"></a>_printf_d</STRONG> (Thumb, 0 bytes, Stack size unknown bytes, _printf_d.o(.ARM.Collect$$_printf_percent$$00000009))
<BR><BR>[Stack]<UL><LI>Max Depth = 88 + Unknown Stack Size
<LI>Call Chain = _printf_d &rArr; _printf_int_dec &rArr; _printf_int_common &rArr; _printf_post_padding
</UL>
<BR>[Calls]<UL><LI><a href="#[38]">&gt;&gt;</a>&nbsp;&nbsp;&nbsp;_printf_c
<LI><a href="#[39]">&gt;&gt;</a>&nbsp;&nbsp;&nbsp;_printf_int_dec
</UL>

<P><STRONG><a name="[38]"></a>_printf_c</STRONG> (Thumb, 0 bytes, Stack size unknown bytes, _printf_c.o(.ARM.Collect$$_printf_percent$$00000013))
<BR><BR>[Stack]<UL><LI>Max Depth = 40 + Unknown Stack Size
<LI>Call Chain = _printf_c &rArr; _printf_char &rArr; _printf_cs_common &rArr; _printf_str &rArr; _printf_post_padding
</UL>
<BR>[Calls]<UL><LI><a href="#[3a]">&gt;&gt;</a>&nbsp;&nbsp;&nbsp;_printf_percent_end
<LI><a href="#[3b]">&gt;&gt;</a>&nbsp;&nbsp;&nbsp;_printf_char
</UL>
<BR>[Called By]<UL><LI><a href="#[37]">&gt;&gt;</a>&nbsp;&nbsp;&nbsp;_printf_d
</UL>

<P><STRONG><a name="[3a]"></a>_printf_percent_end</STRONG> (Thumb, 0 bytes, Stack size unknown bytes, _printf_percent_end.o(.ARM.Collect$$_printf_percent$$00000017))
<BR><BR>[Called By]<UL><LI><a href="#[38]">&gt;&gt;</a>&nbsp;&nbsp;&nbsp;_printf_c
</UL>

<P><STRONG><a name="[3f]"></a>__rt_lib_init</STRONG> (Thumb, 0 bytes, Stack size unknown bytes, libinit.o(.ARM.Collect$$libinit$$00000000))
<BR><BR>[Called By]<UL><LI><a href="#[3e]">&gt;&gt;</a>&nbsp;&nbsp;&nbsp;__rt_entry_li
</UL>

<P><STRONG><a name="[ae]"></a>__rt_lib_init_alloca_1</STRONG> (Thumb, 0 bytes, Stack size unknown bytes, libinit2.o(.ARM.Collect$$libinit$$0000002E))

<P><STRONG><a name="[af]"></a>__rt_lib_init_argv_1</STRONG> (Thumb, 0 bytes, Stack size unknown bytes, libinit2.o(.ARM.Collect$$libinit$$0000002C))

<P><STRONG><a name="[b0]"></a>__rt_lib_init_atexit_1</STRONG> (Thumb, 0 bytes, Stack size unknown bytes, libinit2.o(.ARM.Collect$$libinit$$0000001B))

<P><STRONG><a name="[b1]"></a>__rt_lib_init_clock_1</STRONG> (Thumb, 0 bytes, Stack size unknown bytes, libinit2.o(.ARM.Collect$$libinit$$00000021))

<P><STRONG><a name="[b2]"></a>__rt_lib_init_cpp_1</STRONG> (Thumb, 0 bytes, Stack size unknown bytes, libinit2.o(.ARM.Collect$$libinit$$00000032))

<P><STRONG><a name="[b3]"></a>__rt_lib_init_exceptions_1</STRONG> (Thumb, 0 bytes, Stack size unknown bytes, libinit2.o(.ARM.Collect$$libinit$$00000030))

<P><STRONG><a name="[b4]"></a>__rt_lib_init_fp_1</STRONG> (Thumb, 0 bytes, Stack size unknown bytes, libinit2.o(.ARM.Collect$$libinit$$00000002))

<P><STRONG><a name="[b5]"></a>__rt_lib_init_fp_trap_1</STRONG> (Thumb, 0 bytes, Stack size unknown bytes, libinit2.o(.ARM.Collect$$libinit$$0000001F))

<P><STRONG><a name="[b6]"></a>__rt_lib_init_getenv_1</STRONG> (Thumb, 0 bytes, Stack size unknown bytes, libinit2.o(.ARM.Collect$$libinit$$00000023))

<P><STRONG><a name="[b7]"></a>__rt_lib_init_heap_1</STRONG> (Thumb, 0 bytes, Stack size unknown bytes, libinit2.o(.ARM.Collect$$libinit$$0000000A))

<P><STRONG><a name="[b8]"></a>__rt_lib_init_lc_collate_1</STRONG> (Thumb, 0 bytes, Stack size unknown bytes, libinit2.o(.ARM.Collect$$libinit$$00000011))

<P><STRONG><a name="[b9]"></a>__rt_lib_init_lc_ctype_1</STRONG> (Thumb, 0 bytes, Stack size unknown bytes, libinit2.o(.ARM.Collect$$libinit$$00000013))

<P><STRONG><a name="[ba]"></a>__rt_lib_init_lc_monetary_1</STRONG> (Thumb, 0 bytes, Stack size unknown bytes, libinit2.o(.ARM.Collect$$libinit$$00000015))

<P><STRONG><a name="[bb]"></a>__rt_lib_init_lc_numeric_1</STRONG> (Thumb, 0 bytes, Stack size unknown bytes, libinit2.o(.ARM.Collect$$libinit$$00000017))

<P><STRONG><a name="[bc]"></a>__rt_lib_init_lc_time_1</STRONG> (Thumb, 0 bytes, Stack size unknown bytes, libinit2.o(.ARM.Collect$$libinit$$00000019))

<P><STRONG><a name="[bd]"></a>__rt_lib_init_preinit_1</STRONG> (Thumb, 0 bytes, Stack size unknown bytes, libinit2.o(.ARM.Collect$$libinit$$00000004))

<P><STRONG><a name="[be]"></a>__rt_lib_init_rand_1</STRONG> (Thumb, 0 bytes, Stack size unknown bytes, libinit2.o(.ARM.Collect$$libinit$$0000000E))

<P><STRONG><a name="[bf]"></a>__rt_lib_init_return</STRONG> (Thumb, 0 bytes, Stack size unknown bytes, libinit2.o(.ARM.Collect$$libinit$$00000033))

<P><STRONG><a name="[c0]"></a>__rt_lib_init_signal_1</STRONG> (Thumb, 0 bytes, Stack size unknown bytes, libinit2.o(.ARM.Collect$$libinit$$0000001D))

<P><STRONG><a name="[c1]"></a>__rt_lib_init_stdio_1</STRONG> (Thumb, 0 bytes, Stack size unknown bytes, libinit2.o(.ARM.Collect$$libinit$$00000025))

<P><STRONG><a name="[c2]"></a>__rt_lib_init_user_alloc_1</STRONG> (Thumb, 0 bytes, Stack size unknown bytes, libinit2.o(.ARM.Collect$$libinit$$0000000C))

<P><STRONG><a name="[44]"></a>__rt_lib_shutdown</STRONG> (Thumb, 0 bytes, Stack size unknown bytes, libshutdown.o(.ARM.Collect$$libshutdown$$00000000))
<BR><BR>[Called By]<UL><LI><a href="#[43]">&gt;&gt;</a>&nbsp;&nbsp;&nbsp;__rt_exit_ls
</UL>

<P><STRONG><a name="[c3]"></a>__rt_lib_shutdown_cpp_1</STRONG> (Thumb, 0 bytes, Stack size unknown bytes, libshutdown2.o(.ARM.Collect$$libshutdown$$00000004))

<P><STRONG><a name="[c4]"></a>__rt_lib_shutdown_fini_1</STRONG> (Thumb, 0 bytes, Stack size unknown bytes, libshutdown2.o(.ARM.Collect$$libshutdown$$00000002))

<P><STRONG><a name="[c5]"></a>__rt_lib_shutdown_fp_trap_1</STRONG> (Thumb, 0 bytes, Stack size unknown bytes, libshutdown2.o(.ARM.Collect$$libshutdown$$00000009))

<P><STRONG><a name="[c6]"></a>__rt_lib_shutdown_heap_1</STRONG> (Thumb, 0 bytes, Stack size unknown bytes, libshutdown2.o(.ARM.Collect$$libshutdown$$00000011))

<P><STRONG><a name="[c7]"></a>__rt_lib_shutdown_return</STRONG> (Thumb, 0 bytes, Stack size unknown bytes, libshutdown2.o(.ARM.Collect$$libshutdown$$00000012))

<P><STRONG><a name="[c8]"></a>__rt_lib_shutdown_signal_1</STRONG> (Thumb, 0 bytes, Stack size unknown bytes, libshutdown2.o(.ARM.Collect$$libshutdown$$0000000C))

<P><STRONG><a name="[c9]"></a>__rt_lib_shutdown_stdio_1</STRONG> (Thumb, 0 bytes, Stack size unknown bytes, libshutdown2.o(.ARM.Collect$$libshutdown$$00000006))

<P><STRONG><a name="[ca]"></a>__rt_lib_shutdown_user_alloc_1</STRONG> (Thumb, 0 bytes, Stack size unknown bytes, libshutdown2.o(.ARM.Collect$$libshutdown$$0000000E))

<P><STRONG><a name="[34]"></a>__rt_entry</STRONG> (Thumb, 0 bytes, Stack size unknown bytes, __rtentry.o(.ARM.Collect$$rtentry$$00000000))
<BR><BR>[Called By]<UL><LI><a href="#[35]">&gt;&gt;</a>&nbsp;&nbsp;&nbsp;__scatterload_rt2
<LI><a href="#[30]">&gt;&gt;</a>&nbsp;&nbsp;&nbsp;__main
</UL>

<P><STRONG><a name="[cb]"></a>__rt_entry_presh_1</STRONG> (Thumb, 0 bytes, Stack size unknown bytes, __rtentry2.o(.ARM.Collect$$rtentry$$00000002))

<P><STRONG><a name="[3c]"></a>__rt_entry_sh</STRONG> (Thumb, 0 bytes, Stack size unknown bytes, __rtentry4.o(.ARM.Collect$$rtentry$$00000004))
<BR><BR>[Stack]<UL><LI>Max Depth = 8 + Unknown Stack Size
<LI>Call Chain = __rt_entry_sh &rArr; __user_setup_stackheap
</UL>
<BR>[Calls]<UL><LI><a href="#[3d]">&gt;&gt;</a>&nbsp;&nbsp;&nbsp;__user_setup_stackheap
</UL>

<P><STRONG><a name="[3e]"></a>__rt_entry_li</STRONG> (Thumb, 0 bytes, Stack size unknown bytes, __rtentry2.o(.ARM.Collect$$rtentry$$0000000A))
<BR><BR>[Calls]<UL><LI><a href="#[3f]">&gt;&gt;</a>&nbsp;&nbsp;&nbsp;__rt_lib_init
</UL>

<P><STRONG><a name="[cc]"></a>__rt_entry_postsh_1</STRONG> (Thumb, 0 bytes, Stack size unknown bytes, __rtentry2.o(.ARM.Collect$$rtentry$$00000009))

<P><STRONG><a name="[40]"></a>__rt_entry_main</STRONG> (Thumb, 0 bytes, Stack size unknown bytes, __rtentry2.o(.ARM.Collect$$rtentry$$0000000D))
<BR><BR>[Stack]<UL><LI>Max Depth = 200 + Unknown Stack Size
<LI>Call Chain = __rt_entry_main &rArr; main &rArr; user_setup &rArr; armed_user &rArr; __2sprintf &rArr; _printf_char_common &rArr; __printf
</UL>
<BR>[Calls]<UL><LI><a href="#[41]">&gt;&gt;</a>&nbsp;&nbsp;&nbsp;main
<LI><a href="#[42]">&gt;&gt;</a>&nbsp;&nbsp;&nbsp;exit
</UL>

<P><STRONG><a name="[cd]"></a>__rt_entry_postli_1</STRONG> (Thumb, 0 bytes, Stack size unknown bytes, __rtentry2.o(.ARM.Collect$$rtentry$$0000000C))

<P><STRONG><a name="[68]"></a>__rt_exit</STRONG> (Thumb, 0 bytes, Stack size unknown bytes, rtexit.o(.ARM.Collect$$rtexit$$00000000))
<BR><BR>[Called By]<UL><LI><a href="#[42]">&gt;&gt;</a>&nbsp;&nbsp;&nbsp;exit
</UL>

<P><STRONG><a name="[43]"></a>__rt_exit_ls</STRONG> (Thumb, 0 bytes, Stack size unknown bytes, rtexit2.o(.ARM.Collect$$rtexit$$00000003))
<BR><BR>[Calls]<UL><LI><a href="#[44]">&gt;&gt;</a>&nbsp;&nbsp;&nbsp;__rt_lib_shutdown
</UL>

<P><STRONG><a name="[ce]"></a>__rt_exit_prels_1</STRONG> (Thumb, 0 bytes, Stack size unknown bytes, rtexit2.o(.ARM.Collect$$rtexit$$00000002))

<P><STRONG><a name="[45]"></a>__rt_exit_exit</STRONG> (Thumb, 0 bytes, Stack size unknown bytes, rtexit2.o(.ARM.Collect$$rtexit$$00000004))
<BR><BR>[Calls]<UL><LI><a href="#[46]">&gt;&gt;</a>&nbsp;&nbsp;&nbsp;_sys_exit
</UL>

<P><STRONG><a name="[2f]"></a>Reset_Handler</STRONG> (Thumb, 8 bytes, Stack size 0 bytes, startup_mkl05z4.o(.text))

<P><STRONG><a name="[6]"></a>NMI_Handler</STRONG> (Thumb, 2 bytes, Stack size 0 bytes, startup_mkl05z4.o(.text))
<BR><BR>[Calls]<UL><LI><a href="#[6]">&gt;&gt;</a>&nbsp;&nbsp;&nbsp;NMI_Handler
</UL>
<BR>[Called By]<UL><LI><a href="#[6]">&gt;&gt;</a>&nbsp;&nbsp;&nbsp;NMI_Handler
</UL>
<BR>[Address Reference Count : 1]<UL><LI> startup_mkl05z4.o(RESET)
</UL>
<P><STRONG><a name="[7]"></a>HardFault_Handler</STRONG> (Thumb, 2 bytes, Stack size 0 bytes, startup_mkl05z4.o(.text))
<BR><BR>[Calls]<UL><LI><a href="#[7]">&gt;&gt;</a>&nbsp;&nbsp;&nbsp;HardFault_Handler
</UL>
<BR>[Called By]<UL><LI><a href="#[7]">&gt;&gt;</a>&nbsp;&nbsp;&nbsp;HardFault_Handler
</UL>
<BR>[Address Reference Count : 1]<UL><LI> startup_mkl05z4.o(RESET)
</UL>
<P><STRONG><a name="[8]"></a>SVC_Handler</STRONG> (Thumb, 2 bytes, Stack size 0 bytes, startup_mkl05z4.o(.text))
<BR><BR>[Calls]<UL><LI><a href="#[8]">&gt;&gt;</a>&nbsp;&nbsp;&nbsp;SVC_Handler
</UL>
<BR>[Called By]<UL><LI><a href="#[8]">&gt;&gt;</a>&nbsp;&nbsp;&nbsp;SVC_Handler
</UL>
<BR>[Address Reference Count : 1]<UL><LI> startup_mkl05z4.o(RESET)
</UL>
<P><STRONG><a name="[9]"></a>PendSV_Handler</STRONG> (Thumb, 2 bytes, Stack size 0 bytes, startup_mkl05z4.o(.text))
<BR><BR>[Calls]<UL><LI><a href="#[9]">&gt;&gt;</a>&nbsp;&nbsp;&nbsp;PendSV_Handler
</UL>
<BR>[Called By]<UL><LI><a href="#[9]">&gt;&gt;</a>&nbsp;&nbsp;&nbsp;PendSV_Handler
</UL>
<BR>[Address Reference Count : 1]<UL><LI> startup_mkl05z4.o(RESET)
</UL>
<P><STRONG><a name="[1b]"></a>CMP0_IRQHandler</STRONG> (Thumb, 0 bytes, Stack size 0 bytes, startup_mkl05z4.o(.text))
<BR><BR>[Calls]<UL><LI><a href="#[1b]">&gt;&gt;</a>&nbsp;&nbsp;&nbsp;CMP0_IRQHandler
</UL>
<BR>[Called By]<UL><LI><a href="#[1b]">&gt;&gt;</a>&nbsp;&nbsp;&nbsp;CMP0_IRQHandler
</UL>
<BR>[Address Reference Count : 1]<UL><LI> startup_mkl05z4.o(RESET)
</UL>
<P><STRONG><a name="[24]"></a>DAC0_IRQHandler</STRONG> (Thumb, 0 bytes, Stack size 0 bytes, startup_mkl05z4.o(.text))
<BR>[Address Reference Count : 1]<UL><LI> startup_mkl05z4.o(RESET)
</UL>
<P><STRONG><a name="[b]"></a>DMA0_IRQHandler</STRONG> (Thumb, 0 bytes, Stack size 0 bytes, startup_mkl05z4.o(.text))
<BR>[Address Reference Count : 1]<UL><LI> startup_mkl05z4.o(RESET)
</UL>
<P><STRONG><a name="[c]"></a>DMA1_IRQHandler</STRONG> (Thumb, 0 bytes, Stack size 0 bytes, startup_mkl05z4.o(.text))
<BR>[Address Reference Count : 1]<UL><LI> startup_mkl05z4.o(RESET)
</UL>
<P><STRONG><a name="[d]"></a>DMA2_IRQHandler</STRONG> (Thumb, 0 bytes, Stack size 0 bytes, startup_mkl05z4.o(.text))
<BR>[Address Reference Count : 1]<UL><LI> startup_mkl05z4.o(RESET)
</UL>
<P><STRONG><a name="[e]"></a>DMA3_IRQHandler</STRONG> (Thumb, 0 bytes, Stack size 0 bytes, startup_mkl05z4.o(.text))
<BR>[Address Reference Count : 1]<UL><LI> startup_mkl05z4.o(RESET)
</UL>
<P><STRONG><a name="[32]"></a>DefaultISR</STRONG> (Thumb, 0 bytes, Stack size 0 bytes, startup_mkl05z4.o(.text), UNUSED, KEPT)

<P><STRONG><a name="[10]"></a>FTFA_IRQHandler</STRONG> (Thumb, 0 bytes, Stack size 0 bytes, startup_mkl05z4.o(.text))
<BR>[Address Reference Count : 1]<UL><LI> startup_mkl05z4.o(RESET)
</UL>
<P><STRONG><a name="[13]"></a>I2C0_IRQHandler</STRONG> (Thumb, 0 bytes, Stack size 0 bytes, startup_mkl05z4.o(.text))
<BR>[Address Reference Count : 1]<UL><LI> startup_mkl05z4.o(RESET)
</UL>
<P><STRONG><a name="[12]"></a>LLW_IRQHandler</STRONG> (Thumb, 0 bytes, Stack size 0 bytes, startup_mkl05z4.o(.text))
<BR>[Address Reference Count : 1]<UL><LI> startup_mkl05z4.o(RESET)
</UL>
<P><STRONG><a name="[27]"></a>LPTimer_IRQHandler</STRONG> (Thumb, 0 bytes, Stack size 0 bytes, startup_mkl05z4.o(.text))
<BR>[Address Reference Count : 1]<UL><LI> startup_mkl05z4.o(RESET)
</UL>
<P><STRONG><a name="[11]"></a>LVD_LVW_IRQHandler</STRONG> (Thumb, 0 bytes, Stack size 0 bytes, startup_mkl05z4.o(.text))
<BR>[Address Reference Count : 1]<UL><LI> startup_mkl05z4.o(RESET)
</UL>
<P><STRONG><a name="[26]"></a>MCG_IRQHandler</STRONG> (Thumb, 0 bytes, Stack size 0 bytes, startup_mkl05z4.o(.text))
<BR>[Address Reference Count : 1]<UL><LI> startup_mkl05z4.o(RESET)
</UL>
<P><STRONG><a name="[21]"></a>PIT_IRQHandler</STRONG> (Thumb, 0 bytes, Stack size 0 bytes, startup_mkl05z4.o(.text))
<BR>[Address Reference Count : 1]<UL><LI> startup_mkl05z4.o(RESET)
</UL>
<P><STRONG><a name="[29]"></a>PORTA_IRQHandler</STRONG> (Thumb, 0 bytes, Stack size 0 bytes, startup_mkl05z4.o(.text))
<BR>[Address Reference Count : 1]<UL><LI> startup_mkl05z4.o(RESET)
</UL>
<P><STRONG><a name="[2a]"></a>PORTB_IRQHandler</STRONG> (Thumb, 0 bytes, Stack size 0 bytes, startup_mkl05z4.o(.text))
<BR>[Address Reference Count : 1]<UL><LI> startup_mkl05z4.o(RESET)
</UL>
<P><STRONG><a name="[1f]"></a>RTC_IRQHandler</STRONG> (Thumb, 0 bytes, Stack size 0 bytes, startup_mkl05z4.o(.text))
<BR>[Address Reference Count : 1]<UL><LI> startup_mkl05z4.o(RESET)
</UL>
<P><STRONG><a name="[20]"></a>RTC_Seconds_IRQHandler</STRONG> (Thumb, 0 bytes, Stack size 0 bytes, startup_mkl05z4.o(.text))
<BR>[Address Reference Count : 1]<UL><LI> startup_mkl05z4.o(RESET)
</UL>
<P><STRONG><a name="[f]"></a>Reserved20_IRQHandler</STRONG> (Thumb, 0 bytes, Stack size 0 bytes, startup_mkl05z4.o(.text))
<BR>[Address Reference Count : 1]<UL><LI> startup_mkl05z4.o(RESET)
</UL>
<P><STRONG><a name="[14]"></a>Reserved25_IRQHandler</STRONG> (Thumb, 0 bytes, Stack size 0 bytes, startup_mkl05z4.o(.text))
<BR>[Address Reference Count : 1]<UL><LI> startup_mkl05z4.o(RESET)
</UL>
<P><STRONG><a name="[16]"></a>Reserved27_IRQHandler</STRONG> (Thumb, 0 bytes, Stack size 0 bytes, startup_mkl05z4.o(.text))
<BR>[Address Reference Count : 1]<UL><LI> startup_mkl05z4.o(RESET)
</UL>
<P><STRONG><a name="[18]"></a>Reserved29_IRQHandler</STRONG> (Thumb, 0 bytes, Stack size 0 bytes, startup_mkl05z4.o(.text))
<BR>[Address Reference Count : 1]<UL><LI> startup_mkl05z4.o(RESET)
</UL>
<P><STRONG><a name="[19]"></a>Reserved30_IRQHandler</STRONG> (Thumb, 0 bytes, Stack size 0 bytes, startup_mkl05z4.o(.text))
<BR>[Address Reference Count : 1]<UL><LI> startup_mkl05z4.o(RESET)
</UL>
<P><STRONG><a name="[1e]"></a>Reserved35_IRQHandler</STRONG> (Thumb, 0 bytes, Stack size 0 bytes, startup_mkl05z4.o(.text))
<BR>[Address Reference Count : 1]<UL><LI> startup_mkl05z4.o(RESET)
</UL>
<P><STRONG><a name="[22]"></a>Reserved39_IRQHandler</STRONG> (Thumb, 0 bytes, Stack size 0 bytes, startup_mkl05z4.o(.text))
<BR>[Address Reference Count : 1]<UL><LI> startup_mkl05z4.o(RESET)
</UL>
<P><STRONG><a name="[23]"></a>Reserved40_IRQHandler</STRONG> (Thumb, 0 bytes, Stack size 0 bytes, startup_mkl05z4.o(.text))
<BR>[Address Reference Count : 1]<UL><LI> startup_mkl05z4.o(RESET)
</UL>
<P><STRONG><a name="[28]"></a>Reserved45_IRQHandler</STRONG> (Thumb, 0 bytes, Stack size 0 bytes, startup_mkl05z4.o(.text))
<BR>[Address Reference Count : 1]<UL><LI> startup_mkl05z4.o(RESET)
</UL>
<P><STRONG><a name="[15]"></a>SPI0_IRQHandler</STRONG> (Thumb, 0 bytes, Stack size 0 bytes, startup_mkl05z4.o(.text))
<BR>[Address Reference Count : 1]<UL><LI> startup_mkl05z4.o(RESET)
</UL>
<P><STRONG><a name="[1c]"></a>TPM0_IRQHandler</STRONG> (Thumb, 0 bytes, Stack size 0 bytes, startup_mkl05z4.o(.text))
<BR>[Address Reference Count : 1]<UL><LI> startup_mkl05z4.o(RESET)
</UL>
<P><STRONG><a name="[1d]"></a>TPM1_IRQHandler</STRONG> (Thumb, 0 bytes, Stack size 0 bytes, startup_mkl05z4.o(.text))
<BR>[Address Reference Count : 1]<UL><LI> startup_mkl05z4.o(RESET)
</UL>
<P><STRONG><a name="[25]"></a>TSI0_IRQHandler</STRONG> (Thumb, 0 bytes, Stack size 0 bytes, startup_mkl05z4.o(.text))
<BR>[Address Reference Count : 1]<UL><LI> startup_mkl05z4.o(RESET)
</UL>
<P><STRONG><a name="[31]"></a>__user_initial_stackheap</STRONG> (Thumb, 0 bytes, Stack size unknown bytes, startup_mkl05z4.o(.text))
<BR><BR>[Called By]<UL><LI><a href="#[3d]">&gt;&gt;</a>&nbsp;&nbsp;&nbsp;__user_setup_stackheap
</UL>

<P><STRONG><a name="[47]"></a>__2sprintf</STRONG> (Thumb, 36 bytes, Stack size 32 bytes, noretval__2sprintf.o(.text))
<BR><BR>[Stack]<UL><LI>Max Depth = 128 + Unknown Stack Size
<LI>Call Chain = __2sprintf &rArr; _printf_char_common &rArr; __printf
</UL>
<BR>[Calls]<UL><LI><a href="#[2d]">&gt;&gt;</a>&nbsp;&nbsp;&nbsp;_sputc
<LI><a href="#[48]">&gt;&gt;</a>&nbsp;&nbsp;&nbsp;_printf_char_common
</UL>
<BR>[Called By]<UL><LI><a href="#[88]">&gt;&gt;</a>&nbsp;&nbsp;&nbsp;armed_admin
<LI><a href="#[a6]">&gt;&gt;</a>&nbsp;&nbsp;&nbsp;set_year
<LI><a href="#[a7]">&gt;&gt;</a>&nbsp;&nbsp;&nbsp;set_weekday
<LI><a href="#[a3]">&gt;&gt;</a>&nbsp;&nbsp;&nbsp;set_second
<LI><a href="#[a4]">&gt;&gt;</a>&nbsp;&nbsp;&nbsp;set_monthday
<LI><a href="#[a5]">&gt;&gt;</a>&nbsp;&nbsp;&nbsp;set_month
<LI><a href="#[a2]">&gt;&gt;</a>&nbsp;&nbsp;&nbsp;set_minute
<LI><a href="#[a1]">&gt;&gt;</a>&nbsp;&nbsp;&nbsp;set_hour
<LI><a href="#[96]">&gt;&gt;</a>&nbsp;&nbsp;&nbsp;armed_user
<LI><a href="#[41]">&gt;&gt;</a>&nbsp;&nbsp;&nbsp;main
</UL>

<P><STRONG><a name="[4a]"></a>_printf_pre_padding</STRONG> (Thumb, 44 bytes, Stack size 16 bytes, _printf_pad.o(.text))
<BR><BR>[Stack]<UL><LI>Max Depth = 16<LI>Call Chain = _printf_pre_padding
</UL>
<BR>[Called By]<UL><LI><a href="#[49]">&gt;&gt;</a>&nbsp;&nbsp;&nbsp;_printf_str
<LI><a href="#[4f]">&gt;&gt;</a>&nbsp;&nbsp;&nbsp;_printf_int_common
</UL>

<P><STRONG><a name="[4b]"></a>_printf_post_padding</STRONG> (Thumb, 34 bytes, Stack size 16 bytes, _printf_pad.o(.text))
<BR><BR>[Stack]<UL><LI>Max Depth = 16<LI>Call Chain = _printf_post_padding
</UL>
<BR>[Called By]<UL><LI><a href="#[49]">&gt;&gt;</a>&nbsp;&nbsp;&nbsp;_printf_str
<LI><a href="#[4f]">&gt;&gt;</a>&nbsp;&nbsp;&nbsp;_printf_int_common
</UL>

<P><STRONG><a name="[49]"></a>_printf_str</STRONG> (Thumb, 82 bytes, Stack size 16 bytes, _printf_str.o(.text))
<BR><BR>[Stack]<UL><LI>Max Depth = 32<LI>Call Chain = _printf_str &rArr; _printf_post_padding
</UL>
<BR>[Calls]<UL><LI><a href="#[4b]">&gt;&gt;</a>&nbsp;&nbsp;&nbsp;_printf_post_padding
<LI><a href="#[4a]">&gt;&gt;</a>&nbsp;&nbsp;&nbsp;_printf_pre_padding
</UL>
<BR>[Called By]<UL><LI><a href="#[5d]">&gt;&gt;</a>&nbsp;&nbsp;&nbsp;_printf_cs_common
</UL>

<P><STRONG><a name="[39]"></a>_printf_int_dec</STRONG> (Thumb, 90 bytes, Stack size 32 bytes, _printf_dec.o(.text))
<BR><BR>[Stack]<UL><LI>Max Depth = 88<LI>Call Chain = _printf_int_dec &rArr; _printf_int_common &rArr; _printf_post_padding
</UL>
<BR>[Calls]<UL><LI><a href="#[4e]">&gt;&gt;</a>&nbsp;&nbsp;&nbsp;__rt_udiv10
<LI><a href="#[4f]">&gt;&gt;</a>&nbsp;&nbsp;&nbsp;_printf_int_common
<LI><a href="#[4d]">&gt;&gt;</a>&nbsp;&nbsp;&nbsp;_printf_truncate_unsigned (Weak Reference)
<LI><a href="#[4c]">&gt;&gt;</a>&nbsp;&nbsp;&nbsp;_printf_truncate_signed (Weak Reference)
</UL>
<BR>[Called By]<UL><LI><a href="#[37]">&gt;&gt;</a>&nbsp;&nbsp;&nbsp;_printf_d
</UL>

<P><STRONG><a name="[50]"></a>div</STRONG> (Thumb, 18 bytes, Stack size 8 bytes, div.o(.text))
<BR><BR>[Stack]<UL><LI>Max Depth = 16<LI>Call Chain = div &rArr; __aeabi_idivmod
</UL>
<BR>[Calls]<UL><LI><a href="#[51]">&gt;&gt;</a>&nbsp;&nbsp;&nbsp;__aeabi_idivmod
</UL>
<BR>[Called By]<UL><LI><a href="#[90]">&gt;&gt;</a>&nbsp;&nbsp;&nbsp;time_read
</UL>

<P><STRONG><a name="[91]"></a>strcmp</STRONG> (Thumb, 132 bytes, Stack size 16 bytes, strcmp.o(.text))
<BR><BR>[Stack]<UL><LI>Max Depth = 16<LI>Call Chain = strcmp
</UL>
<BR>[Called By]<UL><LI><a href="#[88]">&gt;&gt;</a>&nbsp;&nbsp;&nbsp;armed_admin
<LI><a href="#[96]">&gt;&gt;</a>&nbsp;&nbsp;&nbsp;armed_user
<LI><a href="#[41]">&gt;&gt;</a>&nbsp;&nbsp;&nbsp;main
</UL>

<P><STRONG><a name="[cf]"></a>__use_two_region_memory</STRONG> (Thumb, 2 bytes, Stack size 0 bytes, heapauxi.o(.text), UNUSED)

<P><STRONG><a name="[d0]"></a>__rt_heap_escrow$2region</STRONG> (Thumb, 2 bytes, Stack size 0 bytes, heapauxi.o(.text), UNUSED)

<P><STRONG><a name="[d1]"></a>__rt_heap_expand$2region</STRONG> (Thumb, 2 bytes, Stack size 0 bytes, heapauxi.o(.text), UNUSED)

<P><STRONG><a name="[8c]"></a>__aeabi_d2uiz</STRONG> (Thumb, 0 bytes, Stack size 8 bytes, dfixui.o(.text))
<BR><BR>[Stack]<UL><LI>Max Depth = 8<LI>Call Chain = __aeabi_d2uiz
</UL>
<BR>[Called By]<UL><LI><a href="#[8a]">&gt;&gt;</a>&nbsp;&nbsp;&nbsp;alarm
</UL>

<P><STRONG><a name="[d2]"></a>_dfixu</STRONG> (Thumb, 68 bytes, Stack size 8 bytes, dfixui.o(.text), UNUSED)

<P><STRONG><a name="[48]"></a>_printf_char_common</STRONG> (Thumb, 32 bytes, Stack size 64 bytes, _printf_char_common.o(.text))
<BR><BR>[Stack]<UL><LI>Max Depth = 96 + Unknown Stack Size
<LI>Call Chain = _printf_char_common &rArr; __printf
</UL>
<BR>[Calls]<UL><LI><a href="#[52]">&gt;&gt;</a>&nbsp;&nbsp;&nbsp;__printf
</UL>
<BR>[Called By]<UL><LI><a href="#[47]">&gt;&gt;</a>&nbsp;&nbsp;&nbsp;__2sprintf
</UL>

<P><STRONG><a name="[52]"></a>__printf</STRONG> (Thumb, 306 bytes, Stack size 32 bytes, __printf_flags_wp.o(.text))
<BR><BR>[Stack]<UL><LI>Max Depth = 32 + Unknown Stack Size
<LI>Call Chain = __printf
</UL>
<BR>[Calls]<UL><LI><a href="#[54]">&gt;&gt;</a>&nbsp;&nbsp;&nbsp;_printf_percent
<LI><a href="#[53]">&gt;&gt;</a>&nbsp;&nbsp;&nbsp;_is_digit
</UL>
<BR>[Called By]<UL><LI><a href="#[48]">&gt;&gt;</a>&nbsp;&nbsp;&nbsp;_printf_char_common
</UL>

<P><STRONG><a name="[d3]"></a>__aeabi_uidiv</STRONG> (Thumb, 0 bytes, Stack size 0 bytes, aeabi_sdiv.o(.text), UNUSED)

<P><STRONG><a name="[9f]"></a>__aeabi_uidivmod</STRONG> (Thumb, 20 bytes, Stack size 0 bytes, aeabi_sdiv.o(.text))
<BR><BR>[Called By]<UL><LI><a href="#[41]">&gt;&gt;</a>&nbsp;&nbsp;&nbsp;main
</UL>

<P><STRONG><a name="[d4]"></a>__aeabi_idiv</STRONG> (Thumb, 0 bytes, Stack size 8 bytes, aeabi_sdiv.o(.text), UNUSED)

<P><STRONG><a name="[51]"></a>__aeabi_idivmod</STRONG> (Thumb, 326 bytes, Stack size 8 bytes, aeabi_sdiv.o(.text))
<BR><BR>[Stack]<UL><LI>Max Depth = 8<LI>Call Chain = __aeabi_idivmod
</UL>
<BR>[Called By]<UL><LI><a href="#[8a]">&gt;&gt;</a>&nbsp;&nbsp;&nbsp;alarm
<LI><a href="#[50]">&gt;&gt;</a>&nbsp;&nbsp;&nbsp;div
</UL>

<P><STRONG><a name="[94]"></a>__aeabi_ddiv</STRONG> (Thumb, 0 bytes, Stack size 64 bytes, ddiv.o(.text))
<BR><BR>[Stack]<UL><LI>Max Depth = 64<LI>Call Chain = __aeabi_ddiv
</UL>
<BR>[Called By]<UL><LI><a href="#[88]">&gt;&gt;</a>&nbsp;&nbsp;&nbsp;armed_admin
<LI><a href="#[96]">&gt;&gt;</a>&nbsp;&nbsp;&nbsp;armed_user
</UL>

<P><STRONG><a name="[56]"></a>_ddiv</STRONG> (Thumb, 1072 bytes, Stack size 64 bytes, ddiv.o(.text), UNUSED)
<BR><BR>[Called By]<UL><LI><a href="#[55]">&gt;&gt;</a>&nbsp;&nbsp;&nbsp;_drdiv
</UL>

<P><STRONG><a name="[55]"></a>_drdiv</STRONG> (Thumb, 20 bytes, Stack size 16 bytes, ddiv.o(.text), UNUSED)
<BR><BR>[Calls]<UL><LI><a href="#[56]">&gt;&gt;</a>&nbsp;&nbsp;&nbsp;_ddiv
</UL>

<P><STRONG><a name="[58]"></a>__aeabi_i2d_normalise</STRONG> (Thumb, 66 bytes, Stack size 0 bytes, dflti.o(.text))
<BR><BR>[Called By]<UL><LI><a href="#[59]">&gt;&gt;</a>&nbsp;&nbsp;&nbsp;__aeabi_ui2d
<LI><a href="#[57]">&gt;&gt;</a>&nbsp;&nbsp;&nbsp;__aeabi_i2d
</UL>

<P><STRONG><a name="[57]"></a>__aeabi_i2d</STRONG> (Thumb, 16 bytes, Stack size 0 bytes, dflti.o(.text))
<BR><BR>[Calls]<UL><LI><a href="#[58]">&gt;&gt;</a>&nbsp;&nbsp;&nbsp;__aeabi_i2d_normalise
</UL>
<BR>[Called By]<UL><LI><a href="#[88]">&gt;&gt;</a>&nbsp;&nbsp;&nbsp;armed_admin
<LI><a href="#[96]">&gt;&gt;</a>&nbsp;&nbsp;&nbsp;armed_user
</UL>

<P><STRONG><a name="[d5]"></a>_dflt</STRONG> (Thumb, 0 bytes, Stack size 0 bytes, dflti.o(.text), UNUSED)

<P><STRONG><a name="[59]"></a>__aeabi_ui2d</STRONG> (Thumb, 6 bytes, Stack size 0 bytes, dflti.o(.text))
<BR><BR>[Calls]<UL><LI><a href="#[58]">&gt;&gt;</a>&nbsp;&nbsp;&nbsp;__aeabi_i2d_normalise
</UL>
<BR>[Called By]<UL><LI><a href="#[8a]">&gt;&gt;</a>&nbsp;&nbsp;&nbsp;alarm
</UL>

<P><STRONG><a name="[d6]"></a>_dfltu</STRONG> (Thumb, 0 bytes, Stack size 0 bytes, dflti.o(.text), UNUSED)

<P><STRONG><a name="[8b]"></a>__aeabi_dmul</STRONG> (Thumb, 0 bytes, Stack size 56 bytes, dmul.o(.text))
<BR><BR>[Stack]<UL><LI>Max Depth = 56<LI>Call Chain = __aeabi_dmul
</UL>
<BR>[Called By]<UL><LI><a href="#[8a]">&gt;&gt;</a>&nbsp;&nbsp;&nbsp;alarm
</UL>

<P><STRONG><a name="[d7]"></a>_dmul</STRONG> (Thumb, 558 bytes, Stack size 56 bytes, dmul.o(.text), UNUSED)

<P><STRONG><a name="[5b]"></a>__aeabi_i2f_normalise</STRONG> (Thumb, 72 bytes, Stack size 0 bytes, fflti.o(.text))
<BR><BR>[Called By]<UL><LI><a href="#[5c]">&gt;&gt;</a>&nbsp;&nbsp;&nbsp;__aeabi_ui2f
<LI><a href="#[5a]">&gt;&gt;</a>&nbsp;&nbsp;&nbsp;__aeabi_i2f
</UL>

<P><STRONG><a name="[5a]"></a>__aeabi_i2f</STRONG> (Thumb, 16 bytes, Stack size 0 bytes, fflti.o(.text), UNUSED)
<BR><BR>[Calls]<UL><LI><a href="#[5b]">&gt;&gt;</a>&nbsp;&nbsp;&nbsp;__aeabi_i2f_normalise
</UL>

<P><STRONG><a name="[d8]"></a>_fflt</STRONG> (Thumb, 0 bytes, Stack size 0 bytes, fflti.o(.text), UNUSED)

<P><STRONG><a name="[5c]"></a>__aeabi_ui2f</STRONG> (Thumb, 6 bytes, Stack size 0 bytes, fflti.o(.text))
<BR><BR>[Calls]<UL><LI><a href="#[5b]">&gt;&gt;</a>&nbsp;&nbsp;&nbsp;__aeabi_i2f_normalise
</UL>
<BR>[Called By]<UL><LI><a href="#[1a]">&gt;&gt;</a>&nbsp;&nbsp;&nbsp;ADC0_IRQHandler
</UL>

<P><STRONG><a name="[d9]"></a>_ffltu</STRONG> (Thumb, 0 bytes, Stack size 0 bytes, fflti.o(.text), UNUSED)

<P><STRONG><a name="[4f]"></a>_printf_int_common</STRONG> (Thumb, 176 bytes, Stack size 40 bytes, _printf_intcommon.o(.text))
<BR><BR>[Stack]<UL><LI>Max Depth = 56<LI>Call Chain = _printf_int_common &rArr; _printf_post_padding
</UL>
<BR>[Calls]<UL><LI><a href="#[4b]">&gt;&gt;</a>&nbsp;&nbsp;&nbsp;_printf_post_padding
<LI><a href="#[4a]">&gt;&gt;</a>&nbsp;&nbsp;&nbsp;_printf_pre_padding
</UL>
<BR>[Called By]<UL><LI><a href="#[39]">&gt;&gt;</a>&nbsp;&nbsp;&nbsp;_printf_int_dec
</UL>

<P><STRONG><a name="[2d]"></a>_sputc</STRONG> (Thumb, 10 bytes, Stack size 0 bytes, _sputc.o(.text))
<BR><BR>[Called By]<UL><LI><a href="#[47]">&gt;&gt;</a>&nbsp;&nbsp;&nbsp;__2sprintf
</UL>
<BR>[Address Reference Count : 1]<UL><LI> noretval__2sprintf.o(.text)
</UL>
<P><STRONG><a name="[5d]"></a>_printf_cs_common</STRONG> (Thumb, 22 bytes, Stack size 8 bytes, _printf_char.o(.text))
<BR><BR>[Stack]<UL><LI>Max Depth = 40<LI>Call Chain = _printf_cs_common &rArr; _printf_str &rArr; _printf_post_padding
</UL>
<BR>[Calls]<UL><LI><a href="#[49]">&gt;&gt;</a>&nbsp;&nbsp;&nbsp;_printf_str
<LI><a href="#[5e]">&gt;&gt;</a>&nbsp;&nbsp;&nbsp;_printf_mbtowc (Weak Reference)
</UL>
<BR>[Called By]<UL><LI><a href="#[5f]">&gt;&gt;</a>&nbsp;&nbsp;&nbsp;_printf_string
<LI><a href="#[3b]">&gt;&gt;</a>&nbsp;&nbsp;&nbsp;_printf_char
</UL>

<P><STRONG><a name="[3b]"></a>_printf_char</STRONG> (Thumb, 16 bytes, Stack size 0 bytes, _printf_char.o(.text))
<BR><BR>[Stack]<UL><LI>Max Depth = 40<LI>Call Chain = _printf_char &rArr; _printf_cs_common &rArr; _printf_str &rArr; _printf_post_padding
</UL>
<BR>[Calls]<UL><LI><a href="#[5d]">&gt;&gt;</a>&nbsp;&nbsp;&nbsp;_printf_cs_common
</UL>
<BR>[Called By]<UL><LI><a href="#[38]">&gt;&gt;</a>&nbsp;&nbsp;&nbsp;_printf_c
</UL>

<P><STRONG><a name="[5f]"></a>_printf_string</STRONG> (Thumb, 8 bytes, Stack size 0 bytes, _printf_char.o(.text), UNUSED)
<BR><BR>[Calls]<UL><LI><a href="#[5d]">&gt;&gt;</a>&nbsp;&nbsp;&nbsp;_printf_cs_common
</UL>

<P><STRONG><a name="[4e]"></a>__rt_udiv10</STRONG> (Thumb, 40 bytes, Stack size 0 bytes, rtudiv10.o(.text))
<BR><BR>[Called By]<UL><LI><a href="#[39]">&gt;&gt;</a>&nbsp;&nbsp;&nbsp;_printf_int_dec
</UL>

<P><STRONG><a name="[60]"></a>__fpl_dcmp_InfNaN</STRONG> (Thumb, 140 bytes, Stack size 24 bytes, dcmpin.o(.text), UNUSED)
<BR><BR>[Calls]<UL><LI><a href="#[62]">&gt;&gt;</a>&nbsp;&nbsp;&nbsp;__fpl_dcheck_NaN2
<LI><a href="#[61]">&gt;&gt;</a>&nbsp;&nbsp;&nbsp;__fpl_cmpreturn
</UL>
<BR>[Called By]<UL><LI><a href="#[a9]">&gt;&gt;</a>&nbsp;&nbsp;&nbsp;_drcmple
</UL>

<P><STRONG><a name="[63]"></a>__fpl_fcmp_InfNaN</STRONG> (Thumb, 96 bytes, Stack size 8 bytes, fcmpin.o(.text), UNUSED)
<BR><BR>[Calls]<UL><LI><a href="#[64]">&gt;&gt;</a>&nbsp;&nbsp;&nbsp;__fpl_fcheck_NaN2
<LI><a href="#[61]">&gt;&gt;</a>&nbsp;&nbsp;&nbsp;__fpl_cmpreturn
</UL>
<BR>[Called By]<UL><LI><a href="#[aa]">&gt;&gt;</a>&nbsp;&nbsp;&nbsp;_frcmple
</UL>

<P><STRONG><a name="[61]"></a>__fpl_cmpreturn</STRONG> (Thumb, 46 bytes, Stack size 0 bytes, cmpret.o(.text), UNUSED)
<BR><BR>[Called By]<UL><LI><a href="#[65]">&gt;&gt;</a>&nbsp;&nbsp;&nbsp;__fpl_return_NaN
<LI><a href="#[63]">&gt;&gt;</a>&nbsp;&nbsp;&nbsp;__fpl_fcmp_InfNaN
<LI><a href="#[60]">&gt;&gt;</a>&nbsp;&nbsp;&nbsp;__fpl_dcmp_InfNaN
</UL>

<P><STRONG><a name="[62]"></a>__fpl_dcheck_NaN2</STRONG> (Thumb, 14 bytes, Stack size 8 bytes, dnan2.o(.text), UNUSED)
<BR><BR>[Calls]<UL><LI><a href="#[65]">&gt;&gt;</a>&nbsp;&nbsp;&nbsp;__fpl_return_NaN
</UL>
<BR>[Called By]<UL><LI><a href="#[60]">&gt;&gt;</a>&nbsp;&nbsp;&nbsp;__fpl_dcmp_InfNaN
</UL>

<P><STRONG><a name="[64]"></a>__fpl_fcheck_NaN2</STRONG> (Thumb, 10 bytes, Stack size 8 bytes, fnan2.o(.text), UNUSED)
<BR><BR>[Calls]<UL><LI><a href="#[65]">&gt;&gt;</a>&nbsp;&nbsp;&nbsp;__fpl_return_NaN
</UL>
<BR>[Called By]<UL><LI><a href="#[63]">&gt;&gt;</a>&nbsp;&nbsp;&nbsp;__fpl_fcmp_InfNaN
</UL>

<P><STRONG><a name="[3d]"></a>__user_setup_stackheap</STRONG> (Thumb, 62 bytes, Stack size 8 bytes, sys_stackheap_outer.o(.text))
<BR><BR>[Stack]<UL><LI>Max Depth = 8 + Unknown Stack Size
<LI>Call Chain = __user_setup_stackheap
</UL>
<BR>[Calls]<UL><LI><a href="#[31]">&gt;&gt;</a>&nbsp;&nbsp;&nbsp;__user_initial_stackheap
<LI><a href="#[66]">&gt;&gt;</a>&nbsp;&nbsp;&nbsp;__user_perproc_libspace
</UL>
<BR>[Called By]<UL><LI><a href="#[3c]">&gt;&gt;</a>&nbsp;&nbsp;&nbsp;__rt_entry_sh
</UL>

<P><STRONG><a name="[42]"></a>exit</STRONG> (Thumb, 16 bytes, Stack size 8 bytes, exit.o(.text))
<BR><BR>[Stack]<UL><LI>Max Depth = 8 + Unknown Stack Size
<LI>Call Chain = exit
</UL>
<BR>[Calls]<UL><LI><a href="#[68]">&gt;&gt;</a>&nbsp;&nbsp;&nbsp;__rt_exit
<LI><a href="#[67]">&gt;&gt;</a>&nbsp;&nbsp;&nbsp;_call_atexit_fns (Weak Reference)
</UL>
<BR>[Called By]<UL><LI><a href="#[40]">&gt;&gt;</a>&nbsp;&nbsp;&nbsp;__rt_entry_main
</UL>

<P><STRONG><a name="[65]"></a>__fpl_return_NaN</STRONG> (Thumb, 94 bytes, Stack size 8 bytes, retnan.o(.text), UNUSED)
<BR><BR>[Calls]<UL><LI><a href="#[61]">&gt;&gt;</a>&nbsp;&nbsp;&nbsp;__fpl_cmpreturn
</UL>
<BR>[Called By]<UL><LI><a href="#[64]">&gt;&gt;</a>&nbsp;&nbsp;&nbsp;__fpl_fcheck_NaN2
<LI><a href="#[62]">&gt;&gt;</a>&nbsp;&nbsp;&nbsp;__fpl_dcheck_NaN2
</UL>

<P><STRONG><a name="[da]"></a>__user_libspace</STRONG> (Thumb, 8 bytes, Stack size 0 bytes, libspace.o(.text), UNUSED)

<P><STRONG><a name="[66]"></a>__user_perproc_libspace</STRONG> (Thumb, 0 bytes, Stack size 0 bytes, libspace.o(.text))
<BR><BR>[Called By]<UL><LI><a href="#[3d]">&gt;&gt;</a>&nbsp;&nbsp;&nbsp;__user_setup_stackheap
</UL>

<P><STRONG><a name="[db]"></a>__user_perthread_libspace</STRONG> (Thumb, 0 bytes, Stack size 0 bytes, libspace.o(.text), UNUSED)

<P><STRONG><a name="[46]"></a>_sys_exit</STRONG> (Thumb, 8 bytes, Stack size 0 bytes, sys_exit.o(.text))
<BR><BR>[Called By]<UL><LI><a href="#[45]">&gt;&gt;</a>&nbsp;&nbsp;&nbsp;__rt_exit_exit
</UL>

<P><STRONG><a name="[dc]"></a>__I$use$semihosting</STRONG> (Thumb, 0 bytes, Stack size 0 bytes, use_no_semi.o(.text), UNUSED)

<P><STRONG><a name="[dd]"></a>__use_no_semihosting_swi</STRONG> (Thumb, 2 bytes, Stack size 0 bytes, use_no_semi.o(.text), UNUSED)

<P><STRONG><a name="[de]"></a>__semihosting_library_function</STRONG> (Thumb, 0 bytes, Stack size unknown bytes, indicate_semi.o(.text), UNUSED)

<P><STRONG><a name="[1a]"></a>ADC0_IRQHandler</STRONG> (Thumb, 38 bytes, Stack size 8 bytes, alarm.o(i.ADC0_IRQHandler))
<BR><BR>[Stack]<UL><LI>Max Depth = 8<LI>Call Chain = ADC0_IRQHandler
</UL>
<BR>[Calls]<UL><LI><a href="#[5c]">&gt;&gt;</a>&nbsp;&nbsp;&nbsp;__aeabi_ui2f
</UL>
<BR>[Address Reference Count : 1]<UL><LI> startup_mkl05z4.o(RESET)
</UL>
<P><STRONG><a name="[9e]"></a>ADC_Init</STRONG> (Thumb, 274 bytes, Stack size 0 bytes, adc.o(i.ADC_Init))
<BR><BR>[Called By]<UL><LI><a href="#[41]">&gt;&gt;</a>&nbsp;&nbsp;&nbsp;main
</UL>

<P><STRONG><a name="[80]"></a>I2C_Init</STRONG> (Thumb, 86 bytes, Stack size 0 bytes, i2c.o(i.I2C_Init))
<BR><BR>[Called By]<UL><LI><a href="#[7f]">&gt;&gt;</a>&nbsp;&nbsp;&nbsp;LCD1602_Init
</UL>

<P><STRONG><a name="[69]"></a>I2C_ReadReg</STRONG> (Thumb, 110 bytes, Stack size 12 bytes, i2c.o(i.I2C_ReadReg))
<BR><BR>[Stack]<UL><LI>Max Depth = 16<LI>Call Chain = I2C_ReadReg &rArr; i2c_wait
</UL>
<BR>[Calls]<UL><LI><a href="#[6f]">&gt;&gt;</a>&nbsp;&nbsp;&nbsp;i2c_wait
<LI><a href="#[6c]">&gt;&gt;</a>&nbsp;&nbsp;&nbsp;i2c_tran
<LI><a href="#[6e]">&gt;&gt;</a>&nbsp;&nbsp;&nbsp;i2c_send
<LI><a href="#[73]">&gt;&gt;</a>&nbsp;&nbsp;&nbsp;i2c_recv
<LI><a href="#[71]">&gt;&gt;</a>&nbsp;&nbsp;&nbsp;i2c_rec
<LI><a href="#[72]">&gt;&gt;</a>&nbsp;&nbsp;&nbsp;i2c_nack
<LI><a href="#[74]">&gt;&gt;</a>&nbsp;&nbsp;&nbsp;i2c_m_stop
<LI><a href="#[6d]">&gt;&gt;</a>&nbsp;&nbsp;&nbsp;i2c_m_start
<LI><a href="#[70]">&gt;&gt;</a>&nbsp;&nbsp;&nbsp;i2c_m_rstart
<LI><a href="#[6a]">&gt;&gt;</a>&nbsp;&nbsp;&nbsp;i2c_enable
<LI><a href="#[75]">&gt;&gt;</a>&nbsp;&nbsp;&nbsp;i2c_disable
<LI><a href="#[6b]">&gt;&gt;</a>&nbsp;&nbsp;&nbsp;i2c_clr_IICIF
</UL>
<BR>[Called By]<UL><LI><a href="#[88]">&gt;&gt;</a>&nbsp;&nbsp;&nbsp;armed_admin
<LI><a href="#[96]">&gt;&gt;</a>&nbsp;&nbsp;&nbsp;armed_user
</UL>

<P><STRONG><a name="[76]"></a>I2C_ReadRegBlock</STRONG> (Thumb, 156 bytes, Stack size 20 bytes, i2c.o(i.I2C_ReadRegBlock))
<BR><BR>[Stack]<UL><LI>Max Depth = 24<LI>Call Chain = I2C_ReadRegBlock &rArr; i2c_wait
</UL>
<BR>[Calls]<UL><LI><a href="#[6f]">&gt;&gt;</a>&nbsp;&nbsp;&nbsp;i2c_wait
<LI><a href="#[6c]">&gt;&gt;</a>&nbsp;&nbsp;&nbsp;i2c_tran
<LI><a href="#[6e]">&gt;&gt;</a>&nbsp;&nbsp;&nbsp;i2c_send
<LI><a href="#[73]">&gt;&gt;</a>&nbsp;&nbsp;&nbsp;i2c_recv
<LI><a href="#[71]">&gt;&gt;</a>&nbsp;&nbsp;&nbsp;i2c_rec
<LI><a href="#[72]">&gt;&gt;</a>&nbsp;&nbsp;&nbsp;i2c_nack
<LI><a href="#[74]">&gt;&gt;</a>&nbsp;&nbsp;&nbsp;i2c_m_stop
<LI><a href="#[6d]">&gt;&gt;</a>&nbsp;&nbsp;&nbsp;i2c_m_start
<LI><a href="#[70]">&gt;&gt;</a>&nbsp;&nbsp;&nbsp;i2c_m_rstart
<LI><a href="#[6a]">&gt;&gt;</a>&nbsp;&nbsp;&nbsp;i2c_enable
<LI><a href="#[75]">&gt;&gt;</a>&nbsp;&nbsp;&nbsp;i2c_disable
<LI><a href="#[6b]">&gt;&gt;</a>&nbsp;&nbsp;&nbsp;i2c_clr_IICIF
<LI><a href="#[77]">&gt;&gt;</a>&nbsp;&nbsp;&nbsp;i2c_ack
</UL>
<BR>[Called By]<UL><LI><a href="#[88]">&gt;&gt;</a>&nbsp;&nbsp;&nbsp;armed_admin
<LI><a href="#[96]">&gt;&gt;</a>&nbsp;&nbsp;&nbsp;armed_user
</UL>

<P><STRONG><a name="[78]"></a>I2C_Write</STRONG> (Thumb, 60 bytes, Stack size 4 bytes, i2c.o(i.I2C_Write))
<BR><BR>[Stack]<UL><LI>Max Depth = 8<LI>Call Chain = I2C_Write &rArr; i2c_wait
</UL>
<BR>[Calls]<UL><LI><a href="#[6f]">&gt;&gt;</a>&nbsp;&nbsp;&nbsp;i2c_wait
<LI><a href="#[6c]">&gt;&gt;</a>&nbsp;&nbsp;&nbsp;i2c_tran
<LI><a href="#[6e]">&gt;&gt;</a>&nbsp;&nbsp;&nbsp;i2c_send
<LI><a href="#[74]">&gt;&gt;</a>&nbsp;&nbsp;&nbsp;i2c_m_stop
<LI><a href="#[6d]">&gt;&gt;</a>&nbsp;&nbsp;&nbsp;i2c_m_start
<LI><a href="#[6a]">&gt;&gt;</a>&nbsp;&nbsp;&nbsp;i2c_enable
<LI><a href="#[75]">&gt;&gt;</a>&nbsp;&nbsp;&nbsp;i2c_disable
</UL>
<BR>[Called By]<UL><LI><a href="#[7b]">&gt;&gt;</a>&nbsp;&nbsp;&nbsp;PCF8574_Write
<LI><a href="#[7c]">&gt;&gt;</a>&nbsp;&nbsp;&nbsp;LCD1602_CheckAddress
</UL>

<P><STRONG><a name="[79]"></a>I2C_WriteReg</STRONG> (Thumb, 70 bytes, Stack size 8 bytes, i2c.o(i.I2C_WriteReg))
<BR><BR>[Stack]<UL><LI>Max Depth = 12<LI>Call Chain = I2C_WriteReg &rArr; i2c_wait
</UL>
<BR>[Calls]<UL><LI><a href="#[6f]">&gt;&gt;</a>&nbsp;&nbsp;&nbsp;i2c_wait
<LI><a href="#[6c]">&gt;&gt;</a>&nbsp;&nbsp;&nbsp;i2c_tran
<LI><a href="#[6e]">&gt;&gt;</a>&nbsp;&nbsp;&nbsp;i2c_send
<LI><a href="#[74]">&gt;&gt;</a>&nbsp;&nbsp;&nbsp;i2c_m_stop
<LI><a href="#[6d]">&gt;&gt;</a>&nbsp;&nbsp;&nbsp;i2c_m_start
<LI><a href="#[6a]">&gt;&gt;</a>&nbsp;&nbsp;&nbsp;i2c_enable
<LI><a href="#[75]">&gt;&gt;</a>&nbsp;&nbsp;&nbsp;i2c_disable
</UL>
<BR>[Called By]<UL><LI><a href="#[88]">&gt;&gt;</a>&nbsp;&nbsp;&nbsp;armed_admin
<LI><a href="#[96]">&gt;&gt;</a>&nbsp;&nbsp;&nbsp;armed_user
</UL>

<P><STRONG><a name="[9a]"></a>Klaw_Init</STRONG> (Thumb, 214 bytes, Stack size 0 bytes, klaw.o(i.Klaw_Init))
<BR><BR>[Called By]<UL><LI><a href="#[41]">&gt;&gt;</a>&nbsp;&nbsp;&nbsp;main
</UL>

<P><STRONG><a name="[7a]"></a>LCD1602_Backlight</STRONG> (Thumb, 16 bytes, Stack size 8 bytes, lcd1602.o(i.LCD1602_Backlight))
<BR><BR>[Stack]<UL><LI>Max Depth = 24<LI>Call Chain = LCD1602_Backlight &rArr; PCF8574_Write &rArr; I2C_Write &rArr; i2c_wait
</UL>
<BR>[Calls]<UL><LI><a href="#[7b]">&gt;&gt;</a>&nbsp;&nbsp;&nbsp;PCF8574_Write
</UL>
<BR>[Called By]<UL><LI><a href="#[41]">&gt;&gt;</a>&nbsp;&nbsp;&nbsp;main
</UL>

<P><STRONG><a name="[7c]"></a>LCD1602_CheckAddress</STRONG> (Thumb, 48 bytes, Stack size 8 bytes, lcd1602.o(i.LCD1602_CheckAddress))
<BR><BR>[Stack]<UL><LI>Max Depth = 16<LI>Call Chain = LCD1602_CheckAddress &rArr; I2C_Write &rArr; i2c_wait
</UL>
<BR>[Calls]<UL><LI><a href="#[78]">&gt;&gt;</a>&nbsp;&nbsp;&nbsp;I2C_Write
</UL>
<BR>[Called By]<UL><LI><a href="#[7f]">&gt;&gt;</a>&nbsp;&nbsp;&nbsp;LCD1602_Init
</UL>

<P><STRONG><a name="[7d]"></a>LCD1602_ClearAll</STRONG> (Thumb, 12 bytes, Stack size 8 bytes, lcd1602.o(i.LCD1602_ClearAll))
<BR><BR>[Stack]<UL><LI>Max Depth = 56<LI>Call Chain = LCD1602_ClearAll &rArr; LCD1602_Write8 &rArr; LCD1602_Write4 &rArr; PCF8574_Write &rArr; I2C_Write &rArr; i2c_wait
</UL>
<BR>[Calls]<UL><LI><a href="#[7e]">&gt;&gt;</a>&nbsp;&nbsp;&nbsp;LCD1602_Write8
</UL>
<BR>[Called By]<UL><LI><a href="#[89]">&gt;&gt;</a>&nbsp;&nbsp;&nbsp;change_passwd
<LI><a href="#[88]">&gt;&gt;</a>&nbsp;&nbsp;&nbsp;armed_admin
<LI><a href="#[a0]">&gt;&gt;</a>&nbsp;&nbsp;&nbsp;user_setup
<LI><a href="#[a6]">&gt;&gt;</a>&nbsp;&nbsp;&nbsp;set_year
<LI><a href="#[a7]">&gt;&gt;</a>&nbsp;&nbsp;&nbsp;set_weekday
<LI><a href="#[a3]">&gt;&gt;</a>&nbsp;&nbsp;&nbsp;set_second
<LI><a href="#[a4]">&gt;&gt;</a>&nbsp;&nbsp;&nbsp;set_monthday
<LI><a href="#[a5]">&gt;&gt;</a>&nbsp;&nbsp;&nbsp;set_month
<LI><a href="#[a2]">&gt;&gt;</a>&nbsp;&nbsp;&nbsp;set_minute
<LI><a href="#[a1]">&gt;&gt;</a>&nbsp;&nbsp;&nbsp;set_hour
<LI><a href="#[97]">&gt;&gt;</a>&nbsp;&nbsp;&nbsp;enter_user_passwd
<LI><a href="#[8e]">&gt;&gt;</a>&nbsp;&nbsp;&nbsp;enter_passwd
<LI><a href="#[96]">&gt;&gt;</a>&nbsp;&nbsp;&nbsp;armed_user
<LI><a href="#[8a]">&gt;&gt;</a>&nbsp;&nbsp;&nbsp;alarm
<LI><a href="#[86]">&gt;&gt;</a>&nbsp;&nbsp;&nbsp;admin_setup
<LI><a href="#[41]">&gt;&gt;</a>&nbsp;&nbsp;&nbsp;main
</UL>

<P><STRONG><a name="[7f]"></a>LCD1602_Init</STRONG> (Thumb, 74 bytes, Stack size 8 bytes, lcd1602.o(i.LCD1602_Init))
<BR><BR>[Stack]<UL><LI>Max Depth = 56<LI>Call Chain = LCD1602_Init &rArr; LCD1602_Write8 &rArr; LCD1602_Write4 &rArr; PCF8574_Write &rArr; I2C_Write &rArr; i2c_wait
</UL>
<BR>[Calls]<UL><LI><a href="#[7e]">&gt;&gt;</a>&nbsp;&nbsp;&nbsp;LCD1602_Write8
<LI><a href="#[7c]">&gt;&gt;</a>&nbsp;&nbsp;&nbsp;LCD1602_CheckAddress
<LI><a href="#[80]">&gt;&gt;</a>&nbsp;&nbsp;&nbsp;I2C_Init
</UL>
<BR>[Called By]<UL><LI><a href="#[41]">&gt;&gt;</a>&nbsp;&nbsp;&nbsp;main
</UL>

<P><STRONG><a name="[81]"></a>LCD1602_Print</STRONG> (Thumb, 28 bytes, Stack size 16 bytes, lcd1602.o(i.LCD1602_Print))
<BR><BR>[Stack]<UL><LI>Max Depth = 64<LI>Call Chain = LCD1602_Print &rArr; LCD1602_Write8 &rArr; LCD1602_Write4 &rArr; PCF8574_Write &rArr; I2C_Write &rArr; i2c_wait
</UL>
<BR>[Calls]<UL><LI><a href="#[7e]">&gt;&gt;</a>&nbsp;&nbsp;&nbsp;LCD1602_Write8
</UL>
<BR>[Called By]<UL><LI><a href="#[98]">&gt;&gt;</a>&nbsp;&nbsp;&nbsp;typing_passwd
<LI><a href="#[89]">&gt;&gt;</a>&nbsp;&nbsp;&nbsp;change_passwd
<LI><a href="#[88]">&gt;&gt;</a>&nbsp;&nbsp;&nbsp;armed_admin
<LI><a href="#[a0]">&gt;&gt;</a>&nbsp;&nbsp;&nbsp;user_setup
<LI><a href="#[a6]">&gt;&gt;</a>&nbsp;&nbsp;&nbsp;set_year
<LI><a href="#[a7]">&gt;&gt;</a>&nbsp;&nbsp;&nbsp;set_weekday
<LI><a href="#[a3]">&gt;&gt;</a>&nbsp;&nbsp;&nbsp;set_second
<LI><a href="#[a4]">&gt;&gt;</a>&nbsp;&nbsp;&nbsp;set_monthday
<LI><a href="#[a5]">&gt;&gt;</a>&nbsp;&nbsp;&nbsp;set_month
<LI><a href="#[a2]">&gt;&gt;</a>&nbsp;&nbsp;&nbsp;set_minute
<LI><a href="#[a1]">&gt;&gt;</a>&nbsp;&nbsp;&nbsp;set_hour
<LI><a href="#[97]">&gt;&gt;</a>&nbsp;&nbsp;&nbsp;enter_user_passwd
<LI><a href="#[8e]">&gt;&gt;</a>&nbsp;&nbsp;&nbsp;enter_passwd
<LI><a href="#[96]">&gt;&gt;</a>&nbsp;&nbsp;&nbsp;armed_user
<LI><a href="#[8a]">&gt;&gt;</a>&nbsp;&nbsp;&nbsp;alarm
<LI><a href="#[86]">&gt;&gt;</a>&nbsp;&nbsp;&nbsp;admin_setup
<LI><a href="#[41]">&gt;&gt;</a>&nbsp;&nbsp;&nbsp;main
</UL>

<P><STRONG><a name="[82]"></a>LCD1602_SetCursor</STRONG> (Thumb, 36 bytes, Stack size 16 bytes, lcd1602.o(i.LCD1602_SetCursor))
<BR><BR>[Stack]<UL><LI>Max Depth = 64<LI>Call Chain = LCD1602_SetCursor &rArr; LCD1602_Write8 &rArr; LCD1602_Write4 &rArr; PCF8574_Write &rArr; I2C_Write &rArr; i2c_wait
</UL>
<BR>[Calls]<UL><LI><a href="#[7e]">&gt;&gt;</a>&nbsp;&nbsp;&nbsp;LCD1602_Write8
</UL>
<BR>[Called By]<UL><LI><a href="#[98]">&gt;&gt;</a>&nbsp;&nbsp;&nbsp;typing_passwd
<LI><a href="#[89]">&gt;&gt;</a>&nbsp;&nbsp;&nbsp;change_passwd
<LI><a href="#[88]">&gt;&gt;</a>&nbsp;&nbsp;&nbsp;armed_admin
<LI><a href="#[a0]">&gt;&gt;</a>&nbsp;&nbsp;&nbsp;user_setup
<LI><a href="#[a6]">&gt;&gt;</a>&nbsp;&nbsp;&nbsp;set_year
<LI><a href="#[a7]">&gt;&gt;</a>&nbsp;&nbsp;&nbsp;set_weekday
<LI><a href="#[a3]">&gt;&gt;</a>&nbsp;&nbsp;&nbsp;set_second
<LI><a href="#[a4]">&gt;&gt;</a>&nbsp;&nbsp;&nbsp;set_monthday
<LI><a href="#[a5]">&gt;&gt;</a>&nbsp;&nbsp;&nbsp;set_month
<LI><a href="#[a2]">&gt;&gt;</a>&nbsp;&nbsp;&nbsp;set_minute
<LI><a href="#[a1]">&gt;&gt;</a>&nbsp;&nbsp;&nbsp;set_hour
<LI><a href="#[96]">&gt;&gt;</a>&nbsp;&nbsp;&nbsp;armed_user
<LI><a href="#[8a]">&gt;&gt;</a>&nbsp;&nbsp;&nbsp;alarm
<LI><a href="#[86]">&gt;&gt;</a>&nbsp;&nbsp;&nbsp;admin_setup
<LI><a href="#[41]">&gt;&gt;</a>&nbsp;&nbsp;&nbsp;main
</UL>

<P><STRONG><a name="[83]"></a>LCD1602_Write4</STRONG> (Thumb, 74 bytes, Stack size 16 bytes, lcd1602.o(i.LCD1602_Write4))
<BR><BR>[Stack]<UL><LI>Max Depth = 32<LI>Call Chain = LCD1602_Write4 &rArr; PCF8574_Write &rArr; I2C_Write &rArr; i2c_wait
</UL>
<BR>[Calls]<UL><LI><a href="#[7b]">&gt;&gt;</a>&nbsp;&nbsp;&nbsp;PCF8574_Write
</UL>
<BR>[Called By]<UL><LI><a href="#[7e]">&gt;&gt;</a>&nbsp;&nbsp;&nbsp;LCD1602_Write8
</UL>

<P><STRONG><a name="[7e]"></a>LCD1602_Write8</STRONG> (Thumb, 28 bytes, Stack size 16 bytes, lcd1602.o(i.LCD1602_Write8))
<BR><BR>[Stack]<UL><LI>Max Depth = 48<LI>Call Chain = LCD1602_Write8 &rArr; LCD1602_Write4 &rArr; PCF8574_Write &rArr; I2C_Write &rArr; i2c_wait
</UL>
<BR>[Calls]<UL><LI><a href="#[83]">&gt;&gt;</a>&nbsp;&nbsp;&nbsp;LCD1602_Write4
</UL>
<BR>[Called By]<UL><LI><a href="#[82]">&gt;&gt;</a>&nbsp;&nbsp;&nbsp;LCD1602_SetCursor
<LI><a href="#[81]">&gt;&gt;</a>&nbsp;&nbsp;&nbsp;LCD1602_Print
<LI><a href="#[7f]">&gt;&gt;</a>&nbsp;&nbsp;&nbsp;LCD1602_Init
<LI><a href="#[7d]">&gt;&gt;</a>&nbsp;&nbsp;&nbsp;LCD1602_ClearAll
</UL>

<P><STRONG><a name="[7b]"></a>PCF8574_Write</STRONG> (Thumb, 32 bytes, Stack size 8 bytes, lcd1602.o(i.PCF8574_Write))
<BR><BR>[Stack]<UL><LI>Max Depth = 16<LI>Call Chain = PCF8574_Write &rArr; I2C_Write &rArr; i2c_wait
</UL>
<BR>[Calls]<UL><LI><a href="#[78]">&gt;&gt;</a>&nbsp;&nbsp;&nbsp;I2C_Write
</UL>
<BR>[Called By]<UL><LI><a href="#[83]">&gt;&gt;</a>&nbsp;&nbsp;&nbsp;LCD1602_Write4
<LI><a href="#[7a]">&gt;&gt;</a>&nbsp;&nbsp;&nbsp;LCD1602_Backlight
</UL>

<P><STRONG><a name="[9c]"></a>PWM_Init</STRONG> (Thumb, 104 bytes, Stack size 0 bytes, tpm.o(i.PWM_Init))
<BR><BR>[Called By]<UL><LI><a href="#[41]">&gt;&gt;</a>&nbsp;&nbsp;&nbsp;main
</UL>

<P><STRONG><a name="[9b]"></a>RTC_Init</STRONG> (Thumb, 118 bytes, Stack size 0 bytes, rtcclock.o(i.RTC_Init))
<BR><BR>[Called By]<UL><LI><a href="#[41]">&gt;&gt;</a>&nbsp;&nbsp;&nbsp;main
</UL>

<P><STRONG><a name="[8f]"></a>RTC_Read</STRONG> (Thumb, 6 bytes, Stack size 0 bytes, rtcclock.o(i.RTC_Read))
<BR><BR>[Called By]<UL><LI><a href="#[88]">&gt;&gt;</a>&nbsp;&nbsp;&nbsp;armed_admin
<LI><a href="#[96]">&gt;&gt;</a>&nbsp;&nbsp;&nbsp;armed_user
<LI><a href="#[41]">&gt;&gt;</a>&nbsp;&nbsp;&nbsp;main
</UL>

<P><STRONG><a name="[a8]"></a>RTC_Write</STRONG> (Thumb, 28 bytes, Stack size 0 bytes, rtcclock.o(i.RTC_Write))
<BR><BR>[Called By]<UL><LI><a href="#[9d]">&gt;&gt;</a>&nbsp;&nbsp;&nbsp;time_write
<LI><a href="#[90]">&gt;&gt;</a>&nbsp;&nbsp;&nbsp;time_read
</UL>

<P><STRONG><a name="[a]"></a>SysTick_Handler</STRONG> (Thumb, 30 bytes, Stack size 0 bytes, main.o(i.SysTick_Handler))
<BR>[Address Reference Count : 1]<UL><LI> startup_mkl05z4.o(RESET)
</UL>
<P><STRONG><a name="[2b]"></a>SystemInit</STRONG> (Thumb, 78 bytes, Stack size 0 bytes, system_mkl05z4.o(i.SystemInit))
<BR>[Address Reference Count : 1]<UL><LI> startup_mkl05z4.o(.text)
</UL>
<P><STRONG><a name="[17]"></a>UART0_IRQHandler</STRONG> (Thumb, 108 bytes, Stack size 0 bytes, main.o(i.UART0_IRQHandler))
<BR>[Address Reference Count : 1]<UL><LI> startup_mkl05z4.o(RESET)
</UL>
<P><STRONG><a name="[99]"></a>UART0_Init</STRONG> (Thumb, 176 bytes, Stack size 0 bytes, uart0.o(i.UART0_Init))
<BR><BR>[Called By]<UL><LI><a href="#[41]">&gt;&gt;</a>&nbsp;&nbsp;&nbsp;main
</UL>

<P><STRONG><a name="[53]"></a>_is_digit</STRONG> (Thumb, 14 bytes, Stack size 0 bytes, __printf_wp.o(i._is_digit))
<BR><BR>[Called By]<UL><LI><a href="#[52]">&gt;&gt;</a>&nbsp;&nbsp;&nbsp;__printf
</UL>

<P><STRONG><a name="[86]"></a>admin_setup</STRONG> (Thumb, 86 bytes, Stack size 8 bytes, alarm.o(i.admin_setup))
<BR><BR>[Stack]<UL><LI>Max Depth = 160 + Unknown Stack Size
<LI>Call Chain = admin_setup &rArr; armed_admin &rArr; __2sprintf &rArr; _printf_char_common &rArr; __printf
</UL>
<BR>[Calls]<UL><LI><a href="#[89]">&gt;&gt;</a>&nbsp;&nbsp;&nbsp;change_passwd
<LI><a href="#[88]">&gt;&gt;</a>&nbsp;&nbsp;&nbsp;armed_admin
<LI><a href="#[87]">&gt;&gt;</a>&nbsp;&nbsp;&nbsp;read_keypad
<LI><a href="#[82]">&gt;&gt;</a>&nbsp;&nbsp;&nbsp;LCD1602_SetCursor
<LI><a href="#[81]">&gt;&gt;</a>&nbsp;&nbsp;&nbsp;LCD1602_Print
<LI><a href="#[7d]">&gt;&gt;</a>&nbsp;&nbsp;&nbsp;LCD1602_ClearAll
</UL>
<BR>[Called By]<UL><LI><a href="#[41]">&gt;&gt;</a>&nbsp;&nbsp;&nbsp;main
</UL>

<P><STRONG><a name="[8a]"></a>alarm</STRONG> (Thumb, 394 bytes, Stack size 40 bytes, alarm.o(i.alarm))
<BR><BR>[Stack]<UL><LI>Max Depth = 128<LI>Call Chain = alarm &rArr; enter_passwd &rArr; typing_passwd &rArr; LCD1602_SetCursor &rArr; LCD1602_Write8 &rArr; LCD1602_Write4 &rArr; PCF8574_Write &rArr; I2C_Write &rArr; i2c_wait
</UL>
<BR>[Calls]<UL><LI><a href="#[87]">&gt;&gt;</a>&nbsp;&nbsp;&nbsp;read_keypad
<LI><a href="#[8e]">&gt;&gt;</a>&nbsp;&nbsp;&nbsp;enter_passwd
<LI><a href="#[8d]">&gt;&gt;</a>&nbsp;&nbsp;&nbsp;contact_vibration
<LI><a href="#[82]">&gt;&gt;</a>&nbsp;&nbsp;&nbsp;LCD1602_SetCursor
<LI><a href="#[81]">&gt;&gt;</a>&nbsp;&nbsp;&nbsp;LCD1602_Print
<LI><a href="#[7d]">&gt;&gt;</a>&nbsp;&nbsp;&nbsp;LCD1602_ClearAll
<LI><a href="#[8b]">&gt;&gt;</a>&nbsp;&nbsp;&nbsp;__aeabi_dmul
<LI><a href="#[59]">&gt;&gt;</a>&nbsp;&nbsp;&nbsp;__aeabi_ui2d
<LI><a href="#[8c]">&gt;&gt;</a>&nbsp;&nbsp;&nbsp;__aeabi_d2uiz
<LI><a href="#[51]">&gt;&gt;</a>&nbsp;&nbsp;&nbsp;__aeabi_idivmod
</UL>
<BR>[Called By]<UL><LI><a href="#[88]">&gt;&gt;</a>&nbsp;&nbsp;&nbsp;armed_admin
<LI><a href="#[96]">&gt;&gt;</a>&nbsp;&nbsp;&nbsp;armed_user
<LI><a href="#[41]">&gt;&gt;</a>&nbsp;&nbsp;&nbsp;main
</UL>

<P><STRONG><a name="[88]"></a>armed_admin</STRONG> (Thumb, 1236 bytes, Stack size 24 bytes, alarm.o(i.armed_admin))
<BR><BR>[Stack]<UL><LI>Max Depth = 152 + Unknown Stack Size
<LI>Call Chain = armed_admin &rArr; __2sprintf &rArr; _printf_char_common &rArr; __printf
</UL>
<BR>[Calls]<UL><LI><a href="#[47]">&gt;&gt;</a>&nbsp;&nbsp;&nbsp;__2sprintf
<LI><a href="#[79]">&gt;&gt;</a>&nbsp;&nbsp;&nbsp;I2C_WriteReg
<LI><a href="#[76]">&gt;&gt;</a>&nbsp;&nbsp;&nbsp;I2C_ReadRegBlock
<LI><a href="#[69]">&gt;&gt;</a>&nbsp;&nbsp;&nbsp;I2C_ReadReg
<LI><a href="#[90]">&gt;&gt;</a>&nbsp;&nbsp;&nbsp;time_read
<LI><a href="#[87]">&gt;&gt;</a>&nbsp;&nbsp;&nbsp;read_keypad
<LI><a href="#[8e]">&gt;&gt;</a>&nbsp;&nbsp;&nbsp;enter_passwd
<LI><a href="#[8d]">&gt;&gt;</a>&nbsp;&nbsp;&nbsp;contact_vibration
<LI><a href="#[8a]">&gt;&gt;</a>&nbsp;&nbsp;&nbsp;alarm
<LI><a href="#[8f]">&gt;&gt;</a>&nbsp;&nbsp;&nbsp;RTC_Read
<LI><a href="#[82]">&gt;&gt;</a>&nbsp;&nbsp;&nbsp;LCD1602_SetCursor
<LI><a href="#[81]">&gt;&gt;</a>&nbsp;&nbsp;&nbsp;LCD1602_Print
<LI><a href="#[7d]">&gt;&gt;</a>&nbsp;&nbsp;&nbsp;LCD1602_ClearAll
<LI><a href="#[93]">&gt;&gt;</a>&nbsp;&nbsp;&nbsp;__aeabi_cfrcmple
<LI><a href="#[92]">&gt;&gt;</a>&nbsp;&nbsp;&nbsp;__aeabi_fmul
<LI><a href="#[95]">&gt;&gt;</a>&nbsp;&nbsp;&nbsp;__aeabi_cdrcmple
<LI><a href="#[57]">&gt;&gt;</a>&nbsp;&nbsp;&nbsp;__aeabi_i2d
<LI><a href="#[94]">&gt;&gt;</a>&nbsp;&nbsp;&nbsp;__aeabi_ddiv
<LI><a href="#[91]">&gt;&gt;</a>&nbsp;&nbsp;&nbsp;strcmp
</UL>
<BR>[Called By]<UL><LI><a href="#[86]">&gt;&gt;</a>&nbsp;&nbsp;&nbsp;admin_setup
</UL>

<P><STRONG><a name="[96]"></a>armed_user</STRONG> (Thumb, 1236 bytes, Stack size 24 bytes, alarm.o(i.armed_user))
<BR><BR>[Stack]<UL><LI>Max Depth = 152 + Unknown Stack Size
<LI>Call Chain = armed_user &rArr; __2sprintf &rArr; _printf_char_common &rArr; __printf
</UL>
<BR>[Calls]<UL><LI><a href="#[47]">&gt;&gt;</a>&nbsp;&nbsp;&nbsp;__2sprintf
<LI><a href="#[79]">&gt;&gt;</a>&nbsp;&nbsp;&nbsp;I2C_WriteReg
<LI><a href="#[76]">&gt;&gt;</a>&nbsp;&nbsp;&nbsp;I2C_ReadRegBlock
<LI><a href="#[69]">&gt;&gt;</a>&nbsp;&nbsp;&nbsp;I2C_ReadReg
<LI><a href="#[90]">&gt;&gt;</a>&nbsp;&nbsp;&nbsp;time_read
<LI><a href="#[87]">&gt;&gt;</a>&nbsp;&nbsp;&nbsp;read_keypad
<LI><a href="#[97]">&gt;&gt;</a>&nbsp;&nbsp;&nbsp;enter_user_passwd
<LI><a href="#[8d]">&gt;&gt;</a>&nbsp;&nbsp;&nbsp;contact_vibration
<LI><a href="#[8a]">&gt;&gt;</a>&nbsp;&nbsp;&nbsp;alarm
<LI><a href="#[8f]">&gt;&gt;</a>&nbsp;&nbsp;&nbsp;RTC_Read
<LI><a href="#[82]">&gt;&gt;</a>&nbsp;&nbsp;&nbsp;LCD1602_SetCursor
<LI><a href="#[81]">&gt;&gt;</a>&nbsp;&nbsp;&nbsp;LCD1602_Print
<LI><a href="#[7d]">&gt;&gt;</a>&nbsp;&nbsp;&nbsp;LCD1602_ClearAll
<LI><a href="#[93]">&gt;&gt;</a>&nbsp;&nbsp;&nbsp;__aeabi_cfrcmple
<LI><a href="#[92]">&gt;&gt;</a>&nbsp;&nbsp;&nbsp;__aeabi_fmul
<LI><a href="#[95]">&gt;&gt;</a>&nbsp;&nbsp;&nbsp;__aeabi_cdrcmple
<LI><a href="#[57]">&gt;&gt;</a>&nbsp;&nbsp;&nbsp;__aeabi_i2d
<LI><a href="#[94]">&gt;&gt;</a>&nbsp;&nbsp;&nbsp;__aeabi_ddiv
<LI><a href="#[91]">&gt;&gt;</a>&nbsp;&nbsp;&nbsp;strcmp
</UL>
<BR>[Called By]<UL><LI><a href="#[a0]">&gt;&gt;</a>&nbsp;&nbsp;&nbsp;user_setup
<LI><a href="#[41]">&gt;&gt;</a>&nbsp;&nbsp;&nbsp;main
</UL>

<P><STRONG><a name="[89]"></a>change_passwd</STRONG> (Thumb, 214 bytes, Stack size 24 bytes, alarm.o(i.change_passwd))
<BR><BR>[Stack]<UL><LI>Max Depth = 96<LI>Call Chain = change_passwd &rArr; typing_passwd &rArr; LCD1602_SetCursor &rArr; LCD1602_Write8 &rArr; LCD1602_Write4 &rArr; PCF8574_Write &rArr; I2C_Write &rArr; i2c_wait
</UL>
<BR>[Calls]<UL><LI><a href="#[98]">&gt;&gt;</a>&nbsp;&nbsp;&nbsp;typing_passwd
<LI><a href="#[87]">&gt;&gt;</a>&nbsp;&nbsp;&nbsp;read_keypad
<LI><a href="#[8d]">&gt;&gt;</a>&nbsp;&nbsp;&nbsp;contact_vibration
<LI><a href="#[82]">&gt;&gt;</a>&nbsp;&nbsp;&nbsp;LCD1602_SetCursor
<LI><a href="#[81]">&gt;&gt;</a>&nbsp;&nbsp;&nbsp;LCD1602_Print
<LI><a href="#[7d]">&gt;&gt;</a>&nbsp;&nbsp;&nbsp;LCD1602_ClearAll
</UL>
<BR>[Called By]<UL><LI><a href="#[a0]">&gt;&gt;</a>&nbsp;&nbsp;&nbsp;user_setup
<LI><a href="#[86]">&gt;&gt;</a>&nbsp;&nbsp;&nbsp;admin_setup
</UL>

<P><STRONG><a name="[8d]"></a>contact_vibration</STRONG> (Thumb, 28 bytes, Stack size 4 bytes, klaw.o(i.contact_vibration))
<BR><BR>[Stack]<UL><LI>Max Depth = 12<LI>Call Chain = contact_vibration &rArr; read_keypad
</UL>
<BR>[Calls]<UL><LI><a href="#[87]">&gt;&gt;</a>&nbsp;&nbsp;&nbsp;read_keypad
</UL>
<BR>[Called By]<UL><LI><a href="#[89]">&gt;&gt;</a>&nbsp;&nbsp;&nbsp;change_passwd
<LI><a href="#[88]">&gt;&gt;</a>&nbsp;&nbsp;&nbsp;armed_admin
<LI><a href="#[a6]">&gt;&gt;</a>&nbsp;&nbsp;&nbsp;set_year
<LI><a href="#[a7]">&gt;&gt;</a>&nbsp;&nbsp;&nbsp;set_weekday
<LI><a href="#[a3]">&gt;&gt;</a>&nbsp;&nbsp;&nbsp;set_second
<LI><a href="#[a4]">&gt;&gt;</a>&nbsp;&nbsp;&nbsp;set_monthday
<LI><a href="#[a5]">&gt;&gt;</a>&nbsp;&nbsp;&nbsp;set_month
<LI><a href="#[a2]">&gt;&gt;</a>&nbsp;&nbsp;&nbsp;set_minute
<LI><a href="#[a1]">&gt;&gt;</a>&nbsp;&nbsp;&nbsp;set_hour
<LI><a href="#[97]">&gt;&gt;</a>&nbsp;&nbsp;&nbsp;enter_user_passwd
<LI><a href="#[8e]">&gt;&gt;</a>&nbsp;&nbsp;&nbsp;enter_passwd
<LI><a href="#[96]">&gt;&gt;</a>&nbsp;&nbsp;&nbsp;armed_user
<LI><a href="#[8a]">&gt;&gt;</a>&nbsp;&nbsp;&nbsp;alarm
<LI><a href="#[41]">&gt;&gt;</a>&nbsp;&nbsp;&nbsp;main
</UL>

<P><STRONG><a name="[8e]"></a>enter_passwd</STRONG> (Thumb, 114 bytes, Stack size 16 bytes, alarm.o(i.enter_passwd))
<BR><BR>[Stack]<UL><LI>Max Depth = 88<LI>Call Chain = enter_passwd &rArr; typing_passwd &rArr; LCD1602_SetCursor &rArr; LCD1602_Write8 &rArr; LCD1602_Write4 &rArr; PCF8574_Write &rArr; I2C_Write &rArr; i2c_wait
</UL>
<BR>[Calls]<UL><LI><a href="#[98]">&gt;&gt;</a>&nbsp;&nbsp;&nbsp;typing_passwd
<LI><a href="#[87]">&gt;&gt;</a>&nbsp;&nbsp;&nbsp;read_keypad
<LI><a href="#[8d]">&gt;&gt;</a>&nbsp;&nbsp;&nbsp;contact_vibration
<LI><a href="#[81]">&gt;&gt;</a>&nbsp;&nbsp;&nbsp;LCD1602_Print
<LI><a href="#[7d]">&gt;&gt;</a>&nbsp;&nbsp;&nbsp;LCD1602_ClearAll
</UL>
<BR>[Called By]<UL><LI><a href="#[88]">&gt;&gt;</a>&nbsp;&nbsp;&nbsp;armed_admin
<LI><a href="#[8a]">&gt;&gt;</a>&nbsp;&nbsp;&nbsp;alarm
<LI><a href="#[41]">&gt;&gt;</a>&nbsp;&nbsp;&nbsp;main
</UL>

<P><STRONG><a name="[97]"></a>enter_user_passwd</STRONG> (Thumb, 144 bytes, Stack size 24 bytes, alarm.o(i.enter_user_passwd))
<BR><BR>[Stack]<UL><LI>Max Depth = 96<LI>Call Chain = enter_user_passwd &rArr; typing_passwd &rArr; LCD1602_SetCursor &rArr; LCD1602_Write8 &rArr; LCD1602_Write4 &rArr; PCF8574_Write &rArr; I2C_Write &rArr; i2c_wait
</UL>
<BR>[Calls]<UL><LI><a href="#[98]">&gt;&gt;</a>&nbsp;&nbsp;&nbsp;typing_passwd
<LI><a href="#[87]">&gt;&gt;</a>&nbsp;&nbsp;&nbsp;read_keypad
<LI><a href="#[8d]">&gt;&gt;</a>&nbsp;&nbsp;&nbsp;contact_vibration
<LI><a href="#[81]">&gt;&gt;</a>&nbsp;&nbsp;&nbsp;LCD1602_Print
<LI><a href="#[7d]">&gt;&gt;</a>&nbsp;&nbsp;&nbsp;LCD1602_ClearAll
</UL>
<BR>[Called By]<UL><LI><a href="#[96]">&gt;&gt;</a>&nbsp;&nbsp;&nbsp;armed_user
<LI><a href="#[41]">&gt;&gt;</a>&nbsp;&nbsp;&nbsp;main
</UL>

<P><STRONG><a name="[77]"></a>i2c_ack</STRONG> (Thumb, 14 bytes, Stack size 0 bytes, i2c.o(i.i2c_ack))
<BR><BR>[Called By]<UL><LI><a href="#[76]">&gt;&gt;</a>&nbsp;&nbsp;&nbsp;I2C_ReadRegBlock
</UL>

<P><STRONG><a name="[6b]"></a>i2c_clr_IICIF</STRONG> (Thumb, 14 bytes, Stack size 0 bytes, i2c.o(i.i2c_clr_IICIF))
<BR><BR>[Called By]<UL><LI><a href="#[6f]">&gt;&gt;</a>&nbsp;&nbsp;&nbsp;i2c_wait
<LI><a href="#[76]">&gt;&gt;</a>&nbsp;&nbsp;&nbsp;I2C_ReadRegBlock
<LI><a href="#[69]">&gt;&gt;</a>&nbsp;&nbsp;&nbsp;I2C_ReadReg
</UL>

<P><STRONG><a name="[75]"></a>i2c_disable</STRONG> (Thumb, 14 bytes, Stack size 0 bytes, i2c.o(i.i2c_disable))
<BR><BR>[Called By]<UL><LI><a href="#[79]">&gt;&gt;</a>&nbsp;&nbsp;&nbsp;I2C_WriteReg
<LI><a href="#[78]">&gt;&gt;</a>&nbsp;&nbsp;&nbsp;I2C_Write
<LI><a href="#[76]">&gt;&gt;</a>&nbsp;&nbsp;&nbsp;I2C_ReadRegBlock
<LI><a href="#[69]">&gt;&gt;</a>&nbsp;&nbsp;&nbsp;I2C_ReadReg
</UL>

<P><STRONG><a name="[6a]"></a>i2c_enable</STRONG> (Thumb, 14 bytes, Stack size 0 bytes, i2c.o(i.i2c_enable))
<BR><BR>[Called By]<UL><LI><a href="#[79]">&gt;&gt;</a>&nbsp;&nbsp;&nbsp;I2C_WriteReg
<LI><a href="#[78]">&gt;&gt;</a>&nbsp;&nbsp;&nbsp;I2C_Write
<LI><a href="#[76]">&gt;&gt;</a>&nbsp;&nbsp;&nbsp;I2C_ReadRegBlock
<LI><a href="#[69]">&gt;&gt;</a>&nbsp;&nbsp;&nbsp;I2C_ReadReg
</UL>

<P><STRONG><a name="[70]"></a>i2c_m_rstart</STRONG> (Thumb, 28 bytes, Stack size 0 bytes, i2c.o(i.i2c_m_rstart))
<BR><BR>[Called By]<UL><LI><a href="#[76]">&gt;&gt;</a>&nbsp;&nbsp;&nbsp;I2C_ReadRegBlock
<LI><a href="#[69]">&gt;&gt;</a>&nbsp;&nbsp;&nbsp;I2C_ReadReg
</UL>

<P><STRONG><a name="[6d]"></a>i2c_m_start</STRONG> (Thumb, 14 bytes, Stack size 0 bytes, i2c.o(i.i2c_m_start))
<BR><BR>[Called By]<UL><LI><a href="#[79]">&gt;&gt;</a>&nbsp;&nbsp;&nbsp;I2C_WriteReg
<LI><a href="#[78]">&gt;&gt;</a>&nbsp;&nbsp;&nbsp;I2C_Write
<LI><a href="#[76]">&gt;&gt;</a>&nbsp;&nbsp;&nbsp;I2C_ReadRegBlock
<LI><a href="#[69]">&gt;&gt;</a>&nbsp;&nbsp;&nbsp;I2C_ReadReg
</UL>

<P><STRONG><a name="[74]"></a>i2c_m_stop</STRONG> (Thumb, 14 bytes, Stack size 0 bytes, i2c.o(i.i2c_m_stop))
<BR><BR>[Called By]<UL><LI><a href="#[79]">&gt;&gt;</a>&nbsp;&nbsp;&nbsp;I2C_WriteReg
<LI><a href="#[78]">&gt;&gt;</a>&nbsp;&nbsp;&nbsp;I2C_Write
<LI><a href="#[76]">&gt;&gt;</a>&nbsp;&nbsp;&nbsp;I2C_ReadRegBlock
<LI><a href="#[69]">&gt;&gt;</a>&nbsp;&nbsp;&nbsp;I2C_ReadReg
</UL>

<P><STRONG><a name="[72]"></a>i2c_nack</STRONG> (Thumb, 14 bytes, Stack size 0 bytes, i2c.o(i.i2c_nack))
<BR><BR>[Called By]<UL><LI><a href="#[76]">&gt;&gt;</a>&nbsp;&nbsp;&nbsp;I2C_ReadRegBlock
<LI><a href="#[69]">&gt;&gt;</a>&nbsp;&nbsp;&nbsp;I2C_ReadReg
</UL>

<P><STRONG><a name="[71]"></a>i2c_rec</STRONG> (Thumb, 14 bytes, Stack size 0 bytes, i2c.o(i.i2c_rec))
<BR><BR>[Called By]<UL><LI><a href="#[76]">&gt;&gt;</a>&nbsp;&nbsp;&nbsp;I2C_ReadRegBlock
<LI><a href="#[69]">&gt;&gt;</a>&nbsp;&nbsp;&nbsp;I2C_ReadReg
</UL>

<P><STRONG><a name="[73]"></a>i2c_recv</STRONG> (Thumb, 6 bytes, Stack size 0 bytes, i2c.o(i.i2c_recv))
<BR><BR>[Called By]<UL><LI><a href="#[76]">&gt;&gt;</a>&nbsp;&nbsp;&nbsp;I2C_ReadRegBlock
<LI><a href="#[69]">&gt;&gt;</a>&nbsp;&nbsp;&nbsp;I2C_ReadReg
</UL>

<P><STRONG><a name="[6e]"></a>i2c_send</STRONG> (Thumb, 6 bytes, Stack size 0 bytes, i2c.o(i.i2c_send))
<BR><BR>[Called By]<UL><LI><a href="#[79]">&gt;&gt;</a>&nbsp;&nbsp;&nbsp;I2C_WriteReg
<LI><a href="#[78]">&gt;&gt;</a>&nbsp;&nbsp;&nbsp;I2C_Write
<LI><a href="#[76]">&gt;&gt;</a>&nbsp;&nbsp;&nbsp;I2C_ReadRegBlock
<LI><a href="#[69]">&gt;&gt;</a>&nbsp;&nbsp;&nbsp;I2C_ReadReg
</UL>

<P><STRONG><a name="[6c]"></a>i2c_tran</STRONG> (Thumb, 14 bytes, Stack size 0 bytes, i2c.o(i.i2c_tran))
<BR><BR>[Called By]<UL><LI><a href="#[79]">&gt;&gt;</a>&nbsp;&nbsp;&nbsp;I2C_WriteReg
<LI><a href="#[78]">&gt;&gt;</a>&nbsp;&nbsp;&nbsp;I2C_Write
<LI><a href="#[76]">&gt;&gt;</a>&nbsp;&nbsp;&nbsp;I2C_ReadRegBlock
<LI><a href="#[69]">&gt;&gt;</a>&nbsp;&nbsp;&nbsp;I2C_ReadReg
</UL>

<P><STRONG><a name="[6f]"></a>i2c_wait</STRONG> (Thumb, 106 bytes, Stack size 4 bytes, i2c.o(i.i2c_wait))
<BR><BR>[Stack]<UL><LI>Max Depth = 4<LI>Call Chain = i2c_wait
</UL>
<BR>[Calls]<UL><LI><a href="#[6b]">&gt;&gt;</a>&nbsp;&nbsp;&nbsp;i2c_clr_IICIF
</UL>
<BR>[Called By]<UL><LI><a href="#[79]">&gt;&gt;</a>&nbsp;&nbsp;&nbsp;I2C_WriteReg
<LI><a href="#[78]">&gt;&gt;</a>&nbsp;&nbsp;&nbsp;I2C_Write
<LI><a href="#[76]">&gt;&gt;</a>&nbsp;&nbsp;&nbsp;I2C_ReadRegBlock
<LI><a href="#[69]">&gt;&gt;</a>&nbsp;&nbsp;&nbsp;I2C_ReadReg
</UL>

<P><STRONG><a name="[41]"></a>main</STRONG> (Thumb, 2162 bytes, Stack size 40 bytes, main.o(i.main))
<BR><BR>[Stack]<UL><LI>Max Depth = 200 + Unknown Stack Size
<LI>Call Chain = main &rArr; user_setup &rArr; armed_user &rArr; __2sprintf &rArr; _printf_char_common &rArr; __printf
</UL>
<BR>[Calls]<UL><LI><a href="#[47]">&gt;&gt;</a>&nbsp;&nbsp;&nbsp;__2sprintf
<LI><a href="#[a0]">&gt;&gt;</a>&nbsp;&nbsp;&nbsp;user_setup
<LI><a href="#[9d]">&gt;&gt;</a>&nbsp;&nbsp;&nbsp;time_write
<LI><a href="#[90]">&gt;&gt;</a>&nbsp;&nbsp;&nbsp;time_read
<LI><a href="#[a6]">&gt;&gt;</a>&nbsp;&nbsp;&nbsp;set_year
<LI><a href="#[a7]">&gt;&gt;</a>&nbsp;&nbsp;&nbsp;set_weekday
<LI><a href="#[a3]">&gt;&gt;</a>&nbsp;&nbsp;&nbsp;set_second
<LI><a href="#[a4]">&gt;&gt;</a>&nbsp;&nbsp;&nbsp;set_monthday
<LI><a href="#[a5]">&gt;&gt;</a>&nbsp;&nbsp;&nbsp;set_month
<LI><a href="#[a2]">&gt;&gt;</a>&nbsp;&nbsp;&nbsp;set_minute
<LI><a href="#[a1]">&gt;&gt;</a>&nbsp;&nbsp;&nbsp;set_hour
<LI><a href="#[87]">&gt;&gt;</a>&nbsp;&nbsp;&nbsp;read_keypad
<LI><a href="#[97]">&gt;&gt;</a>&nbsp;&nbsp;&nbsp;enter_user_passwd
<LI><a href="#[8e]">&gt;&gt;</a>&nbsp;&nbsp;&nbsp;enter_passwd
<LI><a href="#[8d]">&gt;&gt;</a>&nbsp;&nbsp;&nbsp;contact_vibration
<LI><a href="#[96]">&gt;&gt;</a>&nbsp;&nbsp;&nbsp;armed_user
<LI><a href="#[8a]">&gt;&gt;</a>&nbsp;&nbsp;&nbsp;alarm
<LI><a href="#[86]">&gt;&gt;</a>&nbsp;&nbsp;&nbsp;admin_setup
<LI><a href="#[99]">&gt;&gt;</a>&nbsp;&nbsp;&nbsp;UART0_Init
<LI><a href="#[8f]">&gt;&gt;</a>&nbsp;&nbsp;&nbsp;RTC_Read
<LI><a href="#[9b]">&gt;&gt;</a>&nbsp;&nbsp;&nbsp;RTC_Init
<LI><a href="#[9c]">&gt;&gt;</a>&nbsp;&nbsp;&nbsp;PWM_Init
<LI><a href="#[82]">&gt;&gt;</a>&nbsp;&nbsp;&nbsp;LCD1602_SetCursor
<LI><a href="#[81]">&gt;&gt;</a>&nbsp;&nbsp;&nbsp;LCD1602_Print
<LI><a href="#[7f]">&gt;&gt;</a>&nbsp;&nbsp;&nbsp;LCD1602_Init
<LI><a href="#[7d]">&gt;&gt;</a>&nbsp;&nbsp;&nbsp;LCD1602_ClearAll
<LI><a href="#[7a]">&gt;&gt;</a>&nbsp;&nbsp;&nbsp;LCD1602_Backlight
<LI><a href="#[9a]">&gt;&gt;</a>&nbsp;&nbsp;&nbsp;Klaw_Init
<LI><a href="#[9e]">&gt;&gt;</a>&nbsp;&nbsp;&nbsp;ADC_Init
<LI><a href="#[84]">&gt;&gt;</a>&nbsp;&nbsp;&nbsp;SysTick_Config
<LI><a href="#[9f]">&gt;&gt;</a>&nbsp;&nbsp;&nbsp;__aeabi_uidivmod
<LI><a href="#[91]">&gt;&gt;</a>&nbsp;&nbsp;&nbsp;strcmp
</UL>
<BR>[Called By]<UL><LI><a href="#[40]">&gt;&gt;</a>&nbsp;&nbsp;&nbsp;__rt_entry_main
</UL>

<P><STRONG><a name="[87]"></a>read_keypad</STRONG> (Thumb, 100 bytes, Stack size 8 bytes, klaw.o(i.read_keypad))
<BR><BR>[Stack]<UL><LI>Max Depth = 8<LI>Call Chain = read_keypad
</UL>
<BR>[Called By]<UL><LI><a href="#[89]">&gt;&gt;</a>&nbsp;&nbsp;&nbsp;change_passwd
<LI><a href="#[88]">&gt;&gt;</a>&nbsp;&nbsp;&nbsp;armed_admin
<LI><a href="#[a0]">&gt;&gt;</a>&nbsp;&nbsp;&nbsp;user_setup
<LI><a href="#[a6]">&gt;&gt;</a>&nbsp;&nbsp;&nbsp;set_year
<LI><a href="#[a7]">&gt;&gt;</a>&nbsp;&nbsp;&nbsp;set_weekday
<LI><a href="#[a3]">&gt;&gt;</a>&nbsp;&nbsp;&nbsp;set_second
<LI><a href="#[a4]">&gt;&gt;</a>&nbsp;&nbsp;&nbsp;set_monthday
<LI><a href="#[a5]">&gt;&gt;</a>&nbsp;&nbsp;&nbsp;set_month
<LI><a href="#[a2]">&gt;&gt;</a>&nbsp;&nbsp;&nbsp;set_minute
<LI><a href="#[a1]">&gt;&gt;</a>&nbsp;&nbsp;&nbsp;set_hour
<LI><a href="#[97]">&gt;&gt;</a>&nbsp;&nbsp;&nbsp;enter_user_passwd
<LI><a href="#[8e]">&gt;&gt;</a>&nbsp;&nbsp;&nbsp;enter_passwd
<LI><a href="#[8d]">&gt;&gt;</a>&nbsp;&nbsp;&nbsp;contact_vibration
<LI><a href="#[96]">&gt;&gt;</a>&nbsp;&nbsp;&nbsp;armed_user
<LI><a href="#[8a]">&gt;&gt;</a>&nbsp;&nbsp;&nbsp;alarm
<LI><a href="#[86]">&gt;&gt;</a>&nbsp;&nbsp;&nbsp;admin_setup
<LI><a href="#[41]">&gt;&gt;</a>&nbsp;&nbsp;&nbsp;main
</UL>

<P><STRONG><a name="[a1]"></a>set_hour</STRONG> (Thumb, 140 bytes, Stack size 8 bytes, rtcclock.o(i.set_hour))
<BR><BR>[Stack]<UL><LI>Max Depth = 136 + Unknown Stack Size
<LI>Call Chain = set_hour &rArr; __2sprintf &rArr; _printf_char_common &rArr; __printf
</UL>
<BR>[Calls]<UL><LI><a href="#[47]">&gt;&gt;</a>&nbsp;&nbsp;&nbsp;__2sprintf
<LI><a href="#[87]">&gt;&gt;</a>&nbsp;&nbsp;&nbsp;read_keypad
<LI><a href="#[8d]">&gt;&gt;</a>&nbsp;&nbsp;&nbsp;contact_vibration
<LI><a href="#[82]">&gt;&gt;</a>&nbsp;&nbsp;&nbsp;LCD1602_SetCursor
<LI><a href="#[81]">&gt;&gt;</a>&nbsp;&nbsp;&nbsp;LCD1602_Print
<LI><a href="#[7d]">&gt;&gt;</a>&nbsp;&nbsp;&nbsp;LCD1602_ClearAll
</UL>
<BR>[Called By]<UL><LI><a href="#[41]">&gt;&gt;</a>&nbsp;&nbsp;&nbsp;main
</UL>

<P><STRONG><a name="[a2]"></a>set_minute</STRONG> (Thumb, 140 bytes, Stack size 8 bytes, rtcclock.o(i.set_minute))
<BR><BR>[Stack]<UL><LI>Max Depth = 136 + Unknown Stack Size
<LI>Call Chain = set_minute &rArr; __2sprintf &rArr; _printf_char_common &rArr; __printf
</UL>
<BR>[Calls]<UL><LI><a href="#[47]">&gt;&gt;</a>&nbsp;&nbsp;&nbsp;__2sprintf
<LI><a href="#[87]">&gt;&gt;</a>&nbsp;&nbsp;&nbsp;read_keypad
<LI><a href="#[8d]">&gt;&gt;</a>&nbsp;&nbsp;&nbsp;contact_vibration
<LI><a href="#[82]">&gt;&gt;</a>&nbsp;&nbsp;&nbsp;LCD1602_SetCursor
<LI><a href="#[81]">&gt;&gt;</a>&nbsp;&nbsp;&nbsp;LCD1602_Print
<LI><a href="#[7d]">&gt;&gt;</a>&nbsp;&nbsp;&nbsp;LCD1602_ClearAll
</UL>
<BR>[Called By]<UL><LI><a href="#[41]">&gt;&gt;</a>&nbsp;&nbsp;&nbsp;main
</UL>

<P><STRONG><a name="[a5]"></a>set_month</STRONG> (Thumb, 140 bytes, Stack size 8 bytes, rtcclock.o(i.set_month))
<BR><BR>[Stack]<UL><LI>Max Depth = 136 + Unknown Stack Size
<LI>Call Chain = set_month &rArr; __2sprintf &rArr; _printf_char_common &rArr; __printf
</UL>
<BR>[Calls]<UL><LI><a href="#[47]">&gt;&gt;</a>&nbsp;&nbsp;&nbsp;__2sprintf
<LI><a href="#[87]">&gt;&gt;</a>&nbsp;&nbsp;&nbsp;read_keypad
<LI><a href="#[8d]">&gt;&gt;</a>&nbsp;&nbsp;&nbsp;contact_vibration
<LI><a href="#[82]">&gt;&gt;</a>&nbsp;&nbsp;&nbsp;LCD1602_SetCursor
<LI><a href="#[81]">&gt;&gt;</a>&nbsp;&nbsp;&nbsp;LCD1602_Print
<LI><a href="#[7d]">&gt;&gt;</a>&nbsp;&nbsp;&nbsp;LCD1602_ClearAll
</UL>
<BR>[Called By]<UL><LI><a href="#[41]">&gt;&gt;</a>&nbsp;&nbsp;&nbsp;main
</UL>

<P><STRONG><a name="[a4]"></a>set_monthday</STRONG> (Thumb, 140 bytes, Stack size 8 bytes, rtcclock.o(i.set_monthday))
<BR><BR>[Stack]<UL><LI>Max Depth = 136 + Unknown Stack Size
<LI>Call Chain = set_monthday &rArr; __2sprintf &rArr; _printf_char_common &rArr; __printf
</UL>
<BR>[Calls]<UL><LI><a href="#[47]">&gt;&gt;</a>&nbsp;&nbsp;&nbsp;__2sprintf
<LI><a href="#[87]">&gt;&gt;</a>&nbsp;&nbsp;&nbsp;read_keypad
<LI><a href="#[8d]">&gt;&gt;</a>&nbsp;&nbsp;&nbsp;contact_vibration
<LI><a href="#[82]">&gt;&gt;</a>&nbsp;&nbsp;&nbsp;LCD1602_SetCursor
<LI><a href="#[81]">&gt;&gt;</a>&nbsp;&nbsp;&nbsp;LCD1602_Print
<LI><a href="#[7d]">&gt;&gt;</a>&nbsp;&nbsp;&nbsp;LCD1602_ClearAll
</UL>
<BR>[Called By]<UL><LI><a href="#[41]">&gt;&gt;</a>&nbsp;&nbsp;&nbsp;main
</UL>

<P><STRONG><a name="[a3]"></a>set_second</STRONG> (Thumb, 140 bytes, Stack size 8 bytes, rtcclock.o(i.set_second))
<BR><BR>[Stack]<UL><LI>Max Depth = 136 + Unknown Stack Size
<LI>Call Chain = set_second &rArr; __2sprintf &rArr; _printf_char_common &rArr; __printf
</UL>
<BR>[Calls]<UL><LI><a href="#[47]">&gt;&gt;</a>&nbsp;&nbsp;&nbsp;__2sprintf
<LI><a href="#[87]">&gt;&gt;</a>&nbsp;&nbsp;&nbsp;read_keypad
<LI><a href="#[8d]">&gt;&gt;</a>&nbsp;&nbsp;&nbsp;contact_vibration
<LI><a href="#[82]">&gt;&gt;</a>&nbsp;&nbsp;&nbsp;LCD1602_SetCursor
<LI><a href="#[81]">&gt;&gt;</a>&nbsp;&nbsp;&nbsp;LCD1602_Print
<LI><a href="#[7d]">&gt;&gt;</a>&nbsp;&nbsp;&nbsp;LCD1602_ClearAll
</UL>
<BR>[Called By]<UL><LI><a href="#[41]">&gt;&gt;</a>&nbsp;&nbsp;&nbsp;main
</UL>

<P><STRONG><a name="[a7]"></a>set_weekday</STRONG> (Thumb, 140 bytes, Stack size 8 bytes, rtcclock.o(i.set_weekday))
<BR><BR>[Stack]<UL><LI>Max Depth = 136 + Unknown Stack Size
<LI>Call Chain = set_weekday &rArr; __2sprintf &rArr; _printf_char_common &rArr; __printf
</UL>
<BR>[Calls]<UL><LI><a href="#[47]">&gt;&gt;</a>&nbsp;&nbsp;&nbsp;__2sprintf
<LI><a href="#[87]">&gt;&gt;</a>&nbsp;&nbsp;&nbsp;read_keypad
<LI><a href="#[8d]">&gt;&gt;</a>&nbsp;&nbsp;&nbsp;contact_vibration
<LI><a href="#[82]">&gt;&gt;</a>&nbsp;&nbsp;&nbsp;LCD1602_SetCursor
<LI><a href="#[81]">&gt;&gt;</a>&nbsp;&nbsp;&nbsp;LCD1602_Print
<LI><a href="#[7d]">&gt;&gt;</a>&nbsp;&nbsp;&nbsp;LCD1602_ClearAll
</UL>
<BR>[Called By]<UL><LI><a href="#[41]">&gt;&gt;</a>&nbsp;&nbsp;&nbsp;main
</UL>

<P><STRONG><a name="[a6]"></a>set_year</STRONG> (Thumb, 140 bytes, Stack size 8 bytes, rtcclock.o(i.set_year))
<BR><BR>[Stack]<UL><LI>Max Depth = 136 + Unknown Stack Size
<LI>Call Chain = set_year &rArr; __2sprintf &rArr; _printf_char_common &rArr; __printf
</UL>
<BR>[Calls]<UL><LI><a href="#[47]">&gt;&gt;</a>&nbsp;&nbsp;&nbsp;__2sprintf
<LI><a href="#[87]">&gt;&gt;</a>&nbsp;&nbsp;&nbsp;read_keypad
<LI><a href="#[8d]">&gt;&gt;</a>&nbsp;&nbsp;&nbsp;contact_vibration
<LI><a href="#[82]">&gt;&gt;</a>&nbsp;&nbsp;&nbsp;LCD1602_SetCursor
<LI><a href="#[81]">&gt;&gt;</a>&nbsp;&nbsp;&nbsp;LCD1602_Print
<LI><a href="#[7d]">&gt;&gt;</a>&nbsp;&nbsp;&nbsp;LCD1602_ClearAll
</UL>
<BR>[Called By]<UL><LI><a href="#[41]">&gt;&gt;</a>&nbsp;&nbsp;&nbsp;main
</UL>

<P><STRONG><a name="[90]"></a>time_read</STRONG> (Thumb, 328 bytes, Stack size 16 bytes, rtcclock.o(i.time_read))
<BR><BR>[Stack]<UL><LI>Max Depth = 32<LI>Call Chain = time_read &rArr; div &rArr; __aeabi_idivmod
</UL>
<BR>[Calls]<UL><LI><a href="#[a8]">&gt;&gt;</a>&nbsp;&nbsp;&nbsp;RTC_Write
<LI><a href="#[50]">&gt;&gt;</a>&nbsp;&nbsp;&nbsp;div
</UL>
<BR>[Called By]<UL><LI><a href="#[88]">&gt;&gt;</a>&nbsp;&nbsp;&nbsp;armed_admin
<LI><a href="#[96]">&gt;&gt;</a>&nbsp;&nbsp;&nbsp;armed_user
<LI><a href="#[41]">&gt;&gt;</a>&nbsp;&nbsp;&nbsp;main
</UL>

<P><STRONG><a name="[9d]"></a>time_write</STRONG> (Thumb, 46 bytes, Stack size 20 bytes, rtcclock.o(i.time_write))
<BR><BR>[Stack]<UL><LI>Max Depth = 20<LI>Call Chain = time_write
</UL>
<BR>[Calls]<UL><LI><a href="#[a8]">&gt;&gt;</a>&nbsp;&nbsp;&nbsp;RTC_Write
</UL>
<BR>[Called By]<UL><LI><a href="#[41]">&gt;&gt;</a>&nbsp;&nbsp;&nbsp;main
</UL>

<P><STRONG><a name="[98]"></a>typing_passwd</STRONG> (Thumb, 58 bytes, Stack size 8 bytes, alarm.o(i.typing_passwd))
<BR><BR>[Stack]<UL><LI>Max Depth = 72<LI>Call Chain = typing_passwd &rArr; LCD1602_SetCursor &rArr; LCD1602_Write8 &rArr; LCD1602_Write4 &rArr; PCF8574_Write &rArr; I2C_Write &rArr; i2c_wait
</UL>
<BR>[Calls]<UL><LI><a href="#[82]">&gt;&gt;</a>&nbsp;&nbsp;&nbsp;LCD1602_SetCursor
<LI><a href="#[81]">&gt;&gt;</a>&nbsp;&nbsp;&nbsp;LCD1602_Print
</UL>
<BR>[Called By]<UL><LI><a href="#[89]">&gt;&gt;</a>&nbsp;&nbsp;&nbsp;change_passwd
<LI><a href="#[97]">&gt;&gt;</a>&nbsp;&nbsp;&nbsp;enter_user_passwd
<LI><a href="#[8e]">&gt;&gt;</a>&nbsp;&nbsp;&nbsp;enter_passwd
</UL>

<P><STRONG><a name="[a0]"></a>user_setup</STRONG> (Thumb, 86 bytes, Stack size 8 bytes, alarm.o(i.user_setup))
<BR><BR>[Stack]<UL><LI>Max Depth = 160 + Unknown Stack Size
<LI>Call Chain = user_setup &rArr; armed_user &rArr; __2sprintf &rArr; _printf_char_common &rArr; __printf
</UL>
<BR>[Calls]<UL><LI><a href="#[89]">&gt;&gt;</a>&nbsp;&nbsp;&nbsp;change_passwd
<LI><a href="#[87]">&gt;&gt;</a>&nbsp;&nbsp;&nbsp;read_keypad
<LI><a href="#[96]">&gt;&gt;</a>&nbsp;&nbsp;&nbsp;armed_user
<LI><a href="#[82]">&gt;&gt;</a>&nbsp;&nbsp;&nbsp;LCD1602_SetCursor
<LI><a href="#[81]">&gt;&gt;</a>&nbsp;&nbsp;&nbsp;LCD1602_Print
<LI><a href="#[7d]">&gt;&gt;</a>&nbsp;&nbsp;&nbsp;LCD1602_ClearAll
</UL>
<BR>[Called By]<UL><LI><a href="#[41]">&gt;&gt;</a>&nbsp;&nbsp;&nbsp;main
</UL>

<P><STRONG><a name="[95]"></a>__aeabi_cdrcmple</STRONG> (Thumb, 0 bytes, Stack size 32 bytes, drlef.o(x$fpl$drleqf))
<BR><BR>[Stack]<UL><LI>Max Depth = 32<LI>Call Chain = __aeabi_cdrcmple
</UL>
<BR>[Called By]<UL><LI><a href="#[88]">&gt;&gt;</a>&nbsp;&nbsp;&nbsp;armed_admin
<LI><a href="#[96]">&gt;&gt;</a>&nbsp;&nbsp;&nbsp;armed_user
</UL>

<P><STRONG><a name="[a9]"></a>_drcmple</STRONG> (Thumb, 100 bytes, Stack size 32 bytes, drlef.o(x$fpl$drleqf), UNUSED)
<BR><BR>[Calls]<UL><LI><a href="#[60]">&gt;&gt;</a>&nbsp;&nbsp;&nbsp;__fpl_dcmp_InfNaN
</UL>

<P><STRONG><a name="[92]"></a>__aeabi_fmul</STRONG> (Thumb, 0 bytes, Stack size 16 bytes, fmul.o(x$fpl$fmul))
<BR><BR>[Stack]<UL><LI>Max Depth = 16<LI>Call Chain = __aeabi_fmul
</UL>
<BR>[Called By]<UL><LI><a href="#[88]">&gt;&gt;</a>&nbsp;&nbsp;&nbsp;armed_admin
<LI><a href="#[96]">&gt;&gt;</a>&nbsp;&nbsp;&nbsp;armed_user
</UL>

<P><STRONG><a name="[df]"></a>_fmul</STRONG> (Thumb, 172 bytes, Stack size 16 bytes, fmul.o(x$fpl$fmul), UNUSED)

<P><STRONG><a name="[93]"></a>__aeabi_cfrcmple</STRONG> (Thumb, 0 bytes, Stack size 8 bytes, frlef.o(x$fpl$frleqf))
<BR><BR>[Stack]<UL><LI>Max Depth = 8<LI>Call Chain = __aeabi_cfrcmple
</UL>
<BR>[Called By]<UL><LI><a href="#[88]">&gt;&gt;</a>&nbsp;&nbsp;&nbsp;armed_admin
<LI><a href="#[96]">&gt;&gt;</a>&nbsp;&nbsp;&nbsp;armed_user
</UL>

<P><STRONG><a name="[aa]"></a>_frcmple</STRONG> (Thumb, 84 bytes, Stack size 8 bytes, frlef.o(x$fpl$frleqf), UNUSED)
<BR><BR>[Calls]<UL><LI><a href="#[63]">&gt;&gt;</a>&nbsp;&nbsp;&nbsp;__fpl_fcmp_InfNaN
</UL>
<P>
<H3>
Local Symbols
</H3>
<P><STRONG><a name="[84]"></a>SysTick_Config</STRONG> (Thumb, 44 bytes, Stack size 8 bytes, main.o(i.SysTick_Config))
<BR><BR>[Stack]<UL><LI>Max Depth = 16<LI>Call Chain = SysTick_Config &rArr; __NVIC_SetPriority
</UL>
<BR>[Calls]<UL><LI><a href="#[85]">&gt;&gt;</a>&nbsp;&nbsp;&nbsp;__NVIC_SetPriority
</UL>
<BR>[Called By]<UL><LI><a href="#[41]">&gt;&gt;</a>&nbsp;&nbsp;&nbsp;main
</UL>

<P><STRONG><a name="[85]"></a>__NVIC_SetPriority</STRONG> (Thumb, 110 bytes, Stack size 8 bytes, main.o(i.__NVIC_SetPriority))
<BR><BR>[Stack]<UL><LI>Max Depth = 8<LI>Call Chain = __NVIC_SetPriority
</UL>
<BR>[Called By]<UL><LI><a href="#[84]">&gt;&gt;</a>&nbsp;&nbsp;&nbsp;SysTick_Config
</UL>

<P><STRONG><a name="[2e]"></a>_printf_input_char</STRONG> (Thumb, 10 bytes, Stack size 0 bytes, _printf_char_common.o(.text))
<BR>[Address Reference Count : 1]<UL><LI> _printf_char_common.o(.text)
</UL><P>
<H3>
Undefined Global Symbols
</H3>
<P><STRONG><a name="[67]"></a>_call_atexit_fns</STRONG> (ARM, 0 bytes, Stack size 0 bytes, UNDEFINED)
<BR><BR>[Called By]<UL><LI><a href="#[42]">&gt;&gt;</a>&nbsp;&nbsp;&nbsp;exit
</UL>

<P><STRONG><a name="[5e]"></a>_printf_mbtowc</STRONG> (ARM, 0 bytes, Stack size 0 bytes, UNDEFINED)
<BR><BR>[Called By]<UL><LI><a href="#[5d]">&gt;&gt;</a>&nbsp;&nbsp;&nbsp;_printf_cs_common
</UL>

<P><STRONG><a name="[4c]"></a>_printf_truncate_signed</STRONG> (ARM, 0 bytes, Stack size 0 bytes, UNDEFINED)
<BR><BR>[Called By]<UL><LI><a href="#[39]">&gt;&gt;</a>&nbsp;&nbsp;&nbsp;_printf_int_dec
</UL>

<P><STRONG><a name="[4d]"></a>_printf_truncate_unsigned</STRONG> (ARM, 0 bytes, Stack size 0 bytes, UNDEFINED)
<BR><BR>[Called By]<UL><LI><a href="#[39]">&gt;&gt;</a>&nbsp;&nbsp;&nbsp;_printf_int_dec
</UL>
<HR></body></html>
